Archive member included to satisfy reference by file (symbol)

C:\stm32_workspace\ai_demo\AI_Library\Lib/NetworkRuntime801_CM7_GCC.a(ai_platform.o)
                              CMakeFiles/ai_demo.elf.dir/AI_Library/App/network.c.obj (ai_buffer_array_item_set_address)
C:\stm32_workspace\ai_demo\AI_Library\Lib/NetworkRuntime801_CM7_GCC.a(ai_platform_interface.o)
                              CMakeFiles/ai_demo.elf.dir/AI_Library/App/network.c.obj (ai_platform_get_weights_map)
C:\stm32_workspace\ai_demo\AI_Library\Lib/NetworkRuntime801_CM7_GCC.a(core_mem_manager.o)
                              C:\stm32_workspace\ai_demo\AI_Library\Lib/NetworkRuntime801_CM7_GCC.a(ai_platform_interface.o) (core_mem_alloc)
C:\stm32_workspace\ai_demo\AI_Library\Lib/NetworkRuntime801_CM7_GCC.a(core_common.o)
                              C:\stm32_workspace\ai_demo\AI_Library\Lib/NetworkRuntime801_CM7_GCC.a(ai_platform_interface.o) (core_init)
C:\stm32_workspace\ai_demo\AI_Library\Lib/NetworkRuntime801_CM7_GCC.a(layers_conv2d_generic_float.o)
                              CMakeFiles/ai_demo.elf.dir/AI_Library/App/network.c.obj (forward_dense)
C:\stm32_workspace\ai_demo\AI_Library\Lib/NetworkRuntime801_CM7_GCC.a(layers_nl_generic_float.o)
                              CMakeFiles/ai_demo.elf.dir/AI_Library/App/network.c.obj (forward_relu)
C:\stm32_workspace\ai_demo\AI_Library\Lib/NetworkRuntime801_CM7_GCC.a(layers.o)
                              C:\stm32_workspace\ai_demo\AI_Library\Lib/NetworkRuntime801_CM7_GCC.a(ai_platform_interface.o) (ai_check_custom_types)
C:\stm32_workspace\ai_demo\AI_Library\Lib/NetworkRuntime801_CM7_GCC.a(lite_dense_if32.o)
                              C:\stm32_workspace\ai_demo\AI_Library\Lib/NetworkRuntime801_CM7_GCC.a(layers_conv2d_generic_float.o) (lite_dense_if32of32wf32)
C:\stm32_workspace\ai_demo\AI_Library\Lib/NetworkRuntime801_CM7_GCC.a(ai_math_helpers.o)
                              C:\stm32_workspace\ai_demo\AI_Library\Lib/NetworkRuntime801_CM7_GCC.a(layers_nl_generic_float.o) (ai_math_sqrt)
C:\stm32_workspace\ai_demo\AI_Library\Lib/NetworkRuntime801_CM7_GCC.a(st_convolve_reference.o)
                              C:\stm32_workspace\ai_demo\AI_Library\Lib/NetworkRuntime801_CM7_GCC.a(ai_math_helpers.o) (align_factor)
C:\stm32_workspace\ai_demo\AI_Library\Lib/NetworkRuntime801_CM7_GCC.a(arm_mat_init_f32.o)
                              C:\stm32_workspace\ai_demo\AI_Library\Lib/NetworkRuntime801_CM7_GCC.a(layers_conv2d_generic_float.o) (arm_mat_init_f32)
C:\stm32_workspace\ai_demo\AI_Library\Lib/NetworkRuntime801_CM7_GCC.a(ai_datatypes_internal.o)
                              C:\stm32_workspace\ai_demo\AI_Library\Lib/NetworkRuntime801_CM7_GCC.a(ai_platform_interface.o) (ai_version_get)
C:\stm32_workspace\ai_demo\AI_Library\Lib/NetworkRuntime801_CM7_GCC.a(ai_datatypes_format.o)
                              C:\stm32_workspace\ai_demo\AI_Library\Lib/NetworkRuntime801_CM7_GCC.a(ai_platform_interface.o) (ai_array_to_buffer_fmt)
C:\stm32_workspace\ai_demo\AI_Library\Lib/NetworkRuntime801_CM7_GCC.a(layers_conv2d_stm32_integer.o)
                              C:\stm32_workspace\ai_demo\AI_Library\Lib/NetworkRuntime801_CM7_GCC.a(layers.o) (get_conv2d_scratch_size)
C:\stm32_workspace\ai_demo\AI_Library\Lib/NetworkRuntime801_CM7_GCC.a(st_ssua8_convolve_dw.o)
                              C:\stm32_workspace\ai_demo\AI_Library\Lib/NetworkRuntime801_CM7_GCC.a(layers_conv2d_stm32_integer.o) (st_ssua8_conv_dw_Wadapt)
C:\stm32_workspace\ai_demo\AI_Library\Lib/NetworkRuntime801_CM7_GCC.a(st_uaua8_ch_convolve.o)
                              C:\stm32_workspace\ai_demo\AI_Library\Lib/NetworkRuntime801_CM7_GCC.a(layers_conv2d_stm32_integer.o) (st_uaua8_ch_convolve_rank1upd)
C:\stm32_workspace\ai_demo\AI_Library\Lib/NetworkRuntime801_CM7_GCC.a(st_ssua8_ch_convolve.o)
                              C:\stm32_workspace\ai_demo\AI_Library\Lib/NetworkRuntime801_CM7_GCC.a(layers_conv2d_stm32_integer.o) (st_ssua8_ch_convolve_rank1upd)
C:\stm32_workspace\ai_demo\AI_Library\Lib/NetworkRuntime801_CM7_GCC.a(st_uaua8_convolve.o)
                              C:\stm32_workspace\ai_demo\AI_Library\Lib/NetworkRuntime801_CM7_GCC.a(layers_conv2d_stm32_integer.o) (st_uaua8_convolve_rank1upd)
C:\stm32_workspace\ai_demo\AI_Library\Lib/NetworkRuntime801_CM7_GCC.a(st_ssua8_convolve.o)
                              C:\stm32_workspace\ai_demo\AI_Library\Lib/NetworkRuntime801_CM7_GCC.a(layers_conv2d_stm32_integer.o) (st_ssua8_convolve_rank1upd)
C:\stm32_workspace\ai_demo\AI_Library\Lib/NetworkRuntime801_CM7_GCC.a(st_uaua8_ch_convolve_rgb.o)
                              C:\stm32_workspace\ai_demo\AI_Library\Lib/NetworkRuntime801_CM7_GCC.a(layers_conv2d_stm32_integer.o) (st_uaua8_ch_convolve_rgb)
C:\stm32_workspace\ai_demo\AI_Library\Lib/NetworkRuntime801_CM7_GCC.a(st_uaua8_ch_convolve_dw.o)
[...]
Memory Configuration

Name             Origin             Length             Attributes
ITCMRAM          0x00000000         0x00010000         xrw
DTCMRAM          0x20000000         0x00020000         xrw
FLASH            0x08000000         0x00100000         xr
RAM_D1           0x24000000         0x00050000         xrw
RAM_D2           0x30000000         0x00008000         xrw
RAM_D3           0x38000000         0x00004000         xrw
*default*        0x00000000         0xffffffff

Linker script and memory map

LOAD c:/cube_clion/gcc-arm-none-eabi-10.3-2021.10/bin/../lib/gcc/arm-none-eabi/10.3.1/thumb/v7e-m+fp/hard/crti.o
LOAD c:/cube_clion/gcc-arm-none-eabi-10.3-2021.10/bin/../lib/gcc/arm-none-eabi/10.3.1/thumb/v7e-m+fp/hard/crtbegin.o
LOAD c:/cube_clion/gcc-arm-none-eabi-10.3-2021.10/bin/../lib/gcc/arm-none-eabi/10.3.1/../../../../arm-none-eabi/lib/thumb/v7e-m+fp/hard/crt0.o
LOAD CMakeFiles/ai_demo.elf.dir/AI_Library/App/network.c.obj
LOAD CMakeFiles/ai_demo.elf.dir/AI_Library/App/network_data.c.obj
LOAD CMakeFiles/ai_demo.elf.dir/AI_Library/App/network_data_params.c.obj
LOAD CMakeFiles/ai_demo.elf.dir/Code/ai_app.c.obj
LOAD CMakeFiles/ai_demo.elf.dir/Code/all_init.c.obj
LOAD CMakeFiles/ai_demo.elf.dir/Code/basicfunction.c.obj
LOAD CMakeFiles/ai_demo.elf.dir/Code/esp8266.c.obj
LOAD CMakeFiles/ai_demo.elf.dir/Code/tim_callback.c.obj
LOAD CMakeFiles/ai_demo.elf.dir/Code/uart_callback.c.obj
LOAD CMakeFiles/ai_demo.elf.dir/Code/usart_printf.c.obj
LOAD CMakeFiles/ai_demo.elf.dir/Core/Src/crc.c.obj
LOAD CMakeFiles/ai_demo.elf.dir/Core/Src/dts.c.obj
LOAD CMakeFiles/ai_demo.elf.dir/Core/Src/gpio.c.obj
LOAD CMakeFiles/ai_demo.elf.dir/Core/Src/main.c.obj
LOAD CMakeFiles/ai_demo.elf.dir/Core/Src/stm32h7xx_hal_msp.c.obj
LOAD CMakeFiles/ai_demo.elf.dir/Core/Src/stm32h7xx_it.c.obj
LOAD CMakeFiles/ai_demo.elf.dir/Core/Src/syscalls.c.obj
LOAD CMakeFiles/ai_demo.elf.dir/Core/Src/sysmem.c.obj
LOAD CMakeFiles/ai_demo.elf.dir/Core/Src/system_stm32h7xx.c.obj
LOAD CMakeFiles/ai_demo.elf.dir/Core/Src/tim.c.obj
LOAD CMakeFiles/ai_demo.elf.dir/Core/Src/usart.c.obj
LOAD CMakeFiles/ai_demo.elf.dir/Core/Startup/startup_stm32h723zgtx.s.obj
LOAD CMakeFiles/ai_demo.elf.dir/Drivers/STM32H7xx_HAL_Driver/Src/stm32h7xx_hal.c.obj
LOAD CMakeFiles/ai_demo.elf.dir/Drivers/STM32H7xx_HAL_Driver/Src/stm32h7xx_hal_cortex.c.obj
LOAD CMakeFiles/ai_demo.elf.dir/Drivers/STM32H7xx_HAL_Driver/Src/stm32h7xx_hal_crc.c.obj
LOAD CMakeFiles/ai_demo.elf.dir/Drivers/STM32H7xx_HAL_Driver/Src/stm32h7xx_hal_crc_ex.c.obj
LOAD CMakeFiles/ai_demo.elf.dir/Drivers/STM32H7xx_HAL_Driver/Src/stm32h7xx_hal_dma.c.obj
LOAD CMakeFiles/ai_demo.elf.dir/Drivers/STM32H7xx_HAL_Driver/Src/stm32h7xx_hal_dma_ex.c.obj
LOAD CMakeFiles/ai_demo.elf.dir/Drivers/STM32H7xx_HAL_Driver/Src/stm32h7xx_hal_dts.c.obj
LOAD CMakeFiles/ai_demo.elf.dir/Drivers/STM32H7xx_HAL_Driver/Src/stm32h7xx_hal_exti.c.obj
LOAD CMakeFiles/ai_demo.elf.dir/Drivers/STM32H7xx_HAL_Driver/Src/stm32h7xx_hal_flash.c.obj
LOAD CMakeFiles/ai_demo.elf.dir/Drivers/STM32H7xx_HAL_Driver/Src/stm32h7xx_hal_flash_ex.c.obj
LOAD CMakeFiles/ai_demo.elf.dir/Drivers/STM32H7xx_HAL_Driver/Src/stm32h7xx_hal_gpio.c.obj
LOAD CMakeFiles/ai_demo.elf.dir/Drivers/STM32H7xx_HAL_Driver/Src/stm32h7xx_hal_hsem.c.obj
LOAD CMakeFiles/ai_demo.elf.dir/Drivers/STM32H7xx_HAL_Driver/Src/stm32h7xx_hal_i2c.c.obj
LOAD CMakeFiles/ai_demo.elf.dir/Drivers/STM32H7xx_HAL_Driver/Src/stm32h7xx_hal_i2c_ex.c.obj
LOAD CMakeFiles/ai_demo.elf.dir/Drivers/STM32H7xx_HAL_Driver/Src/stm32h7xx_hal_mdma.c.obj
LOAD CMakeFiles/ai_demo.elf.dir/Drivers/STM32H7xx_HAL_Driver/Src/stm32h7xx_hal_pwr.c.obj
LOAD CMakeFiles/ai_demo.elf.dir/Drivers/STM32H7xx_HAL_Driver/Src/stm32h7xx_hal_pwr_ex.c.obj
LOAD CMakeFiles/ai_demo.elf.dir/Drivers/STM32H7xx_HAL_Driver/Src/stm32h7xx_hal_rcc.c.obj
LOAD CMakeFiles/ai_demo.elf.dir/Drivers/STM32H7xx_HAL_Driver/Src/stm32h7xx_hal_rcc_ex.c.obj
LOAD CMakeFiles/ai_demo.elf.dir/Drivers/STM32H7xx_HAL_Driver/Src/stm32h7xx_hal_tim.c.obj
LOAD CMakeFiles/ai_demo.elf.dir/Drivers/STM32H7xx_HAL_Driver/Src/stm32h7xx_hal_tim_ex.c.obj
LOAD CMakeFiles/ai_demo.elf.dir/Drivers/STM32H7xx_HAL_Driver/Src/stm32h7xx_hal_uart.c.obj
LOAD CMakeFiles/ai_demo.elf.dir/Drivers/STM32H7xx_HAL_Driver/Src/stm32h7xx_hal_uart_ex.c.obj
LOAD C:\stm32_workspace\ai_demo\AI_Library\Lib/NetworkRuntime801_CM7_GCC.a
START GROUP
LOAD c:/cube_clion/gcc-arm-none-eabi-10.3-2021.10/bin/../lib/gcc/arm-none-eabi/10.3.1/thumb/v7e-m+fp/hard\libgcc.a
LOAD c:/cube_clion/gcc-arm-none-eabi-10.3-2021.10/bin/../lib/gcc/arm-none-eabi/10.3.1/../../../../arm-none-eabi/lib/thumb/v7e-m+fp/hard\libg.a
LOAD c:/cube_clion/gcc-arm-none-eabi-10.3-2021.10/bin/../lib/gcc/arm-none-eabi/10.3.1/../../../../arm-none-eabi/lib/thumb/v7e-m+fp/hard\libc.a
END GROUP
LOAD c:/cube_clion/gcc-arm-none-eabi-10.3-2021.10/bin/../lib/gcc/arm-none-eabi/10.3.1/thumb/v7e-m+fp/hard/crtend.o
LOAD c:/cube_clion/gcc-arm-none-eabi-10.3-2021.10/bin/../lib/gcc/arm-none-eabi/10.3.1/thumb/v7e-m+fp/hard/crtn.o
                0x24050000                _estack = (ORIGIN (RAM_D1) + LENGTH (RAM_D1))
                0x00000200                _Min_Heap_Size = 0x200
                0x00000400                _Min_Stack_Size = 0x400

.isr_vector     0x08000000      0x2cc
                0x08000000                . = ALIGN (0x4)
 *(.isr_vector)
 .isr_vector    0x08000000      0x2cc CMakeFiles/ai_demo.elf.dir/Core/Startup/startup_stm32h723zgtx.s.obj
                0x08000000                g_pfnVectors
                0x080002cc                . = ALIGN (0x4)

.text           0x08000300     0xece8
                0x08000300                . = ALIGN (0x4)
 *(.text)
 .text          0x08000300       0x40 c:/cube_clion/gcc-arm-none-eabi-10.3-2021.10/bin/../lib/gcc/arm-none-eabi/10.3.1/thumb/v7e-m+fp/hard/crtbegin.o
 .text          0x08000340      0x378 c:/cube_clion/gcc-arm-none-eabi-10.3-2021.10/bin/../lib/gcc/arm-none-eabi/10.3.1/thumb/v7e-m+fp/hard\libgcc.a(_arm_addsubdf3.o)
                0x08000340                __aeabi_drsub
                0x08000348                __aeabi_dsub
                0x08000348                __subdf3
                0x0800034c                __aeabi_dadd
                0x0800034c                __adddf3
                0x080005c4                __floatunsidf
                0x080005c4                __aeabi_ui2d
                0x080005e4                __floatsidf
                0x080005e4                __aeabi_i2d
                0x08000608                __aeabi_f2d
                0x08000608                __extendsfdf2
                0x0800064c                __floatundidf
                0x0800064c                __aeabi_ul2d
                0x0800065c                __floatdidf
                0x0800065c                __aeabi_l2d
 .text          0x080006b8       0x30 c:/cube_clion/gcc-arm-none-eabi-10.3-2021.10/bin/../lib/gcc/arm-none-eabi/10.3.1/thumb/v7e-m+fp/hard\libgcc.a(_aeabi_uldivmod.o)
                0x080006b8                __aeabi_uldivmod
 .text          0x080006e8      0x2d0 c:/cube_clion/gcc-arm-none-eabi-10.3-2021.10/bin/../lib/gcc/arm-none-eabi/10.3.1/thumb/v7e-m+fp/hard\libgcc.a(_udivmoddi4.o)
                0x080006e8                __udivmoddi4
 .text          0x080009b8        0x4 c:/cube_clion/gcc-arm-none-eabi-10.3-2021.10/bin/../lib/gcc/arm-none-eabi/10.3.1/thumb/v7e-m+fp/hard\libgcc.a(_dvmd_tls.o)
                0x080009b8                __aeabi_idiv0
                0x080009b8                __aeabi_ldiv0
 .text          0x080009bc      0x134 c:/cube_clion/gcc-arm-none-eabi-10.3-2021.10/bin/../lib/gcc/arm-none-eabi/10.3.1/../../../../arm-none-eabi/lib/thumb/v7e-m+fp/hard\libg.a(lib_a-memcpy.o)
                0x080009bc                memcpy
 *fill*         0x08000af0       0x10 
 .text          0x08000b00       0xdc c:/cube_clion/gcc-arm-none-eabi-10.3-2021.10/bin/../lib/gcc/arm-none-eabi/10.3.1/../../../../arm-none-eabi/lib/thumb/v7e-m+fp/hard\libg.a(lib_a-strlen.o)
                0x08000b00                strlen
 *fill*         0x08000bdc        0x4 
 .text          0x08000be0       0xa0 c:/cube_clion/gcc-arm-none-eabi-10.3-2021.10/bin/../lib/gcc/arm-none-eabi/10.3.1/../../../../arm-none-eabi/lib/thumb/v7e-m+fp/hard\libg.a(lib_a-memchr.o)
                0x08000be0                memchr
 .text          0x08000c80      0x424 c:/cube_clion/gcc-arm-none-eabi-10.3-2021.10/bin/../lib/gcc/arm-none-eabi/10.3.1/thumb/v7e-m+fp/hard\libgcc.a(_arm_muldivdf3.o)
                0x08000c80                __aeabi_dmul
                0x08000c80                __muldf3
                0x08000ed4                __divdf3
                0x08000ed4                __aeabi_ddiv
 .text          0x080010a4      0x110 c:/cube_clion/gcc-arm-none-eabi-10.3-2021.10/bin/../lib/gcc/arm-none-eabi/10.3.1/thumb/v7e-m+fp/hard\libgcc.a(_arm_cmpdf2.o)
                0x080010a4                __gtdf2
                0x080010a4                __gedf2
                0x080010ac                __ltdf2
                0x080010ac                __ledf2
                0x080010b4                __nedf2
                0x080010b4                __eqdf2
                0x080010b4                __cmpdf2
                0x08001130                __aeabi_cdrcmple
                0x08001140                __aeabi_cdcmpeq
                0x08001140                __aeabi_cdcmple
                0x08001150                __aeabi_dcmpeq
                0x08001164                __aeabi_dcmplt
                0x08001178                __aeabi_dcmple
                0x0800118c                __aeabi_dcmpge
                0x080011a0                __aeabi_dcmpgt
 .text          0x080011b4       0x2c c:/cube_clion/gcc-arm-none-eabi-10.3-2021.10/bin/../lib/gcc/arm-none-eabi/10.3.1/thumb/v7e-m+fp/hard\libgcc.a(_arm_unorddf2.o)
                0x080011b4                __unorddf2
                0x080011b4                __aeabi_dcmpun
 .text          0x080011e0       0x50 c:/cube_clion/gcc-arm-none-eabi-10.3-2021.10/bin/../lib/gcc/arm-none-eabi/10.3.1/thumb/v7e-m+fp/hard\libgcc.a(_arm_fixdfsi.o)
                0x080011e0                __aeabi_d2iz
                0x080011e0                __fixdfsi
 *(.text*)
 .text.ai_network_get_error
                0x08001230        0x8 CMakeFiles/ai_demo.elf.dir/AI_Library/App/network.c.obj
                0x08001230                ai_network_get_error
 .text.ai_network_create
                0x08001238       0x20 CMakeFiles/ai_demo.elf.dir/AI_Library/App/network.c.obj
                0x08001238                ai_network_create
 .text.ai_network_inputs_get
                0x08001258       0x20 CMakeFiles/ai_demo.elf.dir/AI_Library/App/network.c.obj
                0x08001258                ai_network_inputs_get
 .text.ai_network_outputs_get
                0x08001278       0x20 CMakeFiles/ai_demo.elf.dir/AI_Library/App/network.c.obj
                0x08001278                ai_network_outputs_get
 .text.ai_network_init
                0x08001298      0x184 CMakeFiles/ai_demo.elf.dir/AI_Library/App/network.c.obj
                0x08001298                ai_network_init
 .text.ai_network_create_and_init
                0x0800141c       0x84 CMakeFiles/ai_demo.elf.dir/AI_Library/App/network.c.obj
                0x0800141c                ai_network_create_and_init
 .text.ai_network_run
                0x080014a0        0x8 CMakeFiles/ai_demo.elf.dir/AI_Library/App/network.c.obj
                0x080014a0                ai_network_run
 .text.ai_network_data_params_get
                0x080014a8       0x38 CMakeFiles/ai_demo.elf.dir/AI_Library/App/network_data.c.obj
                0x080014a8                ai_network_data_params_get
 .text.ai_init  0x080014e0       0x58 CMakeFiles/ai_demo.elf.dir/Code/ai_app.c.obj
                0x080014e0                ai_init
 .text.ai_run   0x08001538       0x48 CMakeFiles/ai_demo.elf.dir/Code/ai_app.c.obj
                0x08001538                ai_run
 .text.argmax   0x08001580       0x2e CMakeFiles/ai_demo.elf.dir/Code/ai_app.c.obj
                0x08001580                argmax
 *fill*         0x080015ae        0x2 
 .text.ai_val   0x080015b0       0xbc CMakeFiles/ai_demo.elf.dir/Code/ai_app.c.obj
                0x080015b0                ai_val
 .text.usart_ai_run
                0x0800166c       0x70 CMakeFiles/ai_demo.elf.dir/Code/ai_app.c.obj
                0x0800166c                usart_ai_run
 .text.all_init
                0x080016dc       0x4c CMakeFiles/ai_demo.elf.dir/Code/all_init.c.obj
                0x080016dc                all_init
 .text.uint8_len
                0x08001728       0x10 CMakeFiles/ai_demo.elf.dir/Code/basicfunction.c.obj
                0x08001728                uint8_len
 .text.HAL_TIM_PeriodElapsedCallback
                0x08001738       0x1c CMakeFiles/ai_demo.elf.dir/Code/tim_callback.c.obj
                0x08001738                HAL_TIM_PeriodElapsedCallback
 .text.HAL_UART_RxCpltCallback
                0x08001754       0x68 CMakeFiles/ai_demo.elf.dir/Code/uart_callback.c.obj
                0x08001754                HAL_UART_RxCpltCallback
 .text.__io_putchar
                0x080017bc       0x20 CMakeFiles/ai_demo.elf.dir/Code/usart_printf.c.obj
                0x080017bc                __io_putchar
 .text.usart1_printf
                0x080017dc       0x1c CMakeFiles/ai_demo.elf.dir/Code/usart_printf.c.obj
                0x080017dc                usart1_printf
 .text.MX_CRC_Init
                0x080017f8       0x2c CMakeFiles/ai_demo.elf.dir/Core/Src/crc.c.obj
                0x080017f8                MX_CRC_Init
 .text.HAL_CRC_MspInit
                0x08001824       0x30 CMakeFiles/ai_demo.elf.dir/Core/Src/crc.c.obj
                0x08001824                HAL_CRC_MspInit
 .text.MX_DTS_Init
                0x08001854       0x34 CMakeFiles/ai_demo.elf.dir/Core/Src/dts.c.obj
                0x08001854                MX_DTS_Init
 .text.HAL_DTS_MspInit
                0x08001888       0x30 CMakeFiles/ai_demo.elf.dir/Core/Src/dts.c.obj
                0x08001888                HAL_DTS_MspInit
 .text.MX_GPIO_Init
                0x080018b8       0x8c CMakeFiles/ai_demo.elf.dir/Core/Src/gpio.c.obj
                0x080018b8                MX_GPIO_Init
 .text.Error_Handler
                0x08001944        0x4 CMakeFiles/ai_demo.elf.dir/Core/Src/main.c.obj
                0x08001944                Error_Handler
 .text.SystemClock_Config
                0x08001948       0xac CMakeFiles/ai_demo.elf.dir/Core/Src/main.c.obj
                0x08001948                SystemClock_Config
 .text.main     0x080019f4       0x34 CMakeFiles/ai_demo.elf.dir/Core/Src/main.c.obj
                0x080019f4                main
 .text.HAL_MspInit
                0x08001a28       0x24 CMakeFiles/ai_demo.elf.dir/Core/Src/stm32h7xx_hal_msp.c.obj
                0x08001a28                HAL_MspInit
 .text.NMI_Handler
                0x08001a4c        0x2 CMakeFiles/ai_demo.elf.dir/Core/Src/stm32h7xx_it.c.obj
                0x08001a4c                NMI_Handler
 .text.HardFault_Handler
                0x08001a4e        0x2 CMakeFiles/ai_demo.elf.dir/Core/Src/stm32h7xx_it.c.obj
                0x08001a4e                HardFault_Handler
 .text.MemManage_Handler
                0x08001a50        0x2 CMakeFiles/ai_demo.elf.dir/Core/Src/stm32h7xx_it.c.obj
                0x08001a50                MemManage_Handler
 .text.BusFault_Handler
                0x08001a52        0x2 CMakeFiles/ai_demo.elf.dir/Core/Src/stm32h7xx_it.c.obj
                0x08001a52                BusFault_Handler
 .text.UsageFault_Handler
                0x08001a54        0x2 CMakeFiles/ai_demo.elf.dir/Core/Src/stm32h7xx_it.c.obj
                0x08001a54                UsageFault_Handler
 .text.SVC_Handler
                0x08001a56        0x2 CMakeFiles/ai_demo.elf.dir/Core/Src/stm32h7xx_it.c.obj
                0x08001a56                SVC_Handler
 .text.DebugMon_Handler
                0x08001a58        0x2 CMakeFiles/ai_demo.elf.dir/Core/Src/stm32h7xx_it.c.obj
                0x08001a58                DebugMon_Handler
 .text.PendSV_Handler
                0x08001a5a        0x2 CMakeFiles/ai_demo.elf.dir/Core/Src/stm32h7xx_it.c.obj
                0x08001a5a                PendSV_Handler
 .text.SysTick_Handler
                0x08001a5c        0x8 CMakeFiles/ai_demo.elf.dir/Core/Src/stm32h7xx_it.c.obj
                0x08001a5c                SysTick_Handler
 .text.USART1_IRQHandler
                0x08001a64       0x20 CMakeFiles/ai_demo.elf.dir/Core/Src/stm32h7xx_it.c.obj
                0x08001a64                USART1_IRQHandler
 .text.USART2_IRQHandler
                0x08001a84       0x20 CMakeFiles/ai_demo.elf.dir/Core/Src/stm32h7xx_it.c.obj
                0x08001a84                USART2_IRQHandler
 .text.TIM6_DAC_IRQHandler
                0x08001aa4       0x10 CMakeFiles/ai_demo.elf.dir/Core/Src/stm32h7xx_it.c.obj
                0x08001aa4                TIM6_DAC_IRQHandler
 .text._getpid  0x08001ab4        0x4 CMakeFiles/ai_demo.elf.dir/Core/Src/syscalls.c.obj
                0x08001ab4                _getpid
 .text._kill    0x08001ab8       0x10 CMakeFiles/ai_demo.elf.dir/Core/Src/syscalls.c.obj
                0x08001ab8                _kill
 .text._exit    0x08001ac8        0xc CMakeFiles/ai_demo.elf.dir/Core/Src/syscalls.c.obj
                0x08001ac8                _exit
 .text._read    0x08001ad4       0x20 CMakeFiles/ai_demo.elf.dir/Core/Src/syscalls.c.obj
                0x08001ad4                _read
 .text._write   0x08001af4       0x1c CMakeFiles/ai_demo.elf.dir/Core/Src/syscalls.c.obj
                0x08001af4                _write
 .text._close   0x08001b10        0x6 CMakeFiles/ai_demo.elf.dir/Core/Src/syscalls.c.obj
                0x08001b10                _close
 .text._fstat   0x08001b16        0xa CMakeFiles/ai_demo.elf.dir/Core/Src/syscalls.c.obj
                0x08001b16                _fstat
 .text._isatty  0x08001b20        0x4 CMakeFiles/ai_demo.elf.dir/Core/Src/syscalls.c.obj
                0x08001b20                _isatty
 .text._lseek   0x08001b24        0x4 CMakeFiles/ai_demo.elf.dir/Core/Src/syscalls.c.obj
                0x08001b24                _lseek
 .text._sbrk    0x08001b28       0x48 CMakeFiles/ai_demo.elf.dir/Core/Src/sysmem.c.obj
                0x08001b28                _sbrk
 .text.SystemInit
                0x08001b70       0xac CMakeFiles/ai_demo.elf.dir/Core/Src/system_stm32h7xx.c.obj
                0x08001b70                SystemInit
 .text.MX_TIM6_Init
                0x08001c1c       0x54 CMakeFiles/ai_demo.elf.dir/Core/Src/tim.c.obj
                0x08001c1c                MX_TIM6_Init
 .text.HAL_TIM_Base_MspInit
                0x08001c70       0x48 CMakeFiles/ai_demo.elf.dir/Core/Src/tim.c.obj
                0x08001c70                HAL_TIM_Base_MspInit
 .text.MX_USART1_UART_Init
                0x08001cb8       0x68 CMakeFiles/ai_demo.elf.dir/Core/Src/usart.c.obj
                0x08001cb8                MX_USART1_UART_Init
 .text.MX_USART2_UART_Init
                0x08001d20       0x68 CMakeFiles/ai_demo.elf.dir/Core/Src/usart.c.obj
                0x08001d20                MX_USART2_UART_Init
 .text.HAL_UART_MspInit
                0x08001d88      0x128 CMakeFiles/ai_demo.elf.dir/Core/Src/usart.c.obj
                0x08001d88                HAL_UART_MspInit
 .text.Reset_Handler
                0x08001eb0       0x50 CMakeFiles/ai_demo.elf.dir/Core/Startup/startup_stm32h723zgtx.s.obj
                0x08001eb0                Reset_Handler
 .text.Default_Handler
                0x08001f00        0x2 CMakeFiles/ai_demo.elf.dir/Core/Startup/startup_stm32h723zgtx.s.obj
                0x08001f00                RTC_Alarm_IRQHandler
                0x08001f00                EXTI2_IRQHandler
                0x08001f00                TIM8_CC_IRQHandler
                0x08001f00                UART8_IRQHandler
                0x08001f00                SPI4_IRQHandler
                0x08001f00                FDCAN3_IT0_IRQHandler
                0x08001f00                TIM1_CC_IRQHandler
                0x08001f00                BDMA_Channel6_IRQHandler
                0x08001f00                DMA2_Stream5_IRQHandler
                0x08001f00                DMA1_Stream5_IRQHandler
                0x08001f00                CORDIC_IRQHandler
                0x08001f00                BDMA_Channel1_IRQHandler
                0x08001f00                TAMP_STAMP_IRQHandler
                0x08001f00                EXTI3_IRQHandler
                0x08001f00                LPTIM4_IRQHandler
                0x08001f00                TIM8_TRG_COM_TIM14_IRQHandler
                0x08001f00                LPTIM2_IRQHandler
                0x08001f00                DFSDM1_FLT1_IRQHandler
                0x08001f00                DMAMUX2_OVR_IRQHandler
                0x08001f00                TIM8_UP_TIM13_IRQHandler
                0x08001f00                I2C3_ER_IRQHandler
                0x08001f00                DFSDM1_FLT2_IRQHandler
                0x08001f00                I2C5_EV_IRQHandler
                0x08001f00                USART10_IRQHandler
                0x08001f00                MDMA_IRQHandler
                0x08001f00                LPTIM3_IRQHandler
                0x08001f00                HSEM1_IRQHandler
                0x08001f00                EXTI0_IRQHandler
                0x08001f00                I2C2_EV_IRQHandler
                0x08001f00                DMA1_Stream2_IRQHandler
                0x08001f00                FPU_IRQHandler
                0x08001f00                OTG_HS_WKUP_IRQHandler
                0x08001f00                FDCAN1_IT1_IRQHandler
                0x08001f00                LTDC_ER_IRQHandler
                0x08001f00                DMA2_Stream2_IRQHandler
                0x08001f00                SPI1_IRQHandler
                0x08001f00                OCTOSPI1_IRQHandler
                0x08001f00                DMA2_Stream3_IRQHandler
                0x08001f00                OCTOSPI2_IRQHandler
                0x08001f00                DFSDM1_FLT3_IRQHandler
                0x08001f00                TIM23_IRQHandler
                0x08001f00                USART6_IRQHandler
                0x08001f00                TIM17_IRQHandler
                0x08001f00                USART3_IRQHandler
                0x08001f00                BDMA_Channel7_IRQHandler
                0x08001f00                LPTIM5_IRQHandler
                0x08001f00                UART5_IRQHandler
                0x08001f00                ADC3_IRQHandler
                0x08001f00                DMA2_Stream0_IRQHandler
                0x08001f00                TIM4_IRQHandler
                0x08001f00                BDMA_Channel2_IRQHandler
                0x08001f00                I2C1_EV_IRQHandler
                0x08001f00                DMA1_Stream6_IRQHandler
                0x08001f00                DMAMUX1_OVR_IRQHandler
                0x08001f00                DMA1_Stream1_IRQHandler
                0x08001f00                TIM16_IRQHandler
                0x08001f00                UART4_IRQHandler
                0x08001f00                BDMA_Channel5_IRQHandler
                0x08001f00                TIM3_IRQHandler
                0x08001f00                RCC_IRQHandler
                0x08001f00                UART9_IRQHandler
                0x08001f00                TIM8_BRK_TIM12_IRQHandler
                0x08001f00                TIM1_TRG_COM_IRQHandler
                0x08001f00                Default_Handler
                0x08001f00                ECC_IRQHandler
                0x08001f00                FMAC_IRQHandler
                0x08001f00                CEC_IRQHandler
                0x08001f00                EXTI15_10_IRQHandler
                0x08001f00                BDMA_Channel0_IRQHandler
                0x08001f00                ADC_IRQHandler
                0x08001f00                I2C5_ER_IRQHandler
                0x08001f00                DMA1_Stream7_IRQHandler
                0x08001f00                SPI5_IRQHandler
                0x08001f00                TIM7_IRQHandler
                0x08001f00                FDCAN3_IT1_IRQHandler
                0x08001f00                SDMMC1_IRQHandler
                0x08001f00                TIM5_IRQHandler
                0x08001f00                DMA2_Stream7_IRQHandler
                0x08001f00                TIM15_IRQHandler
                0x08001f00                PVD_AVD_IRQHandler
                0x08001f00                I2C3_EV_IRQHandler
                0x08001f00                EXTI9_5_IRQHandler
                0x08001f00                RTC_WKUP_IRQHandler
                0x08001f00                LTDC_IRQHandler
                0x08001f00                ETH_WKUP_IRQHandler
                0x08001f00                SPDIF_RX_IRQHandler
                0x08001f00                SPI2_IRQHandler
                0x08001f00                OTG_HS_EP1_IN_IRQHandler
                0x08001f00                DMA1_Stream0_IRQHandler
                0x08001f00                TIM24_IRQHandler
                0x08001f00                CRS_IRQHandler
                0x08001f00                EXTI4_IRQHandler
                0x08001f00                RNG_IRQHandler
                0x08001f00                FDCAN2_IT1_IRQHandler
                0x08001f00                ETH_IRQHandler
                0x08001f00                TIM1_UP_IRQHandler
                0x08001f00                BDMA_Channel4_IRQHandler
                0x08001f00                OTG_HS_EP1_OUT_IRQHandler
                0x08001f00                WWDG_IRQHandler
                0x08001f00                SPI6_IRQHandler
                0x08001f00                MDIOS_IRQHandler
                0x08001f00                I2C4_EV_IRQHandler
                0x08001f00                FDCAN2_IT0_IRQHandler
                0x08001f00                LPUART1_IRQHandler
                0x08001f00                FDCAN1_IT0_IRQHandler
                0x08001f00                TIM2_IRQHandler
                0x08001f00                OTG_HS_IRQHandler
                0x08001f00                DMA2D_IRQHandler
                0x08001f00                TIM1_BRK_IRQHandler
                0x08001f00                EXTI1_IRQHandler
                0x08001f00                SDMMC2_IRQHandler
                0x08001f00                BDMA_Channel3_IRQHandler
                0x08001f00                DTS_IRQHandler
                0x08001f00                UART7_IRQHandler
                0x08001f00                MDIOS_WKUP_IRQHandler
                0x08001f00                DFSDM1_FLT0_IRQHandler
                0x08001f00                SAI4_IRQHandler
                0x08001f00                I2C2_ER_IRQHandler
                0x08001f00                DMA2_Stream1_IRQHandler
                0x08001f00                FLASH_IRQHandler
                0x08001f00                DMA2_Stream4_IRQHandler
                0x08001f00                SPI3_IRQHandler
                0x08001f00                WAKEUP_PIN_IRQHandler
                0x08001f00                DMA1_Stream4_IRQHandler
                0x08001f00                I2C1_ER_IRQHandler
                0x08001f00                FMC_IRQHandler
                0x08001f00                FDCAN_CAL_IRQHandler
                0x08001f00                SWPMI1_IRQHandler
                0x08001f00                COMP1_IRQHandler
                0x08001f00                LPTIM1_IRQHandler
                0x08001f00                DCMI_PSSI_IRQHandler
                0x08001f00                I2C4_ER_IRQHandler
                0x08001f00                DMA2_Stream6_IRQHandler
                0x08001f00                SAI1_IRQHandler
                0x08001f00                DMA1_Stream3_IRQHandler
 *fill*         0x08001f02        0x2 
 .text.HAL_InitTick
                0x08001f04       0x50 CMakeFiles/ai_demo.elf.dir/Drivers/STM32H7xx_HAL_Driver/Src/stm32h7xx_hal.c.obj
                0x08001f04                HAL_InitTick
 .text.HAL_Init
                0x08001f54       0x5c CMakeFiles/ai_demo.elf.dir/Drivers/STM32H7xx_HAL_Driver/Src/stm32h7xx_hal.c.obj
                0x08001f54                HAL_Init
 .text.HAL_IncTick
                0x08001fb0       0x18 CMakeFiles/ai_demo.elf.dir/Drivers/STM32H7xx_HAL_Driver/Src/stm32h7xx_hal.c.obj
                0x08001fb0                HAL_IncTick
 .text.HAL_GetTick
                0x08001fc8        0xc CMakeFiles/ai_demo.elf.dir/Drivers/STM32H7xx_HAL_Driver/Src/stm32h7xx_hal.c.obj
                0x08001fc8                HAL_GetTick
 .text.HAL_Delay
                0x08001fd4       0x28 CMakeFiles/ai_demo.elf.dir/Drivers/STM32H7xx_HAL_Driver/Src/stm32h7xx_hal.c.obj
                0x08001fd4                HAL_Delay
 .text.HAL_NVIC_SetPriorityGrouping
                0x08001ffc       0x24 CMakeFiles/ai_demo.elf.dir/Drivers/STM32H7xx_HAL_Driver/Src/stm32h7xx_hal_cortex.c.obj
                0x08001ffc                HAL_NVIC_SetPriorityGrouping
 .text.HAL_NVIC_SetPriority
                0x08002020       0x6c CMakeFiles/ai_demo.elf.dir/Drivers/STM32H7xx_HAL_Driver/Src/stm32h7xx_hal_cortex.c.obj
                0x08002020                HAL_NVIC_SetPriority
 .text.HAL_NVIC_EnableIRQ
                0x0800208c       0x1c CMakeFiles/ai_demo.elf.dir/Drivers/STM32H7xx_HAL_Driver/Src/stm32h7xx_hal_cortex.c.obj
                0x0800208c                HAL_NVIC_EnableIRQ
 .text.HAL_SYSTICK_Config
                0x080020a8       0x28 CMakeFiles/ai_demo.elf.dir/Drivers/STM32H7xx_HAL_Driver/Src/stm32h7xx_hal_cortex.c.obj
                0x080020a8                HAL_SYSTICK_Config
 .text.HAL_CRC_Init
                0x080020d0       0x80 CMakeFiles/ai_demo.elf.dir/Drivers/STM32H7xx_HAL_Driver/Src/stm32h7xx_hal_crc.c.obj
                0x080020d0                HAL_CRC_Init
 .text.HAL_CRCEx_Polynomial_Set
                0x08002150       0x78 CMakeFiles/ai_demo.elf.dir/Drivers/STM32H7xx_HAL_Driver/Src/stm32h7xx_hal_crc_ex.c.obj
                0x08002150                HAL_CRCEx_Polynomial_Set
 .text.HAL_DMA_Abort
                0x080021c8      0x340 CMakeFiles/ai_demo.elf.dir/Drivers/STM32H7xx_HAL_Driver/Src/stm32h7xx_hal_dma.c.obj
                0x080021c8                HAL_DMA_Abort
 .text.HAL_DMA_Abort_IT
                0x08002508      0x270 CMakeFiles/ai_demo.elf.dir/Drivers/STM32H7xx_HAL_Driver/Src/stm32h7xx_hal_dma.c.obj
                0x08002508                HAL_DMA_Abort_IT
 .text.HAL_DTS_Init
                0x08002778       0xd0 CMakeFiles/ai_demo.elf.dir/Drivers/STM32H7xx_HAL_Driver/Src/stm32h7xx_hal_dts.c.obj
                0x08002778                HAL_DTS_Init
 .text.HAL_DTS_Start
                0x08002848       0x68 CMakeFiles/ai_demo.elf.dir/Drivers/STM32H7xx_HAL_Driver/Src/stm32h7xx_hal_dts.c.obj
                0x08002848                HAL_DTS_Start
 .text.HAL_GPIO_Init
                0x080028b0      0x214 CMakeFiles/ai_demo.elf.dir/Drivers/STM32H7xx_HAL_Driver/Src/stm32h7xx_hal_gpio.c.obj
                0x080028b0                HAL_GPIO_Init
 .text.HAL_GPIO_WritePin
                0x08002ac4        0xc CMakeFiles/ai_demo.elf.dir/Drivers/STM32H7xx_HAL_Driver/Src/stm32h7xx_hal_gpio.c.obj
                0x08002ac4                HAL_GPIO_WritePin
 .text.HAL_GPIO_TogglePin
                0x08002ad0       0x12 CMakeFiles/ai_demo.elf.dir/Drivers/STM32H7xx_HAL_Driver/Src/stm32h7xx_hal_gpio.c.obj
                0x08002ad0                HAL_GPIO_TogglePin
 *fill*         0x08002ae2        0x2 
 .text.HAL_PWREx_ConfigSupply
                0x08002ae4       0x54 CMakeFiles/ai_demo.elf.dir/Drivers/STM32H7xx_HAL_Driver/Src/stm32h7xx_hal_pwr_ex.c.obj
                0x08002ae4                HAL_PWREx_ConfigSupply
 .text.HAL_RCC_OscConfig
                0x08002b38      0x5ec CMakeFiles/ai_demo.elf.dir/Drivers/STM32H7xx_HAL_Driver/Src/stm32h7xx_hal_rcc.c.obj
                0x08002b38                HAL_RCC_OscConfig
 .text.HAL_RCC_GetSysClockFreq
                0x08003124      0x1f4 CMakeFiles/ai_demo.elf.dir/Drivers/STM32H7xx_HAL_Driver/Src/stm32h7xx_hal_rcc.c.obj
                0x08003124                HAL_RCC_GetSysClockFreq
 .text.HAL_RCC_ClockConfig
                0x08003318      0x294 CMakeFiles/ai_demo.elf.dir/Drivers/STM32H7xx_HAL_Driver/Src/stm32h7xx_hal_rcc.c.obj
                0x08003318                HAL_RCC_ClockConfig
 .text.HAL_RCC_GetHCLKFreq
                0x080035ac       0x44 CMakeFiles/ai_demo.elf.dir/Drivers/STM32H7xx_HAL_Driver/Src/stm32h7xx_hal_rcc.c.obj
                0x080035ac                HAL_RCC_GetHCLKFreq
 .text.HAL_RCC_GetPCLK1Freq
                0x080035f0       0x24 CMakeFiles/ai_demo.elf.dir/Drivers/STM32H7xx_HAL_Driver/Src/stm32h7xx_hal_rcc.c.obj
                0x080035f0                HAL_RCC_GetPCLK1Freq
 .text.HAL_RCC_GetPCLK2Freq
                0x08003614       0x24 CMakeFiles/ai_demo.elf.dir/Drivers/STM32H7xx_HAL_Driver/Src/stm32h7xx_hal_rcc.c.obj
                0x08003614                HAL_RCC_GetPCLK2Freq
 .text.RCCEx_PLL2_Config
                0x08003638      0x10c CMakeFiles/ai_demo.elf.dir/Drivers/STM32H7xx_HAL_Driver/Src/stm32h7xx_hal_rcc_ex.c.obj
 .text.RCCEx_PLL3_Config
                0x08003744      0x10c CMakeFiles/ai_demo.elf.dir/Drivers/STM32H7xx_HAL_Driver/Src/stm32h7xx_hal_rcc_ex.c.obj
 .text.HAL_RCCEx_PeriphCLKConfig
                0x08003850      0xa0c CMakeFiles/ai_demo.elf.dir/Drivers/STM32H7xx_HAL_Driver/Src/stm32h7xx_hal_rcc_ex.c.obj
                0x08003850                HAL_RCCEx_PeriphCLKConfig
 .text.HAL_RCCEx_GetD3PCLK1Freq
                0x0800425c       0x24 CMakeFiles/ai_demo.elf.dir/Drivers/STM32H7xx_HAL_Driver/Src/stm32h7xx_hal_rcc_ex.c.obj
                0x0800425c                HAL_RCCEx_GetD3PCLK1Freq
 .text.HAL_RCCEx_GetPLL2ClockFreq
                0x08004280      0x1f8 CMakeFiles/ai_demo.elf.dir/Drivers/STM32H7xx_HAL_Driver/Src/stm32h7xx_hal_rcc_ex.c.obj
                0x08004280                HAL_RCCEx_GetPLL2ClockFreq
 .text.HAL_RCCEx_GetPLL3ClockFreq
                0x08004478      0x1f8 CMakeFiles/ai_demo.elf.dir/Drivers/STM32H7xx_HAL_Driver/Src/stm32h7xx_hal_rcc_ex.c.obj
                0x08004478                HAL_RCCEx_GetPLL3ClockFreq
 .text.HAL_TIM_Base_Start_IT
                0x08004670       0xa0 CMakeFiles/ai_demo.elf.dir/Drivers/STM32H7xx_HAL_Driver/Src/stm32h7xx_hal_tim.c.obj
                0x08004670                HAL_TIM_Base_Start_IT
 .text.HAL_TIM_OC_DelayElapsedCallback
                0x08004710        0x2 CMakeFiles/ai_demo.elf.dir/Drivers/STM32H7xx_HAL_Driver/Src/stm32h7xx_hal_tim.c.obj
                0x08004710                HAL_TIM_OC_DelayElapsedCallback
 .text.HAL_TIM_IC_CaptureCallback
                0x08004712        0x2 CMakeFiles/ai_demo.elf.dir/Drivers/STM32H7xx_HAL_Driver/Src/stm32h7xx_hal_tim.c.obj
                0x08004712                HAL_TIM_IC_CaptureCallback
 .text.HAL_TIM_PWM_PulseFinishedCallback
                0x08004714        0x2 CMakeFiles/ai_demo.elf.dir/Drivers/STM32H7xx_HAL_Driver/Src/stm32h7xx_hal_tim.c.obj
                0x08004714                HAL_TIM_PWM_PulseFinishedCallback
 .text.HAL_TIM_TriggerCallback
                0x08004716        0x2 CMakeFiles/ai_demo.elf.dir/Drivers/STM32H7xx_HAL_Driver/Src/stm32h7xx_hal_tim.c.obj
                0x08004716                HAL_TIM_TriggerCallback
 .text.HAL_TIM_IRQHandler
                0x08004718      0x19a CMakeFiles/ai_demo.elf.dir/Drivers/STM32H7xx_HAL_Driver/Src/stm32h7xx_hal_tim.c.obj
                0x08004718                HAL_TIM_IRQHandler
 *fill*         0x080048b2        0x2 
 .text.TIM_Base_SetConfig
                0x080048b4      0x120 CMakeFiles/ai_demo.elf.dir/Drivers/STM32H7xx_HAL_Driver/Src/stm32h7xx_hal_tim.c.obj
                0x080048b4                TIM_Base_SetConfig
 .text.HAL_TIM_Base_Init
                0x080049d4       0x60 CMakeFiles/ai_demo.elf.dir/Drivers/STM32H7xx_HAL_Driver/Src/stm32h7xx_hal_tim.c.obj
                0x080049d4                HAL_TIM_Base_Init
 .text.HAL_TIMEx_MasterConfigSynchronization
                0x08004a34       0xb0 CMakeFiles/ai_demo.elf.dir/Drivers/STM32H7xx_HAL_Driver/Src/stm32h7xx_hal_tim_ex.c.obj
                0x08004a34                HAL_TIMEx_MasterConfigSynchronization
 .text.HAL_TIMEx_CommutCallback
                0x08004ae4        0x2 CMakeFiles/ai_demo.elf.dir/Drivers/STM32H7xx_HAL_Driver/Src/stm32h7xx_hal_tim_ex.c.obj
                0x08004ae4                HAL_TIMEx_CommutCallback
 .text.HAL_TIMEx_BreakCallback
                0x08004ae6        0x2 CMakeFiles/ai_demo.elf.dir/Drivers/STM32H7xx_HAL_Driver/Src/stm32h7xx_hal_tim_ex.c.obj
                0x08004ae6                HAL_TIMEx_BreakCallback
 .text.HAL_TIMEx_Break2Callback
                0x08004ae8        0x2 CMakeFiles/ai_demo.elf.dir/Drivers/STM32H7xx_HAL_Driver/Src/stm32h7xx_hal_tim_ex.c.obj
                0x08004ae8                HAL_TIMEx_Break2Callback
 *fill*         0x08004aea        0x2 
 .text.UART_EndRxTransfer
                0x08004aec       0x58 CMakeFiles/ai_demo.elf.dir/Drivers/STM32H7xx_HAL_Driver/Src/stm32h7xx_hal_uart.c.obj
 .text.HAL_UART_TxCpltCallback
                0x08004b44        0x2 CMakeFiles/ai_demo.elf.dir/Drivers/STM32H7xx_HAL_Driver/Src/stm32h7xx_hal_uart.c.obj
                0x08004b44                HAL_UART_TxCpltCallback
 .text.UART_EndTransmit_IT
                0x08004b46       0x24 CMakeFiles/ai_demo.elf.dir/Drivers/STM32H7xx_HAL_Driver/Src/stm32h7xx_hal_uart.c.obj
 .text.HAL_UART_ErrorCallback
                0x08004b6a        0x2 CMakeFiles/ai_demo.elf.dir/Drivers/STM32H7xx_HAL_Driver/Src/stm32h7xx_hal_uart.c.obj
                0x08004b6a                HAL_UART_ErrorCallback
 .text.UART_DMAAbortOnError
                0x08004b6c       0x14 CMakeFiles/ai_demo.elf.dir/Drivers/STM32H7xx_HAL_Driver/Src/stm32h7xx_hal_uart.c.obj
 .text.HAL_UARTEx_RxEventCallback
                0x08004b80        0x2 CMakeFiles/ai_demo.elf.dir/Drivers/STM32H7xx_HAL_Driver/Src/stm32h7xx_hal_uart.c.obj
                0x08004b80                HAL_UARTEx_RxEventCallback
 *fill*         0x08004b82        0x2 
 .text.HAL_UART_IRQHandler
                0x08004b84      0x3b8 CMakeFiles/ai_demo.elf.dir/Drivers/STM32H7xx_HAL_Driver/Src/stm32h7xx_hal_uart.c.obj
                0x08004b84                HAL_UART_IRQHandler
 .text.UART_RxISR_8BIT
                0x08004f3c       0xdc CMakeFiles/ai_demo.elf.dir/Drivers/STM32H7xx_HAL_Driver/Src/stm32h7xx_hal_uart.c.obj
 .text.UART_RxISR_16BIT
                0x08005018       0xd8 CMakeFiles/ai_demo.elf.dir/Drivers/STM32H7xx_HAL_Driver/Src/stm32h7xx_hal_uart.c.obj
 .text.UART_RxISR_8BIT_FIFOEN
                0x080050f0      0x1cc CMakeFiles/ai_demo.elf.dir/Drivers/STM32H7xx_HAL_Driver/Src/stm32h7xx_hal_uart.c.obj
 .text.UART_RxISR_16BIT_FIFOEN
                0x080052bc      0x1c8 CMakeFiles/ai_demo.elf.dir/Drivers/STM32H7xx_HAL_Driver/Src/stm32h7xx_hal_uart.c.obj
 .text.UART_SetConfig
                0x08005484      0x6bc CMakeFiles/ai_demo.elf.dir/Drivers/STM32H7xx_HAL_Driver/Src/stm32h7xx_hal_uart.c.obj
                0x08005484                UART_SetConfig
 .text.UART_AdvFeatureConfig
                0x08005b40       0xca CMakeFiles/ai_demo.elf.dir/Drivers/STM32H7xx_HAL_Driver/Src/stm32h7xx_hal_uart.c.obj
                0x08005b40                UART_AdvFeatureConfig
 .text.UART_WaitOnFlagUntilTimeout
                0x08005c0a       0x9a CMakeFiles/ai_demo.elf.dir/Drivers/STM32H7xx_HAL_Driver/Src/stm32h7xx_hal_uart.c.obj
                0x08005c0a                UART_WaitOnFlagUntilTimeout
 .text.HAL_UART_Transmit
                0x08005ca4       0xd0 CMakeFiles/ai_demo.elf.dir/Drivers/STM32H7xx_HAL_Driver/Src/stm32h7xx_hal_uart.c.obj
                0x08005ca4                HAL_UART_Transmit
 .text.UART_CheckIdleState
                0x08005d74       0xca CMakeFiles/ai_demo.elf.dir/Drivers/STM32H7xx_HAL_Driver/Src/stm32h7xx_hal_uart.c.obj
                0x08005d74                UART_CheckIdleState
 .text.HAL_UART_Init
                0x08005e3e       0x66 CMakeFiles/ai_demo.elf.dir/Drivers/STM32H7xx_HAL_Driver/Src/stm32h7xx_hal_uart.c.obj
                0x08005e3e                HAL_UART_Init
 .text.UART_Start_Receive_IT
                0x08005ea4      0x13c CMakeFiles/ai_demo.elf.dir/Drivers/STM32H7xx_HAL_Driver/Src/stm32h7xx_hal_uart.c.obj
                0x08005ea4                UART_Start_Receive_IT
 .text.HAL_UART_Receive_IT
                0x08005fe0       0x4c CMakeFiles/ai_demo.elf.dir/Drivers/STM32H7xx_HAL_Driver/Src/stm32h7xx_hal_uart.c.obj
                0x08005fe0                HAL_UART_Receive_IT
 .text.UARTEx_SetNbDataToProcess
                0x0800602c       0x4c CMakeFiles/ai_demo.elf.dir/Drivers/STM32H7xx_HAL_Driver/Src/stm32h7xx_hal_uart_ex.c.obj
 .text.HAL_UARTEx_WakeupCallback
                0x08006078        0x2 CMakeFiles/ai_demo.elf.dir/Drivers/STM32H7xx_HAL_Driver/Src/stm32h7xx_hal_uart_ex.c.obj
                0x08006078                HAL_UARTEx_WakeupCallback
 .text.HAL_UARTEx_RxFifoFullCallback
                0x0800607a        0x2 CMakeFiles/ai_demo.elf.dir/Drivers/STM32H7xx_HAL_Driver/Src/stm32h7xx_hal_uart_ex.c.obj
                0x0800607a                HAL_UARTEx_RxFifoFullCallback
 .text.HAL_UARTEx_TxFifoEmptyCallback
                0x0800607c        0x2 CMakeFiles/ai_demo.elf.dir/Drivers/STM32H7xx_HAL_Driver/Src/stm32h7xx_hal_uart_ex.c.obj
                0x0800607c                HAL_UARTEx_TxFifoEmptyCallback
 .text.HAL_UARTEx_DisableFifoMode
                0x0800607e       0x3e CMakeFiles/ai_demo.elf.dir/Drivers/STM32H7xx_HAL_Driver/Src/stm32h7xx_hal_uart_ex.c.obj
                0x0800607e                HAL_UARTEx_DisableFifoMode
 .text.HAL_UARTEx_SetTxFifoThreshold
                0x080060bc       0x4a CMakeFiles/ai_demo.elf.dir/Drivers/STM32H7xx_HAL_Driver/Src/stm32h7xx_hal_uart_ex.c.obj
                0x080060bc                HAL_UARTEx_SetTxFifoThreshold
 .text.HAL_UARTEx_SetRxFifoThreshold
                0x08006106       0x4a CMakeFiles/ai_demo.elf.dir/Drivers/STM32H7xx_HAL_Driver/Src/stm32h7xx_hal_uart_ex.c.obj
                0x08006106                HAL_UARTEx_SetRxFifoThreshold
 .text.ai_buffer_get_size
                0x08006150       0x68 C:\stm32_workspace\ai_demo\AI_Library\Lib/NetworkRuntime801_CM7_GCC.a(ai_platform.o)
                0x08006150                ai_buffer_get_size
 .text.ai_buffer_array_sane
                0x080061b8       0x14 C:\stm32_workspace\ai_demo\AI_Library\Lib/NetworkRuntime801_CM7_GCC.a(ai_platform.o)
                0x080061b8                ai_buffer_array_sane
 .text.ai_buffer_array_item_set_address
                0x080061cc       0x20 C:\stm32_workspace\ai_demo\AI_Library\Lib/NetworkRuntime801_CM7_GCC.a(ai_platform.o)
                0x080061cc                ai_buffer_array_item_set_address
 .text._ai_platform_acquire_crc
                0x080061ec        0x4 C:\stm32_workspace\ai_demo\AI_Library\Lib/NetworkRuntime801_CM7_GCC.a(ai_platform_interface.o)
                0x080061ec                _ai_platform_acquire_crc
 .text._ai_platform_release_crc
                0x080061f0        0x4 C:\stm32_workspace\ai_demo\AI_Library\Lib/NetworkRuntime801_CM7_GCC.a(ai_platform_interface.o)
                0x080061f0                _ai_platform_release_crc
 .text.ai_platform_get_weights_map
                0x080061f4       0xb0 C:\stm32_workspace\ai_demo\AI_Library\Lib/NetworkRuntime801_CM7_GCC.a(ai_platform_interface.o)
                0x080061f4                ai_platform_get_weights_map
 .text.ai_platform_get_activations_map
                0x080062a4       0xb0 C:\stm32_workspace\ai_demo\AI_Library\Lib/NetworkRuntime801_CM7_GCC.a(ai_platform_interface.o)
                0x080062a4                ai_platform_get_activations_map
 .text.ai_platform_bind_network_params
                0x08006354       0x34 C:\stm32_workspace\ai_demo\AI_Library\Lib/NetworkRuntime801_CM7_GCC.a(ai_platform_interface.o)
                0x08006354                ai_platform_bind_network_params
 .text.ai_platform_network_get_error
                0x08006388      0x218 C:\stm32_workspace\ai_demo\AI_Library\Lib/NetworkRuntime801_CM7_GCC.a(ai_platform_interface.o)
                0x08006388                ai_platform_network_get_error
 .text.ai_platform_network_set_error
                0x080065a0        0xc C:\stm32_workspace\ai_demo\AI_Library\Lib/NetworkRuntime801_CM7_GCC.a(ai_platform_interface.o)
                0x080065a0                ai_platform_network_set_error
 .text.ai_platform_inputs_get
                0x080065ac      0x318 C:\stm32_workspace\ai_demo\AI_Library\Lib/NetworkRuntime801_CM7_GCC.a(ai_platform_interface.o)
                0x080065ac                ai_platform_inputs_get
 .text.ai_platform_outputs_get
                0x080068c4      0x310 C:\stm32_workspace\ai_demo\AI_Library\Lib/NetworkRuntime801_CM7_GCC.a(ai_platform_interface.o)
                0x080068c4                ai_platform_outputs_get
 .text.ai_platform_network_create
                0x08006bd4      0x3b4 C:\stm32_workspace\ai_demo\AI_Library\Lib/NetworkRuntime801_CM7_GCC.a(ai_platform_interface.o)
                0x08006bd4                ai_platform_network_create
 .text.ai_platform_network_init
                0x08006f88      0x338 C:\stm32_workspace\ai_demo\AI_Library\Lib/NetworkRuntime801_CM7_GCC.a(ai_platform_interface.o)
                0x08006f88                ai_platform_network_init
 .text.ai_platform_network_post_init
                0x080072c0      0x254 C:\stm32_workspace\ai_demo\AI_Library\Lib/NetworkRuntime801_CM7_GCC.a(ai_platform_interface.o)
                0x080072c0                ai_platform_network_post_init
 .text.ai_platform_network_process
                0x08007514      0x5bc C:\stm32_workspace\ai_demo\AI_Library\Lib/NetworkRuntime801_CM7_GCC.a(ai_platform_interface.o)
                0x08007514                ai_platform_network_process
 .text.core_init
                0x08007ad0        0x4 C:\stm32_workspace\ai_demo\AI_Library\Lib/NetworkRuntime801_CM7_GCC.a(core_common.o)
                0x08007ad0                core_init
 .text.core_get_error
                0x08007ad4        0xc C:\stm32_workspace\ai_demo\AI_Library\Lib/NetworkRuntime801_CM7_GCC.a(core_common.o)
                0x08007ad4                core_get_error
 .text.core_set_error
                0x08007ae0       0x18 C:\stm32_workspace\ai_demo\AI_Library\Lib/NetworkRuntime801_CM7_GCC.a(core_common.o)
                0x08007ae0                core_set_error
 .text.forward_dense
                0x08007af8      0x840 C:\stm32_workspace\ai_demo\AI_Library\Lib/NetworkRuntime801_CM7_GCC.a(layers_conv2d_generic_float.o)
                0x08007af8                forward_dense
 .text.forward_relu
                0x08008338      0x268 C:\stm32_workspace\ai_demo\AI_Library\Lib/NetworkRuntime801_CM7_GCC.a(layers_nl_generic_float.o)
                0x08008338                forward_relu
 .text.forward_sm
                0x080085a0      0x114 C:\stm32_workspace\ai_demo\AI_Library\Lib/NetworkRuntime801_CM7_GCC.a(layers_nl_generic_float.o)
                0x080085a0                forward_sm
 .text.ai_check_custom_types
                0x080086b4       0x50 C:\stm32_workspace\ai_demo\AI_Library\Lib/NetworkRuntime801_CM7_GCC.a(layers.o)
                0x080086b4                ai_check_custom_types
 .text.ai_layers_init_all
                0x08008704       0x1c C:\stm32_workspace\ai_demo\AI_Library\Lib/NetworkRuntime801_CM7_GCC.a(layers.o)
                0x08008704                ai_layers_init_all
 .text.ai_layers_post_init_all
                0x08008720       0x28 C:\stm32_workspace\ai_demo\AI_Library\Lib/NetworkRuntime801_CM7_GCC.a(layers.o)
                0x08008720                ai_layers_post_init_all
 .text.ai_layers_forward_all
                0x08008748       0x90 C:\stm32_workspace\ai_demo\AI_Library\Lib/NetworkRuntime801_CM7_GCC.a(layers.o)
                0x08008748                ai_layers_forward_all
 .text.lite_dense_if32of32wf32
                0x080087d8      0x250 C:\stm32_workspace\ai_demo\AI_Library\Lib/NetworkRuntime801_CM7_GCC.a(lite_dense_if32.o)
                0x080087d8                lite_dense_if32of32wf32
 .text.ai_version_get
                0x08008a28        0xc C:\stm32_workspace\ai_demo\AI_Library\Lib/NetworkRuntime801_CM7_GCC.a(ai_datatypes_internal.o)
                0x08008a28                ai_version_get
 .text.get_tensor_byte_size
                0x08008a34       0x2c C:\stm32_workspace\ai_demo\AI_Library\Lib/NetworkRuntime801_CM7_GCC.a(ai_datatypes_internal.o)
                0x08008a34                get_tensor_byte_size
 .text.ai_array_to_buffer_fmt
                0x08008a60       0xd8 C:\stm32_workspace\ai_demo\AI_Library\Lib/NetworkRuntime801_CM7_GCC.a(ai_datatypes_format.o)
                0x08008a60                ai_array_to_buffer_fmt
 .text.ai_array_get_byte_size
                0x08008b38       0x50 C:\stm32_workspace\ai_demo\AI_Library\Lib/NetworkRuntime801_CM7_GCC.a(ai_datatypes_format.o)
                0x08008b38                ai_array_get_byte_size
 .text.ai_array_get_data_byte_size
                0x08008b88       0x20 C:\stm32_workspace\ai_demo\AI_Library\Lib/NetworkRuntime801_CM7_GCC.a(ai_datatypes_format.o)
                0x08008b88                ai_array_get_data_byte_size
 .text.__errno  0x08008ba8        0xc c:/cube_clion/gcc-arm-none-eabi-10.3-2021.10/bin/../lib/gcc/arm-none-eabi/10.3.1/../../../../arm-none-eabi/lib/thumb/v7e-m+fp/hard\libg.a(lib_a-errno.o)
                0x08008ba8                __errno
 .text.__libc_init_array
                0x08008bb4       0x48 c:/cube_clion/gcc-arm-none-eabi-10.3-2021.10/bin/../lib/gcc/arm-none-eabi/10.3.1/../../../../arm-none-eabi/lib/thumb/v7e-m+fp/hard\libg.a(lib_a-init.o)
                0x08008bb4                __libc_init_array
 .text._malloc_r
                0x08008bfc      0x560 c:/cube_clion/gcc-arm-none-eabi-10.3-2021.10/bin/../lib/gcc/arm-none-eabi/10.3.1/../../../../arm-none-eabi/lib/thumb/v7e-m+fp/hard\libg.a(lib_a-mallocr.o)
                0x08008bfc                _malloc_r
 .text.memset   0x0800915c       0xa4 c:/cube_clion/gcc-arm-none-eabi-10.3-2021.10/bin/../lib/gcc/arm-none-eabi/10.3.1/../../../../arm-none-eabi/lib/thumb/v7e-m+fp/hard\libg.a(lib_a-memset.o)
                0x0800915c                memset
 .text.__malloc_lock
                0x08009200        0xc c:/cube_clion/gcc-arm-none-eabi-10.3-2021.10/bin/../lib/gcc/arm-none-eabi/10.3.1/../../../../arm-none-eabi/lib/thumb/v7e-m+fp/hard\libg.a(lib_a-mlock.o)
                0x08009200                __malloc_lock
 .text.__malloc_unlock
                0x0800920c        0xc c:/cube_clion/gcc-arm-none-eabi-10.3-2021.10/bin/../lib/gcc/arm-none-eabi/10.3.1/../../../../arm-none-eabi/lib/thumb/v7e-m+fp/hard\libg.a(lib_a-mlock.o)
                0x0800920c                __malloc_unlock
 .text.printf   0x08009218       0x28 c:/cube_clion/gcc-arm-none-eabi-10.3-2021.10/bin/../lib/gcc/arm-none-eabi/10.3.1/../../../../arm-none-eabi/lib/thumb/v7e-m+fp/hard\libg.a(lib_a-printf.o)
                0x08009218                printf
 .text._puts_r  0x08009240       0x9c c:/cube_clion/gcc-arm-none-eabi-10.3-2021.10/bin/../lib/gcc/arm-none-eabi/10.3.1/../../../../arm-none-eabi/lib/thumb/v7e-m+fp/hard\libg.a(lib_a-puts.o)
                0x08009240                _puts_r
 .text.puts     0x080092dc       0x10 c:/cube_clion/gcc-arm-none-eabi-10.3-2021.10/bin/../lib/gcc/arm-none-eabi/10.3.1/../../../../arm-none-eabi/lib/thumb/v7e-m+fp/hard\libg.a(lib_a-puts.o)
                0x080092dc                puts
 .text._realloc_r
                0x080092ec      0x3d8 c:/cube_clion/gcc-arm-none-eabi-10.3-2021.10/bin/../lib/gcc/arm-none-eabi/10.3.1/../../../../arm-none-eabi/lib/thumb/v7e-m+fp/hard\libg.a(lib_a-reallocr.o)
                0x080092ec                _realloc_r
 .text._sbrk_r  0x080096c4       0x24 c:/cube_clion/gcc-arm-none-eabi-10.3-2021.10/bin/../lib/gcc/arm-none-eabi/10.3.1/../../../../arm-none-eabi/lib/thumb/v7e-m+fp/hard\libg.a(lib_a-sbrkr.o)
                0x080096c4                _sbrk_r
 .text._vfprintf_r
                0x080096e8     0x1b90 c:/cube_clion/gcc-arm-none-eabi-10.3-2021.10/bin/../lib/gcc/arm-none-eabi/10.3.1/../../../../arm-none-eabi/lib/thumb/v7e-m+fp/hard\libg.a(lib_a-vfprintf.o)
                0x080096e8                _vfprintf_r
 .text.__sbprintf
                0x0800b278       0x80 c:/cube_clion/gcc-arm-none-eabi-10.3-2021.10/bin/../lib/gcc/arm-none-eabi/10.3.1/../../../../arm-none-eabi/lib/thumb/v7e-m+fp/hard\libg.a(lib_a-vfprintf.o)
 .text.__swsetup_r
                0x0800b2f8       0xd4 c:/cube_clion/gcc-arm-none-eabi-10.3-2021.10/bin/../lib/gcc/arm-none-eabi/10.3.1/../../../../arm-none-eabi/lib/thumb/v7e-m+fp/hard\libg.a(lib_a-wsetup.o)
                0x0800b2f8                __swsetup_r
 .text.startup.register_fini
                0x0800b3cc       0x14 c:/cube_clion/gcc-arm-none-eabi-10.3-2021.10/bin/../lib/gcc/arm-none-eabi/10.3.1/../../../../arm-none-eabi/lib/thumb/v7e-m+fp/hard\libg.a(lib_a-__call_atexit.o)
 .text.atexit   0x0800b3e0        0xc c:/cube_clion/gcc-arm-none-eabi-10.3-2021.10/bin/../lib/gcc/arm-none-eabi/10.3.1/../../../../arm-none-eabi/lib/thumb/v7e-m+fp/hard\libg.a(lib_a-atexit.o)
                0x0800b3e0                atexit
 .text.quorem   0x0800b3ec      0x128 c:/cube_clion/gcc-arm-none-eabi-10.3-2021.10/bin/../lib/gcc/arm-none-eabi/10.3.1/../../../../arm-none-eabi/lib/thumb/v7e-m+fp/hard\libg.a(lib_a-dtoa.o)
 *fill*         0x0800b514        0x4 
 .text._dtoa_r  0x0800b518      0xf3c c:/cube_clion/gcc-arm-none-eabi-10.3-2021.10/bin/../lib/gcc/arm-none-eabi/10.3.1/../../../../arm-none-eabi/lib/thumb/v7e-m+fp/hard\libg.a(lib_a-dtoa.o)
                0x0800b518                _dtoa_r
 .text.__sflush_r
                0x0800c454      0x130 c:/cube_clion/gcc-arm-none-eabi-10.3-2021.10/bin/../lib/gcc/arm-none-eabi/10.3.1/../../../../arm-none-eabi/lib/thumb/v7e-m+fp/hard\libg.a(lib_a-fflush.o)
                0x0800c454                __sflush_r
 .text._fflush_r
                0x0800c584       0x5c c:/cube_clion/gcc-arm-none-eabi-10.3-2021.10/bin/../lib/gcc/arm-none-eabi/10.3.1/../../../../arm-none-eabi/lib/thumb/v7e-m+fp/hard\libg.a(lib_a-fflush.o)
                0x0800c584                _fflush_r
 .text._cleanup_r
                0x0800c5e0        0xc c:/cube_clion/gcc-arm-none-eabi-10.3-2021.10/bin/../lib/gcc/arm-none-eabi/10.3.1/../../../../arm-none-eabi/lib/thumb/v7e-m+fp/hard\libg.a(lib_a-findfp.o)
                0x0800c5e0                _cleanup_r
 .text.__sinit  0x0800c5ec      0x10c c:/cube_clion/gcc-arm-none-eabi-10.3-2021.10/bin/../lib/gcc/arm-none-eabi/10.3.1/../../../../arm-none-eabi/lib/thumb/v7e-m+fp/hard\libg.a(lib_a-findfp.o)
                0x0800c5ec                __sinit
 .text.__sfp_lock_acquire
                0x0800c6f8        0xc c:/cube_clion/gcc-arm-none-eabi-10.3-2021.10/bin/../lib/gcc/arm-none-eabi/10.3.1/../../../../arm-none-eabi/lib/thumb/v7e-m+fp/hard\libg.a(lib_a-findfp.o)
                0x0800c6f8                __sfp_lock_acquire
 .text.__sfp_lock_release
                0x0800c704        0xc c:/cube_clion/gcc-arm-none-eabi-10.3-2021.10/bin/../lib/gcc/arm-none-eabi/10.3.1/../../../../arm-none-eabi/lib/thumb/v7e-m+fp/hard\libg.a(lib_a-findfp.o)
                0x0800c704                __sfp_lock_release
 .text.__libc_fini_array
                0x0800c710       0x2c c:/cube_clion/gcc-arm-none-eabi-10.3-2021.10/bin/../lib/gcc/arm-none-eabi/10.3.1/../../../../arm-none-eabi/lib/thumb/v7e-m+fp/hard\libg.a(lib_a-fini.o)
                0x0800c710                __libc_fini_array
 .text._malloc_trim_r
                0x0800c73c       0xa0 c:/cube_clion/gcc-arm-none-eabi-10.3-2021.10/bin/../lib/gcc/arm-none-eabi/10.3.1/../../../../arm-none-eabi/lib/thumb/v7e-m+fp/hard\libg.a(lib_a-freer.o)
                0x0800c73c                _malloc_trim_r
 .text._free_r  0x0800c7dc      0x20c c:/cube_clion/gcc-arm-none-eabi-10.3-2021.10/bin/../lib/gcc/arm-none-eabi/10.3.1/../../../../arm-none-eabi/lib/thumb/v7e-m+fp/hard\libg.a(lib_a-freer.o)
                0x0800c7dc                _free_r
 .text.__sfvwrite_r
                0x0800c9e8      0x2f0 c:/cube_clion/gcc-arm-none-eabi-10.3-2021.10/bin/../lib/gcc/arm-none-eabi/10.3.1/../../../../arm-none-eabi/lib/thumb/v7e-m+fp/hard\libg.a(lib_a-fvwrite.o)
                0x0800c9e8                __sfvwrite_r
 .text._fwalk_reent
                0x0800ccd8       0x48 c:/cube_clion/gcc-arm-none-eabi-10.3-2021.10/bin/../lib/gcc/arm-none-eabi/10.3.1/../../../../arm-none-eabi/lib/thumb/v7e-m+fp/hard\libg.a(lib_a-fwalk.o)
                0x0800ccd8                _fwalk_reent
 .text._localeconv_r
                0x0800cd20        0x8 c:/cube_clion/gcc-arm-none-eabi-10.3-2021.10/bin/../lib/gcc/arm-none-eabi/10.3.1/../../../../arm-none-eabi/lib/thumb/v7e-m+fp/hard\libg.a(lib_a-localeconv.o)
                0x0800cd20                _localeconv_r
 .text.__retarget_lock_init_recursive
                0x0800cd28        0x4 c:/cube_clion/gcc-arm-none-eabi-10.3-2021.10/bin/../lib/gcc/arm-none-eabi/10.3.1/../../../../arm-none-eabi/lib/thumb/v7e-m+fp/hard\libg.a(lib_a-lock.o)
                0x0800cd28                __retarget_lock_init_recursive
 .text.__retarget_lock_close_recursive
                0x0800cd2c        0x4 c:/cube_clion/gcc-arm-none-eabi-10.3-2021.10/bin/../lib/gcc/arm-none-eabi/10.3.1/../../../../arm-none-eabi/lib/thumb/v7e-m+fp/hard\libg.a(lib_a-lock.o)
                0x0800cd2c                __retarget_lock_close_recursive
 .text.__retarget_lock_acquire_recursive
                0x0800cd30        0x4 c:/cube_clion/gcc-arm-none-eabi-10.3-2021.10/bin/../lib/gcc/arm-none-eabi/10.3.1/../../../../arm-none-eabi/lib/thumb/v7e-m+fp/hard\libg.a(lib_a-lock.o)
                0x0800cd30                __retarget_lock_acquire_recursive
 .text.__retarget_lock_release_recursive
                0x0800cd34        0x4 c:/cube_clion/gcc-arm-none-eabi-10.3-2021.10/bin/../lib/gcc/arm-none-eabi/10.3.1/../../../../arm-none-eabi/lib/thumb/v7e-m+fp/hard\libg.a(lib_a-lock.o)
                0x0800cd34                __retarget_lock_release_recursive
 .text.__smakebuf_r
                0x0800cd38       0xe0 c:/cube_clion/gcc-arm-none-eabi-10.3-2021.10/bin/../lib/gcc/arm-none-eabi/10.3.1/../../../../arm-none-eabi/lib/thumb/v7e-m+fp/hard\libg.a(lib_a-makebuf.o)
                0x0800cd38                __smakebuf_r
 .text.memmove  0x0800ce18       0xf8 c:/cube_clion/gcc-arm-none-eabi-10.3-2021.10/bin/../lib/gcc/arm-none-eabi/10.3.1/../../../../arm-none-eabi/lib/thumb/v7e-m+fp/hard\libg.a(lib_a-memmove.o)
                0x0800ce18                memmove
 .text._Balloc  0x0800cf10       0x4c c:/cube_clion/gcc-arm-none-eabi-10.3-2021.10/bin/../lib/gcc/arm-none-eabi/10.3.1/../../../../arm-none-eabi/lib/thumb/v7e-m+fp/hard\libg.a(lib_a-mprec.o)
                0x0800cf10                _Balloc
 .text._Bfree   0x0800cf5c       0x14 c:/cube_clion/gcc-arm-none-eabi-10.3-2021.10/bin/../lib/gcc/arm-none-eabi/10.3.1/../../../../arm-none-eabi/lib/thumb/v7e-m+fp/hard\libg.a(lib_a-mprec.o)
                0x0800cf5c                _Bfree
 .text.__multadd
                0x0800cf70       0xa8 c:/cube_clion/gcc-arm-none-eabi-10.3-2021.10/bin/../lib/gcc/arm-none-eabi/10.3.1/../../../../arm-none-eabi/lib/thumb/v7e-m+fp/hard\libg.a(lib_a-mprec.o)
                0x0800cf70                __multadd
 .text.__hi0bits
                0x0800d018       0x40 c:/cube_clion/gcc-arm-none-eabi-10.3-2021.10/bin/../lib/gcc/arm-none-eabi/10.3.1/../../../../arm-none-eabi/lib/thumb/v7e-m+fp/hard\libg.a(lib_a-mprec.o)
                0x0800d018                __hi0bits
 .text.__lo0bits
                0x0800d058       0x60 c:/cube_clion/gcc-arm-none-eabi-10.3-2021.10/bin/../lib/gcc/arm-none-eabi/10.3.1/../../../../arm-none-eabi/lib/thumb/v7e-m+fp/hard\libg.a(lib_a-mprec.o)
                0x0800d058                __lo0bits
 .text.__i2b    0x0800d0b8       0x5c c:/cube_clion/gcc-arm-none-eabi-10.3-2021.10/bin/../lib/gcc/arm-none-eabi/10.3.1/../../../../arm-none-eabi/lib/thumb/v7e-m+fp/hard\libg.a(lib_a-mprec.o)
                0x0800d0b8                __i2b
 .text.__multiply
                0x0800d114      0x15c c:/cube_clion/gcc-arm-none-eabi-10.3-2021.10/bin/../lib/gcc/arm-none-eabi/10.3.1/../../../../arm-none-eabi/lib/thumb/v7e-m+fp/hard\libg.a(lib_a-mprec.o)
                0x0800d114                __multiply
 .text.__pow5mult
                0x0800d270       0xc0 c:/cube_clion/gcc-arm-none-eabi-10.3-2021.10/bin/../lib/gcc/arm-none-eabi/10.3.1/../../../../arm-none-eabi/lib/thumb/v7e-m+fp/hard\libg.a(lib_a-mprec.o)
                0x0800d270                __pow5mult
 .text.__lshift
                0x0800d330       0xf0 c:/cube_clion/gcc-arm-none-eabi-10.3-2021.10/bin/../lib/gcc/arm-none-eabi/10.3.1/../../../../arm-none-eabi/lib/thumb/v7e-m+fp/hard\libg.a(lib_a-mprec.o)
                0x0800d330                __lshift
 .text.__mcmp   0x0800d420       0x44 c:/cube_clion/gcc-arm-none-eabi-10.3-2021.10/bin/../lib/gcc/arm-none-eabi/10.3.1/../../../../arm-none-eabi/lib/thumb/v7e-m+fp/hard\libg.a(lib_a-mprec.o)
                0x0800d420                __mcmp
 .text.__mdiff  0x0800d464      0x14c c:/cube_clion/gcc-arm-none-eabi-10.3-2021.10/bin/../lib/gcc/arm-none-eabi/10.3.1/../../../../arm-none-eabi/lib/thumb/v7e-m+fp/hard\libg.a(lib_a-mprec.o)
                0x0800d464                __mdiff
 .text.__d2b    0x0800d5b0       0xd0 c:/cube_clion/gcc-arm-none-eabi-10.3-2021.10/bin/../lib/gcc/arm-none-eabi/10.3.1/../../../../arm-none-eabi/lib/thumb/v7e-m+fp/hard\libg.a(lib_a-mprec.o)
                0x0800d5b0                __d2b
 .text.frexp    0x0800d680       0x6c c:/cube_clion/gcc-arm-none-eabi-10.3-2021.10/bin/../lib/gcc/arm-none-eabi/10.3.1/../../../../arm-none-eabi/lib/thumb/v7e-m+fp/hard\libg.a(lib_a-s_frexp.o)
                0x0800d680                frexp
 .text.__sread  0x0800d6ec       0x24 c:/cube_clion/gcc-arm-none-eabi-10.3-2021.10/bin/../lib/gcc/arm-none-eabi/10.3.1/../../../../arm-none-eabi/lib/thumb/v7e-m+fp/hard\libg.a(lib_a-stdio.o)
                0x0800d6ec                __sread
 .text.__swrite
                0x0800d710       0x40 c:/cube_clion/gcc-arm-none-eabi-10.3-2021.10/bin/../lib/gcc/arm-none-eabi/10.3.1/../../../../arm-none-eabi/lib/thumb/v7e-m+fp/hard\libg.a(lib_a-stdio.o)
                0x0800d710                __swrite
 .text.__sseek  0x0800d750       0x20 c:/cube_clion/gcc-arm-none-eabi-10.3-2021.10/bin/../lib/gcc/arm-none-eabi/10.3.1/../../../../arm-none-eabi/lib/thumb/v7e-m+fp/hard\libg.a(lib_a-stdio.o)
                0x0800d750                __sseek
 .text.__sclose
                0x0800d770        0x8 c:/cube_clion/gcc-arm-none-eabi-10.3-2021.10/bin/../lib/gcc/arm-none-eabi/10.3.1/../../../../arm-none-eabi/lib/thumb/v7e-m+fp/hard\libg.a(lib_a-stdio.o)
                0x0800d770                __sclose
 .text.strncpy  0x0800d778       0x64 c:/cube_clion/gcc-arm-none-eabi-10.3-2021.10/bin/../lib/gcc/arm-none-eabi/10.3.1/../../../../arm-none-eabi/lib/thumb/v7e-m+fp/hard\libg.a(lib_a-strncpy.o)
                0x0800d778                strncpy
 .text.__sprint_r.part.0
                0x0800d7dc       0x78 c:/cube_clion/gcc-arm-none-eabi-10.3-2021.10/bin/../lib/gcc/arm-none-eabi/10.3.1/../../../../arm-none-eabi/lib/thumb/v7e-m+fp/hard\libg.a(lib_a-vfiprintf.o)
 .text.__sprint_r
                0x0800d854       0x18 c:/cube_clion/gcc-arm-none-eabi-10.3-2021.10/bin/../lib/gcc/arm-none-eabi/10.3.1/../../../../arm-none-eabi/lib/thumb/v7e-m+fp/hard\libg.a(lib_a-vfiprintf.o)
                0x0800d854                __sprint_r
 .text._vfiprintf_r
                0x0800d86c      0xdfc c:/cube_clion/gcc-arm-none-eabi-10.3-2021.10/bin/../lib/gcc/arm-none-eabi/10.3.1/../../../../arm-none-eabi/lib/thumb/v7e-m+fp/hard\libg.a(lib_a-vfiprintf.o)
                0x0800d86c                _vfiprintf_r
 .text.__sbprintf
                0x0800e668       0x80 c:/cube_clion/gcc-arm-none-eabi-10.3-2021.10/bin/../lib/gcc/arm-none-eabi/10.3.1/../../../../arm-none-eabi/lib/thumb/v7e-m+fp/hard\libg.a(lib_a-vfiprintf.o)
 .text._write_r
                0x0800e6e8       0x2c c:/cube_clion/gcc-arm-none-eabi-10.3-2021.10/bin/../lib/gcc/arm-none-eabi/10.3.1/../../../../arm-none-eabi/lib/thumb/v7e-m+fp/hard\libg.a(lib_a-writer.o)
                0x0800e6e8                _write_r
 .text.__register_exitproc
                0x0800e714       0x8c c:/cube_clion/gcc-arm-none-eabi-10.3-2021.10/bin/../lib/gcc/arm-none-eabi/10.3.1/../../../../arm-none-eabi/lib/thumb/v7e-m+fp/hard\libg.a(lib_a-__atexit.o)
                0x0800e714                __register_exitproc
 .text.__assert_func
                0x0800e7a0       0x40 c:/cube_clion/gcc-arm-none-eabi-10.3-2021.10/bin/../lib/gcc/arm-none-eabi/10.3.1/../../../../arm-none-eabi/lib/thumb/v7e-m+fp/hard\libg.a(lib_a-assert.o)
                0x0800e7a0                __assert_func
 .text._calloc_r
                0x0800e7e0       0x78 c:/cube_clion/gcc-arm-none-eabi-10.3-2021.10/bin/../lib/gcc/arm-none-eabi/10.3.1/../../../../arm-none-eabi/lib/thumb/v7e-m+fp/hard\libg.a(lib_a-callocr.o)
                0x0800e7e0                _calloc_r
 .text._close_r
                0x0800e858       0x24 c:/cube_clion/gcc-arm-none-eabi-10.3-2021.10/bin/../lib/gcc/arm-none-eabi/10.3.1/../../../../arm-none-eabi/lib/thumb/v7e-m+fp/hard\libg.a(lib_a-closer.o)
                0x0800e858                _close_r
 .text._fclose_r
                0x0800e87c       0xcc c:/cube_clion/gcc-arm-none-eabi-10.3-2021.10/bin/../lib/gcc/arm-none-eabi/10.3.1/../../../../arm-none-eabi/lib/thumb/v7e-m+fp/hard\libg.a(lib_a-fclose.o)
                0x0800e87c                _fclose_r
 .text.fiprintf
                0x0800e948       0x28 c:/cube_clion/gcc-arm-none-eabi-10.3-2021.10/bin/../lib/gcc/arm-none-eabi/10.3.1/../../../../arm-none-eabi/lib/thumb/v7e-m+fp/hard\libg.a(lib_a-fiprintf.o)
                0x0800e948                fiprintf
 .text.__fputwc
                0x0800e970       0xa8 c:/cube_clion/gcc-arm-none-eabi-10.3-2021.10/bin/../lib/gcc/arm-none-eabi/10.3.1/../../../../arm-none-eabi/lib/thumb/v7e-m+fp/hard\libg.a(lib_a-fputwc.o)
                0x0800e970                __fputwc
 .text._fputwc_r
                0x0800ea18       0x68 c:/cube_clion/gcc-arm-none-eabi-10.3-2021.10/bin/../lib/gcc/arm-none-eabi/10.3.1/../../../../arm-none-eabi/lib/thumb/v7e-m+fp/hard\libg.a(lib_a-fputwc.o)
                0x0800ea18                _fputwc_r
 .text._fstat_r
                0x0800ea80       0x2c c:/cube_clion/gcc-arm-none-eabi-10.3-2021.10/bin/../lib/gcc/arm-none-eabi/10.3.1/../../../../arm-none-eabi/lib/thumb/v7e-m+fp/hard\libg.a(lib_a-fstatr.o)
                0x0800ea80                _fstat_r
 .text._isatty_r
                0x0800eaac       0x24 c:/cube_clion/gcc-arm-none-eabi-10.3-2021.10/bin/../lib/gcc/arm-none-eabi/10.3.1/../../../../arm-none-eabi/lib/thumb/v7e-m+fp/hard\libg.a(lib_a-isattyr.o)
                0x0800eaac                _isatty_r
 .text.__locale_mb_cur_max
                0x0800ead0        0xc c:/cube_clion/gcc-arm-none-eabi-10.3-2021.10/bin/../lib/gcc/arm-none-eabi/10.3.1/../../../../arm-none-eabi/lib/thumb/v7e-m+fp/hard\libg.a(lib_a-locale.o)
                0x0800ead0                __locale_mb_cur_max
 .text._lseek_r
                0x0800eadc       0x2c c:/cube_clion/gcc-arm-none-eabi-10.3-2021.10/bin/../lib/gcc/arm-none-eabi/10.3.1/../../../../arm-none-eabi/lib/thumb/v7e-m+fp/hard\libg.a(lib_a-lseekr.o)
                0x0800eadc                _lseek_r
 .text.__ascii_mbtowc
                0x0800eb08       0x2c c:/cube_clion/gcc-arm-none-eabi-10.3-2021.10/bin/../lib/gcc/arm-none-eabi/10.3.1/../../../../arm-none-eabi/lib/thumb/v7e-m+fp/hard\libg.a(lib_a-mbtowc_r.o)
                0x0800eb08                __ascii_mbtowc
 .text._read_r  0x0800eb34       0x2c c:/cube_clion/gcc-arm-none-eabi-10.3-2021.10/bin/../lib/gcc/arm-none-eabi/10.3.1/../../../../arm-none-eabi/lib/thumb/v7e-m+fp/hard\libg.a(lib_a-readr.o)
                0x0800eb34                _read_r
 .text.__swbuf_r
                0x0800eb60       0xb0 c:/cube_clion/gcc-arm-none-eabi-10.3-2021.10/bin/../lib/gcc/arm-none-eabi/10.3.1/../../../../arm-none-eabi/lib/thumb/v7e-m+fp/hard\libg.a(lib_a-wbuf.o)
                0x0800eb60                __swbuf_r
 .text._wcrtomb_r
                0x0800ec10       0x3c c:/cube_clion/gcc-arm-none-eabi-10.3-2021.10/bin/../lib/gcc/arm-none-eabi/10.3.1/../../../../arm-none-eabi/lib/thumb/v7e-m+fp/hard\libg.a(lib_a-wcrtomb.o)
                0x0800ec10                _wcrtomb_r
 .text.__ascii_wctomb
                0x0800ec4c       0x1c c:/cube_clion/gcc-arm-none-eabi-10.3-2021.10/bin/../lib/gcc/arm-none-eabi/10.3.1/../../../../arm-none-eabi/lib/thumb/v7e-m+fp/hard\libg.a(lib_a-wctomb_r.o)
                0x0800ec4c                __ascii_wctomb
 .text.abort    0x0800ec68       0x10 c:/cube_clion/gcc-arm-none-eabi-10.3-2021.10/bin/../lib/gcc/arm-none-eabi/10.3.1/../../../../arm-none-eabi/lib/thumb/v7e-m+fp/hard\libg.a(lib_a-abort.o)
                0x0800ec68                abort
 .text.raise    0x0800ec78       0x5c c:/cube_clion/gcc-arm-none-eabi-10.3-2021.10/bin/../lib/gcc/arm-none-eabi/10.3.1/../../../../arm-none-eabi/lib/thumb/v7e-m+fp/hard\libg.a(lib_a-signal.o)
                0x0800ec78                raise
 .text._kill_r  0x0800ecd4       0x2c c:/cube_clion/gcc-arm-none-eabi-10.3-2021.10/bin/../lib/gcc/arm-none-eabi/10.3.1/../../../../arm-none-eabi/lib/thumb/v7e-m+fp/hard\libg.a(lib_a-signalr.o)
                0x0800ecd4                _kill_r
 .text._getpid_r
                0x0800ed00        0x4 c:/cube_clion/gcc-arm-none-eabi-10.3-2021.10/bin/../lib/gcc/arm-none-eabi/10.3.1/../../../../arm-none-eabi/lib/thumb/v7e-m+fp/hard\libg.a(lib_a-signalr.o)
                0x0800ed00                _getpid_r
 .text.expf     0x0800ed04       0x78 c:/cube_clion/gcc-arm-none-eabi-10.3-2021.10/bin/../lib/gcc/arm-none-eabi/10.3.1/../../../../arm-none-eabi/lib/thumb/v7e-m+fp/hard\libm.a(lib_a-wf_exp.o)
                0x0800ed04                expf
 .text.__ieee754_expf
                0x0800ed7c      0x1e8 c:/cube_clion/gcc-arm-none-eabi-10.3-2021.10/bin/../lib/gcc/arm-none-eabi/10.3.1/../../../../arm-none-eabi/lib/thumb/v7e-m+fp/hard\libm.a(lib_a-ef_exp.o)
                0x0800ed7c                __ieee754_expf
 .text.with_errnof
                0x0800ef64       0x18 c:/cube_clion/gcc-arm-none-eabi-10.3-2021.10/bin/../lib/gcc/arm-none-eabi/10.3.1/../../../../arm-none-eabi/lib/thumb/v7e-m+fp/hard\libm.a(lib_a-math_errf.o)
 .text.xflowf   0x0800ef7c       0x20 c:/cube_clion/gcc-arm-none-eabi-10.3-2021.10/bin/../lib/gcc/arm-none-eabi/10.3.1/../../../../arm-none-eabi/lib/thumb/v7e-m+fp/hard\libm.a(lib_a-math_errf.o)
 .text.__math_uflowf
                0x0800ef9c        0xc c:/cube_clion/gcc-arm-none-eabi-10.3-2021.10/bin/../lib/gcc/arm-none-eabi/10.3.1/../../../../arm-none-eabi/lib/thumb/v7e-m+fp/hard\libm.a(lib_a-math_errf.o)
                0x0800ef9c                __math_uflowf
 .text.__math_oflowf
                0x0800efa8        0xc c:/cube_clion/gcc-arm-none-eabi-10.3-2021.10/bin/../lib/gcc/arm-none-eabi/10.3.1/../../../../arm-none-eabi/lib/thumb/v7e-m+fp/hard\libm.a(lib_a-math_errf.o)
                0x0800efa8                __math_oflowf
 .text.finitef  0x0800efb4       0x1c c:/cube_clion/gcc-arm-none-eabi-10.3-2021.10/bin/../lib/gcc/arm-none-eabi/10.3.1/../../../../arm-none-eabi/lib/thumb/v7e-m+fp/hard\libm.a(lib_a-sf_finite.o)
                0x0800efb4                finitef
 *(.glue_7)
 .glue_7        0x0800efd0        0x0 linker stubs
 *(.glue_7t)
 .glue_7t       0x0800efd0        0x0 linker stubs
 *(.eh_frame)
 .eh_frame      0x0800efd0        0x0 c:/cube_clion/gcc-arm-none-eabi-10.3-2021.10/bin/../lib/gcc/arm-none-eabi/10.3.1/thumb/v7e-m+fp/hard/crtbegin.o
 *(.init)
 .init          0x0800efd0        0x4 c:/cube_clion/gcc-arm-none-eabi-10.3-2021.10/bin/../lib/gcc/arm-none-eabi/10.3.1/thumb/v7e-m+fp/hard/crti.o
                0x0800efd0                _init
 .init          0x0800efd4        0x8 c:/cube_clion/gcc-arm-none-eabi-10.3-2021.10/bin/../lib/gcc/arm-none-eabi/10.3.1/thumb/v7e-m+fp/hard/crtn.o
 *(.fini)
 .fini          0x0800efdc        0x4 c:/cube_clion/gcc-arm-none-eabi-10.3-2021.10/bin/../lib/gcc/arm-none-eabi/10.3.1/thumb/v7e-m+fp/hard/crti.o
                0x0800efdc                _fini
 .fini          0x0800efe0        0x8 c:/cube_clion/gcc-arm-none-eabi-10.3-2021.10/bin/../lib/gcc/arm-none-eabi/10.3.1/thumb/v7e-m+fp/hard/crtn.o
                0x0800efe8                . = ALIGN (0x4)
                0x0800efe8                _etext = .

.vfp11_veneer   0x0800efe8        0x0
 .vfp11_veneer  0x0800efe8        0x0 linker stubs

.v4_bx          0x0800efe8        0x0
 .v4_bx         0x0800efe8        0x0 linker stubs

.iplt           0x0800efe8        0x0
 .iplt          0x0800efe8        0x0 c:/cube_clion/gcc-arm-none-eabi-10.3-2021.10/bin/../lib/gcc/arm-none-eabi/10.3.1/thumb/v7e-m+fp/hard/crtbegin.o

.rodata         0x0800f000     0x4af0
                0x0800f000                . = ALIGN (0x4)
 *(.rodata)
 .rodata        0x0800f000       0x30 CMakeFiles/ai_demo.elf.dir/AI_Library/App/network_data.c.obj
 *(.rodata*)
 .rodata.dense_14_chain
                0x0800f030        0x8 CMakeFiles/ai_demo.elf.dir/AI_Library/App/network.c.obj
 .rodata.dense_14_dense_chain
                0x0800f038        0x8 CMakeFiles/ai_demo.elf.dir/AI_Library/App/network.c.obj
 .rodata.dense_15_chain
                0x0800f040        0x8 CMakeFiles/ai_demo.elf.dir/AI_Library/App/network.c.obj
 .rodata.dense_15_dense_chain
                0x0800f048        0x8 CMakeFiles/ai_demo.elf.dir/AI_Library/App/network.c.obj
 .rodata.dense_16_chain
                0x0800f050        0x8 CMakeFiles/ai_demo.elf.dir/AI_Library/App/network.c.obj
 .rodata.dense_16_dense_chain
                0x0800f058        0x8 CMakeFiles/ai_demo.elf.dir/AI_Library/App/network.c.obj
 .rodata.dense_17_chain
                0x0800f060        0x8 CMakeFiles/ai_demo.elf.dir/AI_Library/App/network.c.obj
 .rodata.dense_17_dense_chain
                0x0800f068        0x8 CMakeFiles/ai_demo.elf.dir/AI_Library/App/network.c.obj
 *fill*         0x0800f070       0x10 
 .rodata.s_network_weights_array_u64
                0x0800f080     0x4490 CMakeFiles/ai_demo.elf.dir/AI_Library/App/network_data_params.c.obj
                0x0800f080                s_network_weights_array_u64
 .rodata.ai_init.str1.4
                0x08013510       0x2c CMakeFiles/ai_demo.elf.dir/Code/ai_app.c.obj
 .rodata.ai_run.str1.4
                0x0801353c       0x2c CMakeFiles/ai_demo.elf.dir/Code/ai_app.c.obj
 .rodata.ai_val.str1.4
                0x08013568       0xd2 CMakeFiles/ai_demo.elf.dir/Code/ai_app.c.obj
 *fill*         0x0801363a        0x2 
 .rodata.usart_ai_run.str1.4
                0x0801363c       0x2f CMakeFiles/ai_demo.elf.dir/Code/ai_app.c.obj
 *fill*         0x0801366b        0x1 
 .rodata.val_data
                0x0801366c       0x28 CMakeFiles/ai_demo.elf.dir/Code/ai_app.c.obj
 .rodata.val_label
                0x08013694        0xa CMakeFiles/ai_demo.elf.dir/Code/ai_app.c.obj
 *fill*         0x0801369e        0x2 
 .rodata.main.str1.4
                0x080136a0        0x4 CMakeFiles/ai_demo.elf.dir/Core/Src/main.c.obj
 .rodata.D1CorePrescTable
                0x080136a4       0x10 CMakeFiles/ai_demo.elf.dir/Core/Src/system_stm32h7xx.c.obj
                0x080136a4                D1CorePrescTable
 .rodata.UARTPrescTable
                0x080136b4       0x18 CMakeFiles/ai_demo.elf.dir/Drivers/STM32H7xx_HAL_Driver/Src/stm32h7xx_hal_uart.c.obj
                0x080136b4                UARTPrescTable
 .rodata.denominator.0
                0x080136cc        0x8 CMakeFiles/ai_demo.elf.dir/Drivers/STM32H7xx_HAL_Driver/Src/stm32h7xx_hal_uart_ex.c.obj
 .rodata.numerator.1
                0x080136d4        0x8 CMakeFiles/ai_demo.elf.dir/Drivers/STM32H7xx_HAL_Driver/Src/stm32h7xx_hal_uart_ex.c.obj
 .rodata._global_impure_ptr
                0x080136dc        0x4 c:/cube_clion/gcc-arm-none-eabi-10.3-2021.10/bin/../lib/gcc/arm-none-eabi/10.3.1/../../../../arm-none-eabi/lib/thumb/v7e-m+fp/hard\libg.a(lib_a-impure.o)
                0x080136dc                _global_impure_ptr
 .rodata._puts_r.str1.4
                0x080136e0        0x4 c:/cube_clion/gcc-arm-none-eabi-10.3-2021.10/bin/../lib/gcc/arm-none-eabi/10.3.1/../../../../arm-none-eabi/lib/thumb/v7e-m+fp/hard\libg.a(lib_a-puts.o)
                                  0x2 (size before relaxing)
 .rodata._vfprintf_r.str1.4
                0x080136e0       0x42 c:/cube_clion/gcc-arm-none-eabi-10.3-2021.10/bin/../lib/gcc/arm-none-eabi/10.3.1/../../../../arm-none-eabi/lib/thumb/v7e-m+fp/hard\libg.a(lib_a-vfprintf.o)
 *fill*         0x08013722        0x2 
 .rodata.blanks.1
                0x08013724       0x10 c:/cube_clion/gcc-arm-none-eabi-10.3-2021.10/bin/../lib/gcc/arm-none-eabi/10.3.1/../../../../arm-none-eabi/lib/thumb/v7e-m+fp/hard\libg.a(lib_a-vfprintf.o)
 .rodata.zeroes.0
                0x08013734       0x10 c:/cube_clion/gcc-arm-none-eabi-10.3-2021.10/bin/../lib/gcc/arm-none-eabi/10.3.1/../../../../arm-none-eabi/lib/thumb/v7e-m+fp/hard\libg.a(lib_a-vfprintf.o)
 .rodata._dtoa_r.str1.4
                0x08013744       0xa2 c:/cube_clion/gcc-arm-none-eabi-10.3-2021.10/bin/../lib/gcc/arm-none-eabi/10.3.1/../../../../arm-none-eabi/lib/thumb/v7e-m+fp/hard\libg.a(lib_a-dtoa.o)
                                 0xa6 (size before relaxing)
 *fill*         0x080137e6        0x2 
 .rodata.__multadd.str1.4
                0x080137e8       0x7f c:/cube_clion/gcc-arm-none-eabi-10.3-2021.10/bin/../lib/gcc/arm-none-eabi/10.3.1/../../../../arm-none-eabi/lib/thumb/v7e-m+fp/hard\libg.a(lib_a-mprec.o)
                                 0x93 (size before relaxing)
 *fill*         0x08013867        0x1 
 .rodata.__mprec_bigtens
                0x08013868       0x28 c:/cube_clion/gcc-arm-none-eabi-10.3-2021.10/bin/../lib/gcc/arm-none-eabi/10.3.1/../../../../arm-none-eabi/lib/thumb/v7e-m+fp/hard\libg.a(lib_a-mprec.o)
                0x08013868                __mprec_bigtens
 .rodata.__mprec_tens
                0x08013890       0xc8 c:/cube_clion/gcc-arm-none-eabi-10.3-2021.10/bin/../lib/gcc/arm-none-eabi/10.3.1/../../../../arm-none-eabi/lib/thumb/v7e-m+fp/hard\libg.a(lib_a-mprec.o)
                0x08013890                __mprec_tens
 .rodata.p05.0  0x08013958        0xc c:/cube_clion/gcc-arm-none-eabi-10.3-2021.10/bin/../lib/gcc/arm-none-eabi/10.3.1/../../../../arm-none-eabi/lib/thumb/v7e-m+fp/hard\libg.a(lib_a-mprec.o)
 .rodata._vfiprintf_r.str1.4
                0x08013964       0x2f c:/cube_clion/gcc-arm-none-eabi-10.3-2021.10/bin/../lib/gcc/arm-none-eabi/10.3.1/../../../../arm-none-eabi/lib/thumb/v7e-m+fp/hard\libg.a(lib_a-vfiprintf.o)
 .rodata.blanks.1
                0x08013964       0x10 c:/cube_clion/gcc-arm-none-eabi-10.3-2021.10/bin/../lib/gcc/arm-none-eabi/10.3.1/../../../../arm-none-eabi/lib/thumb/v7e-m+fp/hard\libg.a(lib_a-vfiprintf.o)
 .rodata.zeroes.0
                0x08013974       0x10 c:/cube_clion/gcc-arm-none-eabi-10.3-2021.10/bin/../lib/gcc/arm-none-eabi/10.3.1/../../../../arm-none-eabi/lib/thumb/v7e-m+fp/hard\libg.a(lib_a-vfiprintf.o)
 .rodata.__assert_func.str1.4
                0x08013984       0x3f c:/cube_clion/gcc-arm-none-eabi-10.3-2021.10/bin/../lib/gcc/arm-none-eabi/10.3.1/../../../../arm-none-eabi/lib/thumb/v7e-m+fp/hard\libg.a(lib_a-assert.o)
                                 0x43 (size before relaxing)
 *fill*         0x080139c3        0x1 
 .rodata._setlocale_r.str1.4
                0x080139c4        0xa c:/cube_clion/gcc-arm-none-eabi-10.3-2021.10/bin/../lib/gcc/arm-none-eabi/10.3.1/../../../../arm-none-eabi/lib/thumb/v7e-m+fp/hard\libg.a(lib_a-locale.o)
                                  0xd (size before relaxing)
 *fill*         0x080139ce        0x2 
 .rodata.str1.4
                0x080139d0        0x2 c:/cube_clion/gcc-arm-none-eabi-10.3-2021.10/bin/../lib/gcc/arm-none-eabi/10.3.1/../../../../arm-none-eabi/lib/thumb/v7e-m+fp/hard\libg.a(lib_a-locale.o)
 *fill*         0x080139d2        0x2 
 .rodata._ctype_
                0x080139d4      0x101 c:/cube_clion/gcc-arm-none-eabi-10.3-2021.10/bin/../lib/gcc/arm-none-eabi/10.3.1/../../../../arm-none-eabi/lib/thumb/v7e-m+fp/hard\libg.a(lib_a-ctype_.o)
                0x080139d4                _ctype_
 *fill*         0x08013ad5        0x3 
 .rodata.halF   0x08013ad8        0x8 c:/cube_clion/gcc-arm-none-eabi-10.3-2021.10/bin/../lib/gcc/arm-none-eabi/10.3.1/../../../../arm-none-eabi/lib/thumb/v7e-m+fp/hard\libm.a(lib_a-ef_exp.o)
 .rodata.ln2HI  0x08013ae0        0x8 c:/cube_clion/gcc-arm-none-eabi-10.3-2021.10/bin/../lib/gcc/arm-none-eabi/10.3.1/../../../../arm-none-eabi/lib/thumb/v7e-m+fp/hard\libm.a(lib_a-ef_exp.o)
 .rodata.ln2LO  0x08013ae8        0x8 c:/cube_clion/gcc-arm-none-eabi-10.3-2021.10/bin/../lib/gcc/arm-none-eabi/10.3.1/../../../../arm-none-eabi/lib/thumb/v7e-m+fp/hard\libm.a(lib_a-ef_exp.o)
                0x08013af0                . = ALIGN (0x4)

.ARM.extab
 *(.ARM.extab* .gnu.linkonce.armextab.*)

.ARM            0x08013af0        0x8
                0x08013af0                __exidx_start = .
 *(.ARM.exidx*)
 .ARM.exidx     0x08013af0        0x8 c:/cube_clion/gcc-arm-none-eabi-10.3-2021.10/bin/../lib/gcc/arm-none-eabi/10.3.1/thumb/v7e-m+fp/hard\libgcc.a(_udivmoddi4.o)
                0x08013af8                __exidx_end = .

.rel.dyn        0x08013af8        0x0
 .rel.iplt      0x08013af8        0x0 c:/cube_clion/gcc-arm-none-eabi-10.3-2021.10/bin/../lib/gcc/arm-none-eabi/10.3.1/thumb/v7e-m+fp/hard/crtbegin.o

.preinit_array  0x08013af8        0x0
                0x08013af8                PROVIDE (__preinit_array_start = .)
 *(.preinit_array*)
                0x08013af8                PROVIDE (__preinit_array_end = .)

.init_array     0x08013af8        0x8
                0x08013af8                PROVIDE (__init_array_start = .)
 *(SORT_BY_NAME(.init_array.*))
 .init_array.00000
                0x08013af8        0x4 c:/cube_clion/gcc-arm-none-eabi-10.3-2021.10/bin/../lib/gcc/arm-none-eabi/10.3.1/../../../../arm-none-eabi/lib/thumb/v7e-m+fp/hard\libg.a(lib_a-__call_atexit.o)
 *(.init_array*)
 .init_array    0x08013afc        0x4 c:/cube_clion/gcc-arm-none-eabi-10.3-2021.10/bin/../lib/gcc/arm-none-eabi/10.3.1/thumb/v7e-m+fp/hard/crtbegin.o
                0x08013b00                PROVIDE (__init_array_end = .)

.fini_array     0x08013b00        0x4
                0x08013b00                PROVIDE (__fini_array_start = .)
 *(SORT_BY_NAME(.fini_array.*))
 *(.fini_array*)
 .fini_array    0x08013b00        0x4 c:/cube_clion/gcc-arm-none-eabi-10.3-2021.10/bin/../lib/gcc/arm-none-eabi/10.3.1/thumb/v7e-m+fp/hard/crtbegin.o
                0x08013b04                PROVIDE (__fini_array_end = .)
                0x08013b04                _sidata = LOADADDR (.data)

.data           0x24000000     0x12d0 load address 0x08013b04
                0x24000000                . = ALIGN (0x4)
                0x24000000                _sdata = .
 *(.data)
 *(.data*)
 .data.__compound_literal.0
                0x24000000       0x10 CMakeFiles/ai_demo.elf.dir/AI_Library/App/network.c.obj
 .data.__compound_literal.1
                0x24000010       0x10 CMakeFiles/ai_demo.elf.dir/AI_Library/App/network.c.obj
 .data.__compound_literal.10
                0x24000020       0x10 CMakeFiles/ai_demo.elf.dir/AI_Library/App/network.c.obj
 .data.__compound_literal.11
                0x24000030       0x10 CMakeFiles/ai_demo.elf.dir/AI_Library/App/network.c.obj
 .data.__compound_literal.12
                0x24000040       0x10 CMakeFiles/ai_demo.elf.dir/AI_Library/App/network.c.obj
 .data.__compound_literal.13
                0x24000050       0x10 CMakeFiles/ai_demo.elf.dir/AI_Library/App/network.c.obj
 .data.__compound_literal.14
                0x24000060       0x10 CMakeFiles/ai_demo.elf.dir/AI_Library/App/network.c.obj
 .data.__compound_literal.15
                0x24000070       0x10 CMakeFiles/ai_demo.elf.dir/AI_Library/App/network.c.obj
 .data.__compound_literal.16
                0x24000080       0x10 CMakeFiles/ai_demo.elf.dir/AI_Library/App/network.c.obj
 .data.__compound_literal.17
                0x24000090       0x10 CMakeFiles/ai_demo.elf.dir/AI_Library/App/network.c.obj
 .data.__compound_literal.18
                0x240000a0       0x10 CMakeFiles/ai_demo.elf.dir/AI_Library/App/network.c.obj
 .data.__compound_literal.19
                0x240000b0       0x10 CMakeFiles/ai_demo.elf.dir/AI_Library/App/network.c.obj
 .data.__compound_literal.2
                0x240000c0       0x10 CMakeFiles/ai_demo.elf.dir/AI_Library/App/network.c.obj
 .data.__compound_literal.20
                0x240000d0       0x10 CMakeFiles/ai_demo.elf.dir/AI_Library/App/network.c.obj
 .data.__compound_literal.21
                0x240000e0       0x10 CMakeFiles/ai_demo.elf.dir/AI_Library/App/network.c.obj
 .data.__compound_literal.22
                0x240000f0       0x10 CMakeFiles/ai_demo.elf.dir/AI_Library/App/network.c.obj
 .data.__compound_literal.23
                0x24000100       0x10 CMakeFiles/ai_demo.elf.dir/AI_Library/App/network.c.obj
 .data.__compound_literal.24
                0x24000110       0x10 CMakeFiles/ai_demo.elf.dir/AI_Library/App/network.c.obj
 .data.__compound_literal.25
                0x24000120       0x10 CMakeFiles/ai_demo.elf.dir/AI_Library/App/network.c.obj
 .data.__compound_literal.26
                0x24000130       0x10 CMakeFiles/ai_demo.elf.dir/AI_Library/App/network.c.obj
 .data.__compound_literal.27
                0x24000140       0x10 CMakeFiles/ai_demo.elf.dir/AI_Library/App/network.c.obj
 .data.__compound_literal.28
                0x24000150       0x10 CMakeFiles/ai_demo.elf.dir/AI_Library/App/network.c.obj
 .data.__compound_literal.29
                0x24000160       0x10 CMakeFiles/ai_demo.elf.dir/AI_Library/App/network.c.obj
 .data.__compound_literal.3
                0x24000170       0x10 CMakeFiles/ai_demo.elf.dir/AI_Library/App/network.c.obj
 .data.__compound_literal.30
                0x24000180       0x10 CMakeFiles/ai_demo.elf.dir/AI_Library/App/network.c.obj
 .data.__compound_literal.31
                0x24000190       0x10 CMakeFiles/ai_demo.elf.dir/AI_Library/App/network.c.obj
 .data.__compound_literal.32
                0x240001a0       0x10 CMakeFiles/ai_demo.elf.dir/AI_Library/App/network.c.obj
 .data.__compound_literal.33
                0x240001b0       0x10 CMakeFiles/ai_demo.elf.dir/AI_Library/App/network.c.obj
 .data.__compound_literal.34
                0x240001c0        0x4 CMakeFiles/ai_demo.elf.dir/AI_Library/App/network.c.obj
 .data.__compound_literal.35
                0x240001c4        0x4 CMakeFiles/ai_demo.elf.dir/AI_Library/App/network.c.obj
 .data.__compound_literal.38
                0x240001c8       0x30 CMakeFiles/ai_demo.elf.dir/AI_Library/App/network.c.obj
 .data.__compound_literal.39
                0x240001f8        0x4 CMakeFiles/ai_demo.elf.dir/AI_Library/App/network.c.obj
 .data.__compound_literal.4
                0x240001fc       0x10 CMakeFiles/ai_demo.elf.dir/AI_Library/App/network.c.obj
 .data.__compound_literal.40
                0x2400020c        0x4 CMakeFiles/ai_demo.elf.dir/AI_Library/App/network.c.obj
 .data.__compound_literal.41
                0x24000210        0x8 CMakeFiles/ai_demo.elf.dir/AI_Library/App/network.c.obj
 .data.__compound_literal.43
                0x24000218       0x30 CMakeFiles/ai_demo.elf.dir/AI_Library/App/network.c.obj
 .data.__compound_literal.44
                0x24000248        0x4 CMakeFiles/ai_demo.elf.dir/AI_Library/App/network.c.obj
 .data.__compound_literal.45
                0x2400024c        0x4 CMakeFiles/ai_demo.elf.dir/AI_Library/App/network.c.obj
 .data.__compound_literal.48
                0x24000250       0x30 CMakeFiles/ai_demo.elf.dir/AI_Library/App/network.c.obj
 .data.__compound_literal.49
                0x24000280        0x4 CMakeFiles/ai_demo.elf.dir/AI_Library/App/network.c.obj
 .data.__compound_literal.5
                0x24000284       0x10 CMakeFiles/ai_demo.elf.dir/AI_Library/App/network.c.obj
 .data.__compound_literal.50
                0x24000294        0x4 CMakeFiles/ai_demo.elf.dir/AI_Library/App/network.c.obj
 .data.__compound_literal.51
                0x24000298        0x8 CMakeFiles/ai_demo.elf.dir/AI_Library/App/network.c.obj
 .data.__compound_literal.53
                0x240002a0       0x30 CMakeFiles/ai_demo.elf.dir/AI_Library/App/network.c.obj
 .data.__compound_literal.54
                0x240002d0        0x4 CMakeFiles/ai_demo.elf.dir/AI_Library/App/network.c.obj
 .data.__compound_literal.55
                0x240002d4        0x4 CMakeFiles/ai_demo.elf.dir/AI_Library/App/network.c.obj
 .data.__compound_literal.58
                0x240002d8       0x30 CMakeFiles/ai_demo.elf.dir/AI_Library/App/network.c.obj
 .data.__compound_literal.59
                0x24000308        0x4 CMakeFiles/ai_demo.elf.dir/AI_Library/App/network.c.obj
 .data.__compound_literal.6
                0x2400030c       0x10 CMakeFiles/ai_demo.elf.dir/AI_Library/App/network.c.obj
 .data.__compound_literal.60
                0x2400031c        0x4 CMakeFiles/ai_demo.elf.dir/AI_Library/App/network.c.obj
 .data.__compound_literal.61
                0x24000320        0x8 CMakeFiles/ai_demo.elf.dir/AI_Library/App/network.c.obj
 .data.__compound_literal.63
                0x24000328       0x30 CMakeFiles/ai_demo.elf.dir/AI_Library/App/network.c.obj
 .data.__compound_literal.64
                0x24000358        0x4 CMakeFiles/ai_demo.elf.dir/AI_Library/App/network.c.obj
 .data.__compound_literal.65
                0x2400035c        0x4 CMakeFiles/ai_demo.elf.dir/AI_Library/App/network.c.obj
 .data.__compound_literal.68
                0x24000360       0x30 CMakeFiles/ai_demo.elf.dir/AI_Library/App/network.c.obj
 .data.__compound_literal.69
                0x24000390        0x4 CMakeFiles/ai_demo.elf.dir/AI_Library/App/network.c.obj
 .data.__compound_literal.7
                0x24000394       0x10 CMakeFiles/ai_demo.elf.dir/AI_Library/App/network.c.obj
 .data.__compound_literal.70
                0x240003a4        0x4 CMakeFiles/ai_demo.elf.dir/AI_Library/App/network.c.obj
 .data.__compound_literal.71
                0x240003a8        0x8 CMakeFiles/ai_demo.elf.dir/AI_Library/App/network.c.obj
 .data.__compound_literal.73
                0x240003b0       0x30 CMakeFiles/ai_demo.elf.dir/AI_Library/App/network.c.obj
 .data.__compound_literal.74
                0x240003e0       0x10 CMakeFiles/ai_demo.elf.dir/AI_Library/App/network.c.obj
 .data.__compound_literal.75
                0x240003f0       0x1c CMakeFiles/ai_demo.elf.dir/AI_Library/App/network.c.obj
 .data.__compound_literal.76
                0x2400040c       0x10 CMakeFiles/ai_demo.elf.dir/AI_Library/App/network.c.obj
 .data.__compound_literal.77
                0x2400041c       0x1c CMakeFiles/ai_demo.elf.dir/AI_Library/App/network.c.obj
 .data.__compound_literal.78
                0x24000438        0x4 CMakeFiles/ai_demo.elf.dir/AI_Library/App/network.c.obj
 .data.__compound_literal.8
                0x2400043c       0x10 CMakeFiles/ai_demo.elf.dir/AI_Library/App/network.c.obj
 .data.__compound_literal.82
                0x2400044c        0xc CMakeFiles/ai_demo.elf.dir/AI_Library/App/network.c.obj
 .data.__compound_literal.83
                0x24000458        0x4 CMakeFiles/ai_demo.elf.dir/AI_Library/App/network.c.obj
 .data.__compound_literal.87
                0x2400045c        0xc CMakeFiles/ai_demo.elf.dir/AI_Library/App/network.c.obj
 .data.__compound_literal.88
                0x24000468       0x18 CMakeFiles/ai_demo.elf.dir/AI_Library/App/network.c.obj
 .data.__compound_literal.9
                0x24000480       0x10 CMakeFiles/ai_demo.elf.dir/AI_Library/App/network.c.obj
 .data.dense_14_dense_bias
                0x24000490       0x1c CMakeFiles/ai_demo.elf.dir/AI_Library/App/network.c.obj
 .data.dense_14_dense_bias_array
                0x240004ac       0x10 CMakeFiles/ai_demo.elf.dir/AI_Library/App/network.c.obj
 .data.dense_14_dense_layer
                0x240004bc       0x1c CMakeFiles/ai_demo.elf.dir/AI_Library/App/network.c.obj
 .data.dense_14_dense_output
                0x240004d8       0x1c CMakeFiles/ai_demo.elf.dir/AI_Library/App/network.c.obj
 .data.dense_14_dense_output_array
                0x240004f4       0x10 CMakeFiles/ai_demo.elf.dir/AI_Library/App/network.c.obj
 .data.dense_14_dense_weights
                0x24000504       0x1c CMakeFiles/ai_demo.elf.dir/AI_Library/App/network.c.obj
 .data.dense_14_dense_weights_array
                0x24000520       0x10 CMakeFiles/ai_demo.elf.dir/AI_Library/App/network.c.obj
 .data.dense_14_layer
                0x24000530       0x20 CMakeFiles/ai_demo.elf.dir/AI_Library/App/network.c.obj
 .data.dense_14_output
                0x24000550       0x1c CMakeFiles/ai_demo.elf.dir/AI_Library/App/network.c.obj
 .data.dense_14_output_array
                0x2400056c       0x10 CMakeFiles/ai_demo.elf.dir/AI_Library/App/network.c.obj
 .data.dense_15_dense_bias
                0x2400057c       0x1c CMakeFiles/ai_demo.elf.dir/AI_Library/App/network.c.obj
 .data.dense_15_dense_bias_array
                0x24000598       0x10 CMakeFiles/ai_demo.elf.dir/AI_Library/App/network.c.obj
 .data.dense_15_dense_layer
                0x240005a8       0x1c CMakeFiles/ai_demo.elf.dir/AI_Library/App/network.c.obj
 .data.dense_15_dense_output
                0x240005c4       0x1c CMakeFiles/ai_demo.elf.dir/AI_Library/App/network.c.obj
 .data.dense_15_dense_output_array
                0x240005e0       0x10 CMakeFiles/ai_demo.elf.dir/AI_Library/App/network.c.obj
 .data.dense_15_dense_weights
                0x240005f0       0x1c CMakeFiles/ai_demo.elf.dir/AI_Library/App/network.c.obj
 .data.dense_15_dense_weights_array
                0x2400060c       0x10 CMakeFiles/ai_demo.elf.dir/AI_Library/App/network.c.obj
 .data.dense_15_layer
                0x2400061c       0x20 CMakeFiles/ai_demo.elf.dir/AI_Library/App/network.c.obj
 .data.dense_15_output
                0x2400063c       0x1c CMakeFiles/ai_demo.elf.dir/AI_Library/App/network.c.obj
 .data.dense_15_output_array
                0x24000658       0x10 CMakeFiles/ai_demo.elf.dir/AI_Library/App/network.c.obj
 .data.dense_16_dense_bias
                0x24000668       0x1c CMakeFiles/ai_demo.elf.dir/AI_Library/App/network.c.obj
 .data.dense_16_dense_bias_array
                0x24000684       0x10 CMakeFiles/ai_demo.elf.dir/AI_Library/App/network.c.obj
 .data.dense_16_dense_layer
                0x24000694       0x1c CMakeFiles/ai_demo.elf.dir/AI_Library/App/network.c.obj
 .data.dense_16_dense_output