Archive member included to satisfy reference by file (symbol)

c:/cube_clion/gcc-arm-none-eabi-10.3-2021.10/bin/../lib/gcc/arm-none-eabi/10.3.1/thumb/v7e-m/nofp\libgcc.a(_arm_mulsf3.o)
                              CMakeFiles/ai_demo.elf.dir/Core/Src/system_stm32h7xx.c.obj (__aeabi_fmul)
c:/cube_clion/gcc-arm-none-eabi-10.3-2021.10/bin/../lib/gcc/arm-none-eabi/10.3.1/thumb/v7e-m/nofp\libgcc.a(_arm_addsubsf3.o)
                              CMakeFiles/ai_demo.elf.dir/Core/Src/system_stm32h7xx.c.obj (__aeabi_fadd)
c:/cube_clion/gcc-arm-none-eabi-10.3-2021.10/bin/../lib/gcc/arm-none-eabi/10.3.1/thumb/v7e-m/nofp\libgcc.a(_arm_muldivsf3.o)
                              CMakeFiles/ai_demo.elf.dir/Core/Src/system_stm32h7xx.c.obj (__aeabi_fdiv)
c:/cube_clion/gcc-arm-none-eabi-10.3-2021.10/bin/../lib/gcc/arm-none-eabi/10.3.1/thumb/v7e-m/nofp\libgcc.a(_arm_fixunssfsi.o)
                              CMakeFiles/ai_demo.elf.dir/Core/Src/system_stm32h7xx.c.obj (__aeabi_f2uiz)
c:/cube_clion/gcc-arm-none-eabi-10.3-2021.10/bin/../lib/gcc/arm-none-eabi/10.3.1/thumb/v7e-m/nofp\libgcc.a(_aeabi_uldivmod.o)
                              CMakeFiles/ai_demo.elf.dir/Drivers/STM32H7xx_HAL_Driver/Src/stm32h7xx_hal_uart.c.obj (__aeabi_uldivmod)
c:/cube_clion/gcc-arm-none-eabi-10.3-2021.10/bin/../lib/gcc/arm-none-eabi/10.3.1/thumb/v7e-m/nofp\libgcc.a(_udivmoddi4.o)
                              c:/cube_clion/gcc-arm-none-eabi-10.3-2021.10/bin/../lib/gcc/arm-none-eabi/10.3.1/thumb/v7e-m/nofp\libgcc.a(_aeabi_uldivmod.o) (__udivmoddi4)
c:/cube_clion/gcc-arm-none-eabi-10.3-2021.10/bin/../lib/gcc/arm-none-eabi/10.3.1/thumb/v7e-m/nofp\libgcc.a(_dvmd_tls.o)
                              c:/cube_clion/gcc-arm-none-eabi-10.3-2021.10/bin/../lib/gcc/arm-none-eabi/10.3.1/thumb/v7e-m/nofp\libgcc.a(_aeabi_uldivmod.o) (__aeabi_ldiv0)
c:/cube_clion/gcc-arm-none-eabi-10.3-2021.10/bin/../lib/gcc/arm-none-eabi/10.3.1/../../../../arm-none-eabi/lib/thumb/v7e-m/nofp\libg.a(lib_a-errno.o)
                              CMakeFiles/ai_demo.elf.dir/Core/Src/syscalls.c.obj (__errno)
c:/cube_clion/gcc-arm-none-eabi-10.3-2021.10/bin/../lib/gcc/arm-none-eabi/10.3.1/../../../../arm-none-eabi/lib/thumb/v7e-m/nofp\libg.a(lib_a-exit.o)
                              c:/cube_clion/gcc-arm-none-eabi-10.3-2021.10/bin/../lib/gcc/arm-none-eabi/10.3.1/../../../../arm-none-eabi/lib/thumb/v7e-m/nofp/crt0.o (exit)
c:/cube_clion/gcc-arm-none-eabi-10.3-2021.10/bin/../lib/gcc/arm-none-eabi/10.3.1/../../../../arm-none-eabi/lib/thumb/v7e-m/nofp\libg.a(lib_a-impure.o)
                              c:/cube_clion/gcc-arm-none-eabi-10.3-2021.10/bin/../lib/gcc/arm-none-eabi/10.3.1/../../../../arm-none-eabi/lib/thumb/v7e-m/nofp\libg.a(lib_a-exit.o) (_global_impure_ptr)
c:/cube_clion/gcc-arm-none-eabi-10.3-2021.10/bin/../lib/gcc/arm-none-eabi/10.3.1/../../../../arm-none-eabi/lib/thumb/v7e-m/nofp\libg.a(lib_a-init.o)
                              c:/cube_clion/gcc-arm-none-eabi-10.3-2021.10/bin/../lib/gcc/arm-none-eabi/10.3.1/../../../../arm-none-eabi/lib/thumb/v7e-m/nofp/crt0.o (__libc_init_array)
c:/cube_clion/gcc-arm-none-eabi-10.3-2021.10/bin/../lib/gcc/arm-none-eabi/10.3.1/../../../../arm-none-eabi/lib/thumb/v7e-m/nofp\libg.a(lib_a-memset.o)
                              c:/cube_clion/gcc-arm-none-eabi-10.3-2021.10/bin/../lib/gcc/arm-none-eabi/10.3.1/../../../../arm-none-eabi/lib/thumb/v7e-m/nofp/crt0.o (memset)
c:/cube_clion/gcc-arm-none-eabi-10.3-2021.10/bin/../lib/gcc/arm-none-eabi/10.3.1/../../../../arm-none-eabi/lib/thumb/v7e-m/nofp\libg.a(lib_a-__call_atexit.o)
                              c:/cube_clion/gcc-arm-none-eabi-10.3-2021.10/bin/../lib/gcc/arm-none-eabi/10.3.1/../../../../arm-none-eabi/lib/thumb/v7e-m/nofp\libg.a(lib_a-exit.o) (__call_exitprocs)
c:/cube_clion/gcc-arm-none-eabi-10.3-2021.10/bin/../lib/gcc/arm-none-eabi/10.3.1/../../../../arm-none-eabi/lib/thumb/v7e-m/nofp\libg.a(lib_a-atexit.o)
                              c:/cube_clion/gcc-arm-none-eabi-10.3-2021.10/bin/../lib/gcc/arm-none-eabi/10.3.1/../../../../arm-none-eabi/lib/thumb/v7e-m/nofp\libg.a(lib_a-__call_atexit.o) (atexit)
c:/cube_clion/gcc-arm-none-eabi-10.3-2021.10/bin/../lib/gcc/arm-none-eabi/10.3.1/../../../../arm-none-eabi/lib/thumb/v7e-m/nofp\libg.a(lib_a-fini.o)
                              c:/cube_clion/gcc-arm-none-eabi-10.3-2021.10/bin/../lib/gcc/arm-none-eabi/10.3.1/../../../../arm-none-eabi/lib/thumb/v7e-m/nofp\libg.a(lib_a-__call_atexit.o) (__libc_fini_array)
c:/cube_clion/gcc-arm-none-eabi-10.3-2021.10/bin/../lib/gcc/arm-none-eabi/10.3.1/../../../../arm-none-eabi/lib/thumb/v7e-m/nofp\libg.a(lib_a-lock.o)
                              c:/cube_clion/gcc-arm-none-eabi-10.3-2021.10/bin/../lib/gcc/arm-none-eabi/10.3.1/../../../../arm-none-eabi/lib/thumb/v7e-m/nofp\libg.a(lib_a-__call_atexit.o) (__retarget_lock_acquire_recursive)
c:/cube_clion/gcc-arm-none-eabi-10.3-2021.10/bin/../lib/gcc/arm-none-eabi/10.3.1/../../../../arm-none-eabi/lib/thumb/v7e-m/nofp\libg.a(lib_a-__atexit.o)
[...]
Memory Configuration

Name             Origin             Length             Attributes
ITCMRAM          0x00000000         0x00010000         xrw
DTCMRAM          0x20000000         0x00020000         xrw
FLASH            0x08000000         0x00100000         xr
RAM_D1           0x24000000         0x00050000         xrw
RAM_D2           0x30000000         0x00008000         xrw
RAM_D3           0x38000000         0x00004000         xrw
*default*        0x00000000         0xffffffff

Linker script and memory map

LOAD c:/cube_clion/gcc-arm-none-eabi-10.3-2021.10/bin/../lib/gcc/arm-none-eabi/10.3.1/thumb/v7e-m/nofp/crti.o
LOAD c:/cube_clion/gcc-arm-none-eabi-10.3-2021.10/bin/../lib/gcc/arm-none-eabi/10.3.1/thumb/v7e-m/nofp/crtbegin.o
LOAD c:/cube_clion/gcc-arm-none-eabi-10.3-2021.10/bin/../lib/gcc/arm-none-eabi/10.3.1/../../../../arm-none-eabi/lib/thumb/v7e-m/nofp/crt0.o
LOAD CMakeFiles/ai_demo.elf.dir/Code/all_init.c.obj
LOAD CMakeFiles/ai_demo.elf.dir/Code/tim_callback.c.obj
LOAD CMakeFiles/ai_demo.elf.dir/Code/uart_callback.c.obj
LOAD CMakeFiles/ai_demo.elf.dir/Code/usart_printf.c.obj
LOAD CMakeFiles/ai_demo.elf.dir/Core/Src/crc.c.obj
LOAD CMakeFiles/ai_demo.elf.dir/Core/Src/dts.c.obj
LOAD CMakeFiles/ai_demo.elf.dir/Core/Src/gpio.c.obj
LOAD CMakeFiles/ai_demo.elf.dir/Core/Src/main.c.obj
LOAD CMakeFiles/ai_demo.elf.dir/Core/Src/stm32h7xx_hal_msp.c.obj
LOAD CMakeFiles/ai_demo.elf.dir/Core/Src/stm32h7xx_it.c.obj
LOAD CMakeFiles/ai_demo.elf.dir/Core/Src/syscalls.c.obj
LOAD CMakeFiles/ai_demo.elf.dir/Core/Src/sysmem.c.obj
LOAD CMakeFiles/ai_demo.elf.dir/Core/Src/system_stm32h7xx.c.obj
LOAD CMakeFiles/ai_demo.elf.dir/Core/Src/tim.c.obj
LOAD CMakeFiles/ai_demo.elf.dir/Core/Src/usart.c.obj
LOAD CMakeFiles/ai_demo.elf.dir/Core/Startup/startup_stm32h723zgtx.s.obj
LOAD CMakeFiles/ai_demo.elf.dir/Drivers/STM32H7xx_HAL_Driver/Src/stm32h7xx_hal.c.obj
LOAD CMakeFiles/ai_demo.elf.dir/Drivers/STM32H7xx_HAL_Driver/Src/stm32h7xx_hal_cortex.c.obj
LOAD CMakeFiles/ai_demo.elf.dir/Drivers/STM32H7xx_HAL_Driver/Src/stm32h7xx_hal_crc.c.obj
LOAD CMakeFiles/ai_demo.elf.dir/Drivers/STM32H7xx_HAL_Driver/Src/stm32h7xx_hal_crc_ex.c.obj
LOAD CMakeFiles/ai_demo.elf.dir/Drivers/STM32H7xx_HAL_Driver/Src/stm32h7xx_hal_dma.c.obj
LOAD CMakeFiles/ai_demo.elf.dir/Drivers/STM32H7xx_HAL_Driver/Src/stm32h7xx_hal_dma_ex.c.obj
LOAD CMakeFiles/ai_demo.elf.dir/Drivers/STM32H7xx_HAL_Driver/Src/stm32h7xx_hal_dts.c.obj
LOAD CMakeFiles/ai_demo.elf.dir/Drivers/STM32H7xx_HAL_Driver/Src/stm32h7xx_hal_exti.c.obj
LOAD CMakeFiles/ai_demo.elf.dir/Drivers/STM32H7xx_HAL_Driver/Src/stm32h7xx_hal_flash.c.obj
LOAD CMakeFiles/ai_demo.elf.dir/Drivers/STM32H7xx_HAL_Driver/Src/stm32h7xx_hal_flash_ex.c.obj
LOAD CMakeFiles/ai_demo.elf.dir/Drivers/STM32H7xx_HAL_Driver/Src/stm32h7xx_hal_gpio.c.obj
LOAD CMakeFiles/ai_demo.elf.dir/Drivers/STM32H7xx_HAL_Driver/Src/stm32h7xx_hal_hsem.c.obj
LOAD CMakeFiles/ai_demo.elf.dir/Drivers/STM32H7xx_HAL_Driver/Src/stm32h7xx_hal_i2c.c.obj
LOAD CMakeFiles/ai_demo.elf.dir/Drivers/STM32H7xx_HAL_Driver/Src/stm32h7xx_hal_i2c_ex.c.obj
LOAD CMakeFiles/ai_demo.elf.dir/Drivers/STM32H7xx_HAL_Driver/Src/stm32h7xx_hal_mdma.c.obj
LOAD CMakeFiles/ai_demo.elf.dir/Drivers/STM32H7xx_HAL_Driver/Src/stm32h7xx_hal_pwr.c.obj
LOAD CMakeFiles/ai_demo.elf.dir/Drivers/STM32H7xx_HAL_Driver/Src/stm32h7xx_hal_pwr_ex.c.obj
LOAD CMakeFiles/ai_demo.elf.dir/Drivers/STM32H7xx_HAL_Driver/Src/stm32h7xx_hal_rcc.c.obj
LOAD CMakeFiles/ai_demo.elf.dir/Drivers/STM32H7xx_HAL_Driver/Src/stm32h7xx_hal_rcc_ex.c.obj
LOAD CMakeFiles/ai_demo.elf.dir/Drivers/STM32H7xx_HAL_Driver/Src/stm32h7xx_hal_tim.c.obj
LOAD CMakeFiles/ai_demo.elf.dir/Drivers/STM32H7xx_HAL_Driver/Src/stm32h7xx_hal_tim_ex.c.obj
LOAD CMakeFiles/ai_demo.elf.dir/Drivers/STM32H7xx_HAL_Driver/Src/stm32h7xx_hal_uart.c.obj
LOAD CMakeFiles/ai_demo.elf.dir/Drivers/STM32H7xx_HAL_Driver/Src/stm32h7xx_hal_uart_ex.c.obj
START GROUP
LOAD c:/cube_clion/gcc-arm-none-eabi-10.3-2021.10/bin/../lib/gcc/arm-none-eabi/10.3.1/thumb/v7e-m/nofp\libgcc.a
LOAD c:/cube_clion/gcc-arm-none-eabi-10.3-2021.10/bin/../lib/gcc/arm-none-eabi/10.3.1/../../../../arm-none-eabi/lib/thumb/v7e-m/nofp\libg.a
LOAD c:/cube_clion/gcc-arm-none-eabi-10.3-2021.10/bin/../lib/gcc/arm-none-eabi/10.3.1/../../../../arm-none-eabi/lib/thumb/v7e-m/nofp\libc.a
END GROUP
LOAD c:/cube_clion/gcc-arm-none-eabi-10.3-2021.10/bin/../lib/gcc/arm-none-eabi/10.3.1/thumb/v7e-m/nofp/crtend.o
LOAD c:/cube_clion/gcc-arm-none-eabi-10.3-2021.10/bin/../lib/gcc/arm-none-eabi/10.3.1/thumb/v7e-m/nofp/crtn.o
                0x24050000                _estack = (ORIGIN (RAM_D1) + LENGTH (RAM_D1))
                0x00000200                _Min_Heap_Size = 0x200
                0x00000400                _Min_Stack_Size = 0x400

.isr_vector     0x08000000      0x2cc
                0x08000000                . = ALIGN (0x4)
 *(.isr_vector)
 .isr_vector    0x08000000      0x2cc CMakeFiles/ai_demo.elf.dir/Core/Startup/startup_stm32h723zgtx.s.obj
                0x08000000                g_pfnVectors
                0x080002cc                . = ALIGN (0x4)

.text           0x080002cc     0x51d0
                0x080002cc                . = ALIGN (0x4)
 *(.text)
 .text          0x080002cc       0x40 c:/cube_clion/gcc-arm-none-eabi-10.3-2021.10/bin/../lib/gcc/arm-none-eabi/10.3.1/thumb/v7e-m/nofp/crtbegin.o
 .text          0x0800030c      0x21c c:/cube_clion/gcc-arm-none-eabi-10.3-2021.10/bin/../lib/gcc/arm-none-eabi/10.3.1/thumb/v7e-m/nofp\libgcc.a(_arm_addsubsf3.o)
                0x0800030c                __aeabi_frsub
                0x08000314                __subsf3
                0x08000314                __aeabi_fsub
                0x08000318                __aeabi_fadd
                0x08000318                __addsf3
                0x08000478                __aeabi_ui2f
                0x08000478                __floatunsisf
                0x08000480                __aeabi_i2f
                0x08000480                __floatsisf
                0x0800049c                __aeabi_ul2f
                0x0800049c                __floatundisf
                0x080004ac                __aeabi_l2f
                0x080004ac                __floatdisf
 .text          0x08000528      0x2a0 c:/cube_clion/gcc-arm-none-eabi-10.3-2021.10/bin/../lib/gcc/arm-none-eabi/10.3.1/thumb/v7e-m/nofp\libgcc.a(_arm_muldivsf3.o)
                0x08000528                __mulsf3
                0x08000528                __aeabi_fmul
                0x08000690                __aeabi_fdiv
                0x08000690                __divsf3
 .text          0x080007c8       0x40 c:/cube_clion/gcc-arm-none-eabi-10.3-2021.10/bin/../lib/gcc/arm-none-eabi/10.3.1/thumb/v7e-m/nofp\libgcc.a(_arm_fixunssfsi.o)
                0x080007c8                __fixunssfsi
                0x080007c8                __aeabi_f2uiz
 .text          0x08000808       0x30 c:/cube_clion/gcc-arm-none-eabi-10.3-2021.10/bin/../lib/gcc/arm-none-eabi/10.3.1/thumb/v7e-m/nofp\libgcc.a(_aeabi_uldivmod.o)
                0x08000808                __aeabi_uldivmod
 .text          0x08000838      0x2d0 c:/cube_clion/gcc-arm-none-eabi-10.3-2021.10/bin/../lib/gcc/arm-none-eabi/10.3.1/thumb/v7e-m/nofp\libgcc.a(_udivmoddi4.o)
                0x08000838                __udivmoddi4
 .text          0x08000b08        0x4 c:/cube_clion/gcc-arm-none-eabi-10.3-2021.10/bin/../lib/gcc/arm-none-eabi/10.3.1/thumb/v7e-m/nofp\libgcc.a(_dvmd_tls.o)
                0x08000b08                __aeabi_idiv0
                0x08000b08                __aeabi_ldiv0
 *(.text*)
 .text.all_init
                0x08000b0c       0x2c CMakeFiles/ai_demo.elf.dir/Code/all_init.c.obj
                0x08000b0c                all_init
 .text.HAL_TIM_PeriodElapsedCallback
                0x08000b38       0x1c CMakeFiles/ai_demo.elf.dir/Code/tim_callback.c.obj
                0x08000b38                HAL_TIM_PeriodElapsedCallback
 .text.HAL_UART_RxCpltCallback
                0x08000b54       0x20 CMakeFiles/ai_demo.elf.dir/Code/uart_callback.c.obj
                0x08000b54                HAL_UART_RxCpltCallback
 .text.MX_CRC_Init
                0x08000b74       0x2c CMakeFiles/ai_demo.elf.dir/Core/Src/crc.c.obj
                0x08000b74                MX_CRC_Init
 .text.HAL_CRC_MspInit
                0x08000ba0       0x30 CMakeFiles/ai_demo.elf.dir/Core/Src/crc.c.obj
                0x08000ba0                HAL_CRC_MspInit
 .text.MX_DTS_Init
                0x08000bd0       0x34 CMakeFiles/ai_demo.elf.dir/Core/Src/dts.c.obj
                0x08000bd0                MX_DTS_Init
 .text.HAL_DTS_MspInit
                0x08000c04       0x30 CMakeFiles/ai_demo.elf.dir/Core/Src/dts.c.obj
                0x08000c04                HAL_DTS_MspInit
 .text.MX_GPIO_Init
                0x08000c34       0x8c CMakeFiles/ai_demo.elf.dir/Core/Src/gpio.c.obj
                0x08000c34                MX_GPIO_Init
 .text.Error_Handler
                0x08000cc0        0x4 CMakeFiles/ai_demo.elf.dir/Core/Src/main.c.obj
                0x08000cc0                Error_Handler
 .text.SystemClock_Config
                0x08000cc4       0xac CMakeFiles/ai_demo.elf.dir/Core/Src/main.c.obj
                0x08000cc4                SystemClock_Config
 .text.main     0x08000d70       0x24 CMakeFiles/ai_demo.elf.dir/Core/Src/main.c.obj
                0x08000d70                main
 .text.HAL_MspInit
                0x08000d94       0x24 CMakeFiles/ai_demo.elf.dir/Core/Src/stm32h7xx_hal_msp.c.obj
                0x08000d94                HAL_MspInit
 .text.NMI_Handler
                0x08000db8        0x2 CMakeFiles/ai_demo.elf.dir/Core/Src/stm32h7xx_it.c.obj
                0x08000db8                NMI_Handler
 .text.HardFault_Handler
                0x08000dba        0x2 CMakeFiles/ai_demo.elf.dir/Core/Src/stm32h7xx_it.c.obj
                0x08000dba                HardFault_Handler
 .text.MemManage_Handler
                0x08000dbc        0x2 CMakeFiles/ai_demo.elf.dir/Core/Src/stm32h7xx_it.c.obj
                0x08000dbc                MemManage_Handler
 .text.BusFault_Handler
                0x08000dbe        0x2 CMakeFiles/ai_demo.elf.dir/Core/Src/stm32h7xx_it.c.obj
                0x08000dbe                BusFault_Handler
 .text.UsageFault_Handler
                0x08000dc0        0x2 CMakeFiles/ai_demo.elf.dir/Core/Src/stm32h7xx_it.c.obj
                0x08000dc0                UsageFault_Handler
 .text.SVC_Handler
                0x08000dc2        0x2 CMakeFiles/ai_demo.elf.dir/Core/Src/stm32h7xx_it.c.obj
                0x08000dc2                SVC_Handler
 .text.DebugMon_Handler
                0x08000dc4        0x2 CMakeFiles/ai_demo.elf.dir/Core/Src/stm32h7xx_it.c.obj
                0x08000dc4                DebugMon_Handler
 .text.PendSV_Handler
                0x08000dc6        0x2 CMakeFiles/ai_demo.elf.dir/Core/Src/stm32h7xx_it.c.obj
                0x08000dc6                PendSV_Handler
 .text.SysTick_Handler
                0x08000dc8        0x8 CMakeFiles/ai_demo.elf.dir/Core/Src/stm32h7xx_it.c.obj
                0x08000dc8                SysTick_Handler
 .text.USART1_IRQHandler
                0x08000dd0       0x20 CMakeFiles/ai_demo.elf.dir/Core/Src/stm32h7xx_it.c.obj
                0x08000dd0                USART1_IRQHandler
 .text.TIM6_DAC_IRQHandler
                0x08000df0       0x10 CMakeFiles/ai_demo.elf.dir/Core/Src/stm32h7xx_it.c.obj
                0x08000df0                TIM6_DAC_IRQHandler
 .text.SystemInit
                0x08000e00       0x98 CMakeFiles/ai_demo.elf.dir/Core/Src/system_stm32h7xx.c.obj
                0x08000e00                SystemInit
 .text.MX_TIM6_Init
                0x08000e98       0x54 CMakeFiles/ai_demo.elf.dir/Core/Src/tim.c.obj
                0x08000e98                MX_TIM6_Init
 .text.HAL_TIM_Base_MspInit
                0x08000eec       0x48 CMakeFiles/ai_demo.elf.dir/Core/Src/tim.c.obj
                0x08000eec                HAL_TIM_Base_MspInit
 .text.MX_USART1_UART_Init
                0x08000f34       0x68 CMakeFiles/ai_demo.elf.dir/Core/Src/usart.c.obj
                0x08000f34                MX_USART1_UART_Init
 .text.HAL_UART_MspInit
                0x08000f9c       0xa8 CMakeFiles/ai_demo.elf.dir/Core/Src/usart.c.obj
                0x08000f9c                HAL_UART_MspInit
 .text.Reset_Handler
                0x08001044       0x50 CMakeFiles/ai_demo.elf.dir/Core/Startup/startup_stm32h723zgtx.s.obj
                0x08001044                Reset_Handler
 .text.Default_Handler
                0x08001094        0x2 CMakeFiles/ai_demo.elf.dir/Core/Startup/startup_stm32h723zgtx.s.obj
                0x08001094                RTC_Alarm_IRQHandler
                0x08001094                EXTI2_IRQHandler
                0x08001094                TIM8_CC_IRQHandler
                0x08001094                UART8_IRQHandler
                0x08001094                SPI4_IRQHandler
                0x08001094                FDCAN3_IT0_IRQHandler
                0x08001094                TIM1_CC_IRQHandler
                0x08001094                BDMA_Channel6_IRQHandler
                0x08001094                DMA2_Stream5_IRQHandler
                0x08001094                DMA1_Stream5_IRQHandler
                0x08001094                CORDIC_IRQHandler
                0x08001094                BDMA_Channel1_IRQHandler
                0x08001094                TAMP_STAMP_IRQHandler
                0x08001094                EXTI3_IRQHandler
                0x08001094                LPTIM4_IRQHandler
                0x08001094                TIM8_TRG_COM_TIM14_IRQHandler
                0x08001094                LPTIM2_IRQHandler
                0x08001094                DFSDM1_FLT1_IRQHandler
                0x08001094                DMAMUX2_OVR_IRQHandler
                0x08001094                TIM8_UP_TIM13_IRQHandler
                0x08001094                I2C3_ER_IRQHandler
                0x08001094                DFSDM1_FLT2_IRQHandler
                0x08001094                I2C5_EV_IRQHandler
                0x08001094                USART10_IRQHandler
                0x08001094                MDMA_IRQHandler
                0x08001094                LPTIM3_IRQHandler
                0x08001094                HSEM1_IRQHandler
                0x08001094                EXTI0_IRQHandler
                0x08001094                I2C2_EV_IRQHandler
                0x08001094                DMA1_Stream2_IRQHandler
                0x08001094                FPU_IRQHandler
                0x08001094                OTG_HS_WKUP_IRQHandler
                0x08001094                FDCAN1_IT1_IRQHandler
                0x08001094                LTDC_ER_IRQHandler
                0x08001094                DMA2_Stream2_IRQHandler
                0x08001094                SPI1_IRQHandler
                0x08001094                OCTOSPI1_IRQHandler
                0x08001094                DMA2_Stream3_IRQHandler
                0x08001094                OCTOSPI2_IRQHandler
                0x08001094                DFSDM1_FLT3_IRQHandler
                0x08001094                TIM23_IRQHandler
                0x08001094                USART6_IRQHandler
                0x08001094                TIM17_IRQHandler
                0x08001094                USART3_IRQHandler
                0x08001094                BDMA_Channel7_IRQHandler
                0x08001094                LPTIM5_IRQHandler
                0x08001094                UART5_IRQHandler
                0x08001094                ADC3_IRQHandler
                0x08001094                DMA2_Stream0_IRQHandler
                0x08001094                TIM4_IRQHandler
                0x08001094                BDMA_Channel2_IRQHandler
                0x08001094                I2C1_EV_IRQHandler
                0x08001094                DMA1_Stream6_IRQHandler
                0x08001094                DMAMUX1_OVR_IRQHandler
                0x08001094                DMA1_Stream1_IRQHandler
                0x08001094                TIM16_IRQHandler
                0x08001094                UART4_IRQHandler
                0x08001094                BDMA_Channel5_IRQHandler
                0x08001094                TIM3_IRQHandler
                0x08001094                RCC_IRQHandler
                0x08001094                UART9_IRQHandler
                0x08001094                TIM8_BRK_TIM12_IRQHandler
                0x08001094                TIM1_TRG_COM_IRQHandler
                0x08001094                Default_Handler
                0x08001094                ECC_IRQHandler
                0x08001094                FMAC_IRQHandler
                0x08001094                CEC_IRQHandler
                0x08001094                EXTI15_10_IRQHandler
                0x08001094                BDMA_Channel0_IRQHandler
                0x08001094                ADC_IRQHandler
                0x08001094                I2C5_ER_IRQHandler
                0x08001094                DMA1_Stream7_IRQHandler
                0x08001094                SPI5_IRQHandler
                0x08001094                TIM7_IRQHandler
                0x08001094                FDCAN3_IT1_IRQHandler
                0x08001094                SDMMC1_IRQHandler
                0x08001094                TIM5_IRQHandler
                0x08001094                DMA2_Stream7_IRQHandler
                0x08001094                TIM15_IRQHandler
                0x08001094                PVD_AVD_IRQHandler
                0x08001094                I2C3_EV_IRQHandler
                0x08001094                EXTI9_5_IRQHandler
                0x08001094                RTC_WKUP_IRQHandler
                0x08001094                LTDC_IRQHandler
                0x08001094                ETH_WKUP_IRQHandler
                0x08001094                SPDIF_RX_IRQHandler
                0x08001094                SPI2_IRQHandler
                0x08001094                OTG_HS_EP1_IN_IRQHandler
                0x08001094                DMA1_Stream0_IRQHandler
                0x08001094                TIM24_IRQHandler
                0x08001094                CRS_IRQHandler
                0x08001094                EXTI4_IRQHandler
                0x08001094                RNG_IRQHandler
                0x08001094                FDCAN2_IT1_IRQHandler
                0x08001094                ETH_IRQHandler
                0x08001094                TIM1_UP_IRQHandler
                0x08001094                BDMA_Channel4_IRQHandler
                0x08001094                OTG_HS_EP1_OUT_IRQHandler
                0x08001094                WWDG_IRQHandler
                0x08001094                SPI6_IRQHandler
                0x08001094                MDIOS_IRQHandler
                0x08001094                I2C4_EV_IRQHandler
                0x08001094                FDCAN2_IT0_IRQHandler
                0x08001094                LPUART1_IRQHandler
                0x08001094                FDCAN1_IT0_IRQHandler
                0x08001094                TIM2_IRQHandler
                0x08001094                OTG_HS_IRQHandler
                0x08001094                DMA2D_IRQHandler
                0x08001094                TIM1_BRK_IRQHandler
                0x08001094                EXTI1_IRQHandler
                0x08001094                SDMMC2_IRQHandler
                0x08001094                BDMA_Channel3_IRQHandler
                0x08001094                DTS_IRQHandler
                0x08001094                UART7_IRQHandler
                0x08001094                MDIOS_WKUP_IRQHandler
                0x08001094                USART2_IRQHandler
                0x08001094                DFSDM1_FLT0_IRQHandler
                0x08001094                SAI4_IRQHandler
                0x08001094                I2C2_ER_IRQHandler
                0x08001094                DMA2_Stream1_IRQHandler
                0x08001094                FLASH_IRQHandler
                0x08001094                DMA2_Stream4_IRQHandler
                0x08001094                SPI3_IRQHandler
                0x08001094                WAKEUP_PIN_IRQHandler
                0x08001094                DMA1_Stream4_IRQHandler
                0x08001094                I2C1_ER_IRQHandler
                0x08001094                FMC_IRQHandler
                0x08001094                FDCAN_CAL_IRQHandler
                0x08001094                SWPMI1_IRQHandler
                0x08001094                COMP1_IRQHandler
                0x08001094                LPTIM1_IRQHandler
                0x08001094                DCMI_PSSI_IRQHandler
                0x08001094                I2C4_ER_IRQHandler
                0x08001094                DMA2_Stream6_IRQHandler
                0x08001094                SAI1_IRQHandler
                0x08001094                DMA1_Stream3_IRQHandler
 *fill*         0x08001096        0x2 
 .text.HAL_InitTick
                0x08001098       0x50 CMakeFiles/ai_demo.elf.dir/Drivers/STM32H7xx_HAL_Driver/Src/stm32h7xx_hal.c.obj
                0x08001098                HAL_InitTick
 .text.HAL_Init
                0x080010e8       0x5c CMakeFiles/ai_demo.elf.dir/Drivers/STM32H7xx_HAL_Driver/Src/stm32h7xx_hal.c.obj
                0x080010e8                HAL_Init
 .text.HAL_IncTick
                0x08001144       0x18 CMakeFiles/ai_demo.elf.dir/Drivers/STM32H7xx_HAL_Driver/Src/stm32h7xx_hal.c.obj
                0x08001144                HAL_IncTick
 .text.HAL_GetTick
                0x0800115c        0xc CMakeFiles/ai_demo.elf.dir/Drivers/STM32H7xx_HAL_Driver/Src/stm32h7xx_hal.c.obj
                0x0800115c                HAL_GetTick
 .text.HAL_Delay
                0x08001168       0x28 CMakeFiles/ai_demo.elf.dir/Drivers/STM32H7xx_HAL_Driver/Src/stm32h7xx_hal.c.obj
                0x08001168                HAL_Delay
 .text.HAL_NVIC_SetPriorityGrouping
                0x08001190       0x24 CMakeFiles/ai_demo.elf.dir/Drivers/STM32H7xx_HAL_Driver/Src/stm32h7xx_hal_cortex.c.obj
                0x08001190                HAL_NVIC_SetPriorityGrouping
 .text.HAL_NVIC_SetPriority
                0x080011b4       0x6c CMakeFiles/ai_demo.elf.dir/Drivers/STM32H7xx_HAL_Driver/Src/stm32h7xx_hal_cortex.c.obj
                0x080011b4                HAL_NVIC_SetPriority
 .text.HAL_NVIC_EnableIRQ
                0x08001220       0x1c CMakeFiles/ai_demo.elf.dir/Drivers/STM32H7xx_HAL_Driver/Src/stm32h7xx_hal_cortex.c.obj
                0x08001220                HAL_NVIC_EnableIRQ
 .text.HAL_SYSTICK_Config
                0x0800123c       0x28 CMakeFiles/ai_demo.elf.dir/Drivers/STM32H7xx_HAL_Driver/Src/stm32h7xx_hal_cortex.c.obj
                0x0800123c                HAL_SYSTICK_Config
 .text.HAL_CRC_Init
                0x08001264       0x80 CMakeFiles/ai_demo.elf.dir/Drivers/STM32H7xx_HAL_Driver/Src/stm32h7xx_hal_crc.c.obj
                0x08001264                HAL_CRC_Init
 .text.HAL_CRCEx_Polynomial_Set
                0x080012e4       0x76 CMakeFiles/ai_demo.elf.dir/Drivers/STM32H7xx_HAL_Driver/Src/stm32h7xx_hal_crc_ex.c.obj
                0x080012e4                HAL_CRCEx_Polynomial_Set
 *fill*         0x0800135a        0x2 
 .text.HAL_DMA_Abort
                0x0800135c      0x340 CMakeFiles/ai_demo.elf.dir/Drivers/STM32H7xx_HAL_Driver/Src/stm32h7xx_hal_dma.c.obj
                0x0800135c                HAL_DMA_Abort
 .text.HAL_DMA_Abort_IT
                0x0800169c      0x270 CMakeFiles/ai_demo.elf.dir/Drivers/STM32H7xx_HAL_Driver/Src/stm32h7xx_hal_dma.c.obj
                0x0800169c                HAL_DMA_Abort_IT
 .text.HAL_DTS_Init
                0x0800190c       0xd0 CMakeFiles/ai_demo.elf.dir/Drivers/STM32H7xx_HAL_Driver/Src/stm32h7xx_hal_dts.c.obj
                0x0800190c                HAL_DTS_Init
 .text.HAL_DTS_Start
                0x080019dc       0x68 CMakeFiles/ai_demo.elf.dir/Drivers/STM32H7xx_HAL_Driver/Src/stm32h7xx_hal_dts.c.obj
                0x080019dc                HAL_DTS_Start
 .text.HAL_GPIO_Init
                0x08001a44      0x21c CMakeFiles/ai_demo.elf.dir/Drivers/STM32H7xx_HAL_Driver/Src/stm32h7xx_hal_gpio.c.obj
                0x08001a44                HAL_GPIO_Init
 .text.HAL_GPIO_WritePin
                0x08001c60        0xc CMakeFiles/ai_demo.elf.dir/Drivers/STM32H7xx_HAL_Driver/Src/stm32h7xx_hal_gpio.c.obj
                0x08001c60                HAL_GPIO_WritePin
 .text.HAL_GPIO_TogglePin
                0x08001c6c       0x12 CMakeFiles/ai_demo.elf.dir/Drivers/STM32H7xx_HAL_Driver/Src/stm32h7xx_hal_gpio.c.obj
                0x08001c6c                HAL_GPIO_TogglePin
 *fill*         0x08001c7e        0x2 
 .text.HAL_PWREx_ConfigSupply
                0x08001c80       0x54 CMakeFiles/ai_demo.elf.dir/Drivers/STM32H7xx_HAL_Driver/Src/stm32h7xx_hal_pwr_ex.c.obj
                0x08001c80                HAL_PWREx_ConfigSupply
 .text.HAL_RCC_OscConfig
                0x08001cd4      0x5ec CMakeFiles/ai_demo.elf.dir/Drivers/STM32H7xx_HAL_Driver/Src/stm32h7xx_hal_rcc.c.obj
                0x08001cd4                HAL_RCC_OscConfig
 .text.HAL_RCC_GetSysClockFreq
                0x080022c0      0x218 CMakeFiles/ai_demo.elf.dir/Drivers/STM32H7xx_HAL_Driver/Src/stm32h7xx_hal_rcc.c.obj
                0x080022c0                HAL_RCC_GetSysClockFreq
 .text.HAL_RCC_ClockConfig
                0x080024d8      0x294 CMakeFiles/ai_demo.elf.dir/Drivers/STM32H7xx_HAL_Driver/Src/stm32h7xx_hal_rcc.c.obj
                0x080024d8                HAL_RCC_ClockConfig
 .text.HAL_RCC_GetHCLKFreq
                0x0800276c       0x44 CMakeFiles/ai_demo.elf.dir/Drivers/STM32H7xx_HAL_Driver/Src/stm32h7xx_hal_rcc.c.obj
                0x0800276c                HAL_RCC_GetHCLKFreq
 .text.HAL_RCC_GetPCLK1Freq
                0x080027b0       0x24 CMakeFiles/ai_demo.elf.dir/Drivers/STM32H7xx_HAL_Driver/Src/stm32h7xx_hal_rcc.c.obj
                0x080027b0                HAL_RCC_GetPCLK1Freq
 .text.HAL_RCC_GetPCLK2Freq
                0x080027d4       0x24 CMakeFiles/ai_demo.elf.dir/Drivers/STM32H7xx_HAL_Driver/Src/stm32h7xx_hal_rcc.c.obj
                0x080027d4                HAL_RCC_GetPCLK2Freq
 .text.RCCEx_PLL2_Config
                0x080027f8      0x10c CMakeFiles/ai_demo.elf.dir/Drivers/STM32H7xx_HAL_Driver/Src/stm32h7xx_hal_rcc_ex.c.obj
 .text.RCCEx_PLL3_Config
                0x08002904      0x10c CMakeFiles/ai_demo.elf.dir/Drivers/STM32H7xx_HAL_Driver/Src/stm32h7xx_hal_rcc_ex.c.obj
 .text.HAL_RCCEx_PeriphCLKConfig
                0x08002a10      0xa0c CMakeFiles/ai_demo.elf.dir/Drivers/STM32H7xx_HAL_Driver/Src/stm32h7xx_hal_rcc_ex.c.obj
                0x08002a10                HAL_RCCEx_PeriphCLKConfig
 .text.HAL_RCCEx_GetD3PCLK1Freq
                0x0800341c       0x24 CMakeFiles/ai_demo.elf.dir/Drivers/STM32H7xx_HAL_Driver/Src/stm32h7xx_hal_rcc_ex.c.obj
                0x0800341c                HAL_RCCEx_GetD3PCLK1Freq
 .text.HAL_RCCEx_GetPLL2ClockFreq
                0x08003440      0x234 CMakeFiles/ai_demo.elf.dir/Drivers/STM32H7xx_HAL_Driver/Src/stm32h7xx_hal_rcc_ex.c.obj
                0x08003440                HAL_RCCEx_GetPLL2ClockFreq
 .text.HAL_RCCEx_GetPLL3ClockFreq
                0x08003674      0x234 CMakeFiles/ai_demo.elf.dir/Drivers/STM32H7xx_HAL_Driver/Src/stm32h7xx_hal_rcc_ex.c.obj
                0x08003674                HAL_RCCEx_GetPLL3ClockFreq
 .text.HAL_TIM_Base_Start_IT
                0x080038a8       0xa0 CMakeFiles/ai_demo.elf.dir/Drivers/STM32H7xx_HAL_Driver/Src/stm32h7xx_hal_tim.c.obj
                0x080038a8                HAL_TIM_Base_Start_IT
 .text.HAL_TIM_OC_DelayElapsedCallback
                0x08003948        0x2 CMakeFiles/ai_demo.elf.dir/Drivers/STM32H7xx_HAL_Driver/Src/stm32h7xx_hal_tim.c.obj
                0x08003948                HAL_TIM_OC_DelayElapsedCallback
 .text.HAL_TIM_IC_CaptureCallback
                0x0800394a        0x2 CMakeFiles/ai_demo.elf.dir/Drivers/STM32H7xx_HAL_Driver/Src/stm32h7xx_hal_tim.c.obj
                0x0800394a                HAL_TIM_IC_CaptureCallback
 .text.HAL_TIM_PWM_PulseFinishedCallback
                0x0800394c        0x2 CMakeFiles/ai_demo.elf.dir/Drivers/STM32H7xx_HAL_Driver/Src/stm32h7xx_hal_tim.c.obj
                0x0800394c                HAL_TIM_PWM_PulseFinishedCallback
 .text.HAL_TIM_TriggerCallback
                0x0800394e        0x2 CMakeFiles/ai_demo.elf.dir/Drivers/STM32H7xx_HAL_Driver/Src/stm32h7xx_hal_tim.c.obj
                0x0800394e                HAL_TIM_TriggerCallback
 .text.HAL_TIM_IRQHandler
                0x08003950      0x19a CMakeFiles/ai_demo.elf.dir/Drivers/STM32H7xx_HAL_Driver/Src/stm32h7xx_hal_tim.c.obj
                0x08003950                HAL_TIM_IRQHandler
 *fill*         0x08003aea        0x2 
 .text.TIM_Base_SetConfig
                0x08003aec      0x120 CMakeFiles/ai_demo.elf.dir/Drivers/STM32H7xx_HAL_Driver/Src/stm32h7xx_hal_tim.c.obj
                0x08003aec                TIM_Base_SetConfig
 .text.HAL_TIM_Base_Init
                0x08003c0c       0x60 CMakeFiles/ai_demo.elf.dir/Drivers/STM32H7xx_HAL_Driver/Src/stm32h7xx_hal_tim.c.obj
                0x08003c0c                HAL_TIM_Base_Init
 .text.HAL_TIMEx_MasterConfigSynchronization
                0x08003c6c       0xb0 CMakeFiles/ai_demo.elf.dir/Drivers/STM32H7xx_HAL_Driver/Src/stm32h7xx_hal_tim_ex.c.obj
                0x08003c6c                HAL_TIMEx_MasterConfigSynchronization
 .text.HAL_TIMEx_CommutCallback
                0x08003d1c        0x2 CMakeFiles/ai_demo.elf.dir/Drivers/STM32H7xx_HAL_Driver/Src/stm32h7xx_hal_tim_ex.c.obj
                0x08003d1c                HAL_TIMEx_CommutCallback
 .text.HAL_TIMEx_BreakCallback
                0x08003d1e        0x2 CMakeFiles/ai_demo.elf.dir/Drivers/STM32H7xx_HAL_Driver/Src/stm32h7xx_hal_tim_ex.c.obj
                0x08003d1e                HAL_TIMEx_BreakCallback
 .text.HAL_TIMEx_Break2Callback
                0x08003d20        0x2 CMakeFiles/ai_demo.elf.dir/Drivers/STM32H7xx_HAL_Driver/Src/stm32h7xx_hal_tim_ex.c.obj
                0x08003d20                HAL_TIMEx_Break2Callback
 *fill*         0x08003d22        0x2 
 .text.UART_EndRxTransfer
                0x08003d24       0x58 CMakeFiles/ai_demo.elf.dir/Drivers/STM32H7xx_HAL_Driver/Src/stm32h7xx_hal_uart.c.obj
 .text.HAL_UART_TxCpltCallback
                0x08003d7c        0x2 CMakeFiles/ai_demo.elf.dir/Drivers/STM32H7xx_HAL_Driver/Src/stm32h7xx_hal_uart.c.obj
                0x08003d7c                HAL_UART_TxCpltCallback
 .text.UART_EndTransmit_IT
                0x08003d7e       0x24 CMakeFiles/ai_demo.elf.dir/Drivers/STM32H7xx_HAL_Driver/Src/stm32h7xx_hal_uart.c.obj
 .text.HAL_UART_ErrorCallback
                0x08003da2        0x2 CMakeFiles/ai_demo.elf.dir/Drivers/STM32H7xx_HAL_Driver/Src/stm32h7xx_hal_uart.c.obj
                0x08003da2                HAL_UART_ErrorCallback
 .text.UART_DMAAbortOnError
                0x08003da4       0x14 CMakeFiles/ai_demo.elf.dir/Drivers/STM32H7xx_HAL_Driver/Src/stm32h7xx_hal_uart.c.obj
 .text.HAL_UARTEx_RxEventCallback
                0x08003db8        0x2 CMakeFiles/ai_demo.elf.dir/Drivers/STM32H7xx_HAL_Driver/Src/stm32h7xx_hal_uart.c.obj
                0x08003db8                HAL_UARTEx_RxEventCallback
 *fill*         0x08003dba        0x2 
 .text.HAL_UART_IRQHandler
                0x08003dbc      0x3b8 CMakeFiles/ai_demo.elf.dir/Drivers/STM32H7xx_HAL_Driver/Src/stm32h7xx_hal_uart.c.obj
                0x08003dbc                HAL_UART_IRQHandler
 .text.UART_RxISR_8BIT
                0x08004174       0xdc CMakeFiles/ai_demo.elf.dir/Drivers/STM32H7xx_HAL_Driver/Src/stm32h7xx_hal_uart.c.obj
 .text.UART_RxISR_16BIT
                0x08004250       0xd8 CMakeFiles/ai_demo.elf.dir/Drivers/STM32H7xx_HAL_Driver/Src/stm32h7xx_hal_uart.c.obj
 .text.UART_RxISR_8BIT_FIFOEN
                0x08004328      0x1cc CMakeFiles/ai_demo.elf.dir/Drivers/STM32H7xx_HAL_Driver/Src/stm32h7xx_hal_uart.c.obj
 .text.UART_RxISR_16BIT_FIFOEN
                0x080044f4      0x1c8 CMakeFiles/ai_demo.elf.dir/Drivers/STM32H7xx_HAL_Driver/Src/stm32h7xx_hal_uart.c.obj
 .text.UART_SetConfig
                0x080046bc      0x6bc CMakeFiles/ai_demo.elf.dir/Drivers/STM32H7xx_HAL_Driver/Src/stm32h7xx_hal_uart.c.obj
                0x080046bc                UART_SetConfig
 .text.UART_AdvFeatureConfig
                0x08004d78       0xca CMakeFiles/ai_demo.elf.dir/Drivers/STM32H7xx_HAL_Driver/Src/stm32h7xx_hal_uart.c.obj
                0x08004d78                UART_AdvFeatureConfig
 .text.UART_WaitOnFlagUntilTimeout
                0x08004e42       0x9a CMakeFiles/ai_demo.elf.dir/Drivers/STM32H7xx_HAL_Driver/Src/stm32h7xx_hal_uart.c.obj
                0x08004e42                UART_WaitOnFlagUntilTimeout
 .text.UART_CheckIdleState
                0x08004edc       0xca CMakeFiles/ai_demo.elf.dir/Drivers/STM32H7xx_HAL_Driver/Src/stm32h7xx_hal_uart.c.obj
                0x08004edc                UART_CheckIdleState
 .text.HAL_UART_Init
                0x08004fa6       0x66 CMakeFiles/ai_demo.elf.dir/Drivers/STM32H7xx_HAL_Driver/Src/stm32h7xx_hal_uart.c.obj
                0x08004fa6                HAL_UART_Init
 .text.UART_Start_Receive_IT
                0x0800500c      0x13c CMakeFiles/ai_demo.elf.dir/Drivers/STM32H7xx_HAL_Driver/Src/stm32h7xx_hal_uart.c.obj
                0x0800500c                UART_Start_Receive_IT
 .text.HAL_UART_Receive_IT
                0x08005148       0x4c CMakeFiles/ai_demo.elf.dir/Drivers/STM32H7xx_HAL_Driver/Src/stm32h7xx_hal_uart.c.obj
                0x08005148                HAL_UART_Receive_IT
 .text.UARTEx_SetNbDataToProcess
                0x08005194       0x4c CMakeFiles/ai_demo.elf.dir/Drivers/STM32H7xx_HAL_Driver/Src/stm32h7xx_hal_uart_ex.c.obj
 .text.HAL_UARTEx_WakeupCallback
                0x080051e0        0x2 CMakeFiles/ai_demo.elf.dir/Drivers/STM32H7xx_HAL_Driver/Src/stm32h7xx_hal_uart_ex.c.obj
                0x080051e0                HAL_UARTEx_WakeupCallback
 .text.HAL_UARTEx_RxFifoFullCallback
                0x080051e2        0x2 CMakeFiles/ai_demo.elf.dir/Drivers/STM32H7xx_HAL_Driver/Src/stm32h7xx_hal_uart_ex.c.obj
                0x080051e2                HAL_UARTEx_RxFifoFullCallback
 .text.HAL_UARTEx_TxFifoEmptyCallback
                0x080051e4        0x2 CMakeFiles/ai_demo.elf.dir/Drivers/STM32H7xx_HAL_Driver/Src/stm32h7xx_hal_uart_ex.c.obj
                0x080051e4                HAL_UARTEx_TxFifoEmptyCallback
 .text.HAL_UARTEx_DisableFifoMode
                0x080051e6       0x3e CMakeFiles/ai_demo.elf.dir/Drivers/STM32H7xx_HAL_Driver/Src/stm32h7xx_hal_uart_ex.c.obj
                0x080051e6                HAL_UARTEx_DisableFifoMode
 .text.HAL_UARTEx_SetTxFifoThreshold
                0x08005224       0x4a CMakeFiles/ai_demo.elf.dir/Drivers/STM32H7xx_HAL_Driver/Src/stm32h7xx_hal_uart_ex.c.obj
                0x08005224                HAL_UARTEx_SetTxFifoThreshold
 .text.HAL_UARTEx_SetRxFifoThreshold
                0x0800526e       0x4a CMakeFiles/ai_demo.elf.dir/Drivers/STM32H7xx_HAL_Driver/Src/stm32h7xx_hal_uart_ex.c.obj
                0x0800526e                HAL_UARTEx_SetRxFifoThreshold
 .text.__libc_init_array
                0x080052b8       0x48 c:/cube_clion/gcc-arm-none-eabi-10.3-2021.10/bin/../lib/gcc/arm-none-eabi/10.3.1/../../../../arm-none-eabi/lib/thumb/v7e-m/nofp\libg.a(lib_a-init.o)
                0x080052b8                __libc_init_array
 .text.memset   0x08005300       0xa4 c:/cube_clion/gcc-arm-none-eabi-10.3-2021.10/bin/../lib/gcc/arm-none-eabi/10.3.1/../../../../arm-none-eabi/lib/thumb/v7e-m/nofp\libg.a(lib_a-memset.o)
                0x08005300                memset
 .text.startup.register_fini
                0x080053a4       0x14 c:/cube_clion/gcc-arm-none-eabi-10.3-2021.10/bin/../lib/gcc/arm-none-eabi/10.3.1/../../../../arm-none-eabi/lib/thumb/v7e-m/nofp\libg.a(lib_a-__call_atexit.o)
 .text.atexit   0x080053b8        0xc c:/cube_clion/gcc-arm-none-eabi-10.3-2021.10/bin/../lib/gcc/arm-none-eabi/10.3.1/../../../../arm-none-eabi/lib/thumb/v7e-m/nofp\libg.a(lib_a-atexit.o)
                0x080053b8                atexit
 .text.__libc_fini_array
                0x080053c4       0x2c c:/cube_clion/gcc-arm-none-eabi-10.3-2021.10/bin/../lib/gcc/arm-none-eabi/10.3.1/../../../../arm-none-eabi/lib/thumb/v7e-m/nofp\libg.a(lib_a-fini.o)
                0x080053c4                __libc_fini_array
 .text.__retarget_lock_acquire_recursive
                0x080053f0        0x4 c:/cube_clion/gcc-arm-none-eabi-10.3-2021.10/bin/../lib/gcc/arm-none-eabi/10.3.1/../../../../arm-none-eabi/lib/thumb/v7e-m/nofp\libg.a(lib_a-lock.o)
                0x080053f0                __retarget_lock_acquire_recursive
 .text.__retarget_lock_release_recursive
                0x080053f4        0x4 c:/cube_clion/gcc-arm-none-eabi-10.3-2021.10/bin/../lib/gcc/arm-none-eabi/10.3.1/../../../../arm-none-eabi/lib/thumb/v7e-m/nofp\libg.a(lib_a-lock.o)
                0x080053f4                __retarget_lock_release_recursive
 .text.__register_exitproc
                0x080053f8       0x8c c:/cube_clion/gcc-arm-none-eabi-10.3-2021.10/bin/../lib/gcc/arm-none-eabi/10.3.1/../../../../arm-none-eabi/lib/thumb/v7e-m/nofp\libg.a(lib_a-__atexit.o)
                0x080053f8                __register_exitproc
 *(.glue_7)
 .glue_7        0x08005484        0x0 linker stubs
 *(.glue_7t)
 .glue_7t       0x08005484        0x0 linker stubs
 *(.eh_frame)
 .eh_frame      0x08005484        0x0 c:/cube_clion/gcc-arm-none-eabi-10.3-2021.10/bin/../lib/gcc/arm-none-eabi/10.3.1/thumb/v7e-m/nofp/crtbegin.o
 *(.init)
 .init          0x08005484        0x4 c:/cube_clion/gcc-arm-none-eabi-10.3-2021.10/bin/../lib/gcc/arm-none-eabi/10.3.1/thumb/v7e-m/nofp/crti.o
                0x08005484                _init
 .init          0x08005488        0x8 c:/cube_clion/gcc-arm-none-eabi-10.3-2021.10/bin/../lib/gcc/arm-none-eabi/10.3.1/thumb/v7e-m/nofp/crtn.o
 *(.fini)
 .fini          0x08005490        0x4 c:/cube_clion/gcc-arm-none-eabi-10.3-2021.10/bin/../lib/gcc/arm-none-eabi/10.3.1/thumb/v7e-m/nofp/crti.o
                0x08005490                _fini
 .fini          0x08005494        0x8 c:/cube_clion/gcc-arm-none-eabi-10.3-2021.10/bin/../lib/gcc/arm-none-eabi/10.3.1/thumb/v7e-m/nofp/crtn.o
                0x0800549c                . = ALIGN (0x4)
                0x0800549c                _etext = .

.vfp11_veneer   0x0800549c        0x0
 .vfp11_veneer  0x0800549c        0x0 linker stubs

.v4_bx          0x0800549c        0x0
 .v4_bx         0x0800549c        0x0 linker stubs

.iplt           0x0800549c        0x0
 .iplt          0x0800549c        0x0 c:/cube_clion/gcc-arm-none-eabi-10.3-2021.10/bin/../lib/gcc/arm-none-eabi/10.3.1/thumb/v7e-m/nofp/crtbegin.o

.rodata         0x0800549c       0x3c
                0x0800549c                . = ALIGN (0x4)
 *(.rodata)
 *(.rodata*)
 .rodata.D1CorePrescTable
                0x0800549c       0x10 CMakeFiles/ai_demo.elf.dir/Core/Src/system_stm32h7xx.c.obj
                0x0800549c                D1CorePrescTable
 .rodata.UARTPrescTable
                0x080054ac       0x18 CMakeFiles/ai_demo.elf.dir/Drivers/STM32H7xx_HAL_Driver/Src/stm32h7xx_hal_uart.c.obj
                0x080054ac                UARTPrescTable
 .rodata.denominator.0
                0x080054c4        0x8 CMakeFiles/ai_demo.elf.dir/Drivers/STM32H7xx_HAL_Driver/Src/stm32h7xx_hal_uart_ex.c.obj
 .rodata.numerator.1
                0x080054cc        0x8 CMakeFiles/ai_demo.elf.dir/Drivers/STM32H7xx_HAL_Driver/Src/stm32h7xx_hal_uart_ex.c.obj
 .rodata._global_impure_ptr
                0x080054d4        0x4 c:/cube_clion/gcc-arm-none-eabi-10.3-2021.10/bin/../lib/gcc/arm-none-eabi/10.3.1/../../../../arm-none-eabi/lib/thumb/v7e-m/nofp\libg.a(lib_a-impure.o)
                0x080054d4                _global_impure_ptr
                0x080054d8                . = ALIGN (0x4)

.ARM.extab
 *(.ARM.extab* .gnu.linkonce.armextab.*)

.ARM            0x080054d8        0x8
                0x080054d8                __exidx_start = .
 *(.ARM.exidx*)
 .ARM.exidx     0x080054d8        0x8 c:/cube_clion/gcc-arm-none-eabi-10.3-2021.10/bin/../lib/gcc/arm-none-eabi/10.3.1/thumb/v7e-m/nofp\libgcc.a(_udivmoddi4.o)
                0x080054e0                __exidx_end = .

.rel.dyn        0x080054e0        0x0
 .rel.iplt      0x080054e0        0x0 c:/cube_clion/gcc-arm-none-eabi-10.3-2021.10/bin/../lib/gcc/arm-none-eabi/10.3.1/thumb/v7e-m/nofp/crtbegin.o

.preinit_array  0x080054e0        0x0
                0x080054e0                PROVIDE (__preinit_array_start = .)
 *(.preinit_array*)
                0x080054e0                PROVIDE (__preinit_array_end = .)

.init_array     0x080054e0        0x8
                0x080054e0                PROVIDE (__init_array_start = .)
 *(SORT_BY_NAME(.init_array.*))
 .init_array.00000
                0x080054e0        0x4 c:/cube_clion/gcc-arm-none-eabi-10.3-2021.10/bin/../lib/gcc/arm-none-eabi/10.3.1/../../../../arm-none-eabi/lib/thumb/v7e-m/nofp\libg.a(lib_a-__call_atexit.o)
 *(.init_array*)
 .init_array    0x080054e4        0x4 c:/cube_clion/gcc-arm-none-eabi-10.3-2021.10/bin/../lib/gcc/arm-none-eabi/10.3.1/thumb/v7e-m/nofp/crtbegin.o
                0x080054e8                PROVIDE (__init_array_end = .)

.fini_array     0x080054e8        0x4
                0x080054e8                PROVIDE (__fini_array_start = .)
 *(SORT_BY_NAME(.fini_array.*))
 *(.fini_array*)
 .fini_array    0x080054e8        0x4 c:/cube_clion/gcc-arm-none-eabi-10.3-2021.10/bin/../lib/gcc/arm-none-eabi/10.3.1/thumb/v7e-m/nofp/crtbegin.o
                0x080054ec                PROVIDE (__fini_array_end = .)
                0x080054ec                _sidata = LOADADDR (.data)

.data           0x24000000      0x43c load address 0x080054ec
                0x24000000                . = ALIGN (0x4)
                0x24000000                _sdata = .
 *(.data)
 *(.data*)
 .data.SystemCoreClock
                0x24000000        0x4 CMakeFiles/ai_demo.elf.dir/Core/Src/system_stm32h7xx.c.obj
                0x24000000                SystemCoreClock
 .data.SystemD2Clock
                0x24000004        0x4 CMakeFiles/ai_demo.elf.dir/Core/Src/system_stm32h7xx.c.obj
                0x24000004                SystemD2Clock
 .data.uwTickFreq
                0x24000008        0x1 CMakeFiles/ai_demo.elf.dir/Drivers/STM32H7xx_HAL_Driver/Src/stm32h7xx_hal.c.obj
                0x24000008                uwTickFreq
 *fill*         0x24000009        0x3 
 .data.uwTickPrio
                0x2400000c        0x4 CMakeFiles/ai_demo.elf.dir/Drivers/STM32H7xx_HAL_Driver/Src/stm32h7xx_hal.c.obj
                0x2400000c                uwTickPrio
 .data.impure_data
                0x24000010      0x428 c:/cube_clion/gcc-arm-none-eabi-10.3-2021.10/bin/../lib/gcc/arm-none-eabi/10.3.1/../../../../arm-none-eabi/lib/thumb/v7e-m/nofp\libg.a(lib_a-impure.o)
 .data.__atexit_recursive_mutex
                0x24000438        0x4 c:/cube_clion/gcc-arm-none-eabi-10.3-2021.10/bin/../lib/gcc/arm-none-eabi/10.3.1/../../../../arm-none-eabi/lib/thumb/v7e-m/nofp\libg.a(lib_a-__call_atexit.o)
                0x24000438                __atexit_recursive_mutex
 *(.RamFunc)
 *(.RamFunc*)
                0x2400043c                . = ALIGN (0x4)
                0x2400043c                _edata = .

.igot.plt       0x2400043c        0x0 load address 0x08005928
 .igot.plt      0x2400043c        0x0 c:/cube_clion/gcc-arm-none-eabi-10.3-2021.10/bin/../lib/gcc/arm-none-eabi/10.3.1/thumb/v7e-m/nofp/crtbegin.o
                0x2400043c                . = ALIGN (0x4)

.bss            0x2400043c      0x154 load address 0x08005928
                0x2400043c                _sbss = .
                0x2400043c                __bss_start__ = _sbss
 *(.bss)
 .bss           0x2400043c       0x1c c:/cube_clion/gcc-arm-none-eabi-10.3-2021.10/bin/../lib/gcc/arm-none-eabi/10.3.1/thumb/v7e-m/nofp/crtbegin.o
 *(.bss*)
 .bss.tim6_ms.0
                0x24000458        0x4 CMakeFiles/ai_demo.elf.dir/Code/tim_callback.c.obj
 .bss.rx_data   0x2400045c        0x2 CMakeFiles/ai_demo.elf.dir/Code/uart_callback.c.obj
                0x2400045c                rx_data
 *fill*         0x2400045e        0x2 
 .bss.hcrc      0x24000460       0x24 CMakeFiles/ai_demo.elf.dir/Core/Src/crc.c.obj
                0x24000460                hcrc
 .bss.hdts      0x24000484       0x24 CMakeFiles/ai_demo.elf.dir/Core/Src/dts.c.obj
                0x24000484                hdts
 .bss.htim6     0x240004a8       0x4c CMakeFiles/ai_demo.elf.dir/Core/Src/tim.c.obj
                0x240004a8                htim6
 .bss.huart1    0x240004f4       0x94 CMakeFiles/ai_demo.elf.dir/Core/Src/usart.c.obj
                0x240004f4                huart1
 .bss.uwTick    0x24000588        0x4 CMakeFiles/ai_demo.elf.dir/Drivers/STM32H7xx_HAL_Driver/Src/stm32h7xx_hal.c.obj
                0x24000588                uwTick
 .bss.__lock___atexit_recursive_mutex
                0x2400058c        0x1 c:/cube_clion/gcc-arm-none-eabi-10.3-2021.10/bin/../lib/gcc/arm-none-eabi/10.3.1/../../../../arm-none-eabi/lib/thumb/v7e-m/nofp\libg.a(lib_a-lock.o)
                0x2400058c                __lock___atexit_recursive_mutex
 *(COMMON)
                0x24000590                . = ALIGN (0x4)
 *fill*         0x2400058d        0x3 
                0x24000590                _ebss = .
                0x24000590                __bss_end__ = _ebss

._user_heap_stack
                0x24000590      0x600 load address 0x08005928
                0x24000590                . = ALIGN (0x8)
                [!provide]                PROVIDE (end = .)
                0x24000590                PROVIDE (_end = .)
                0x24000790                . = (. + _Min_Heap_Size)
 *fill*         0x24000590      0x200 
                0x24000b90                . = (. + _Min_Stack_Size)
 *fill*         0x24000790      0x400 
                0x24000b90                . = ALIGN (0x8)

/DISCARD/
 libc.a(*)
 libm.a(*)
 libgcc.a(*)

.ARM.attributes
                0x00000000       0x2a
 *(.ARM.attributes)
 .ARM.attributes
                0x00000000       0x1e c:/cube_clion/gcc-arm-none-eabi-10.3-2021.10/bin/../lib/gcc/arm-none-eabi/10.3.1/thumb/v7e-m/nofp/crti.o
 .ARM.attributes
                0x0000001e       0x2e c:/cube_clion/gcc-arm-none-eabi-10.3-2021.10/bin/../lib/gcc/arm-none-eabi/10.3.1/thumb/v7e-m/nofp/crtbegin.o
 .ARM.attributes
                0x0000004c       0x2e CMakeFiles/ai_demo.elf.dir/Code/all_init.c.obj
 .ARM.attributes
                0x0000007a       0x2e CMakeFiles/ai_demo.elf.dir/Code/tim_callback.c.obj
 .ARM.attributes
                0x000000a8       0x2e CMakeFiles/ai_demo.elf.dir/Code/uart_callback.c.obj
 .ARM.attributes
                0x000000d6       0x2e CMakeFiles/ai_demo.elf.dir/Core/Src/crc.c.obj
 .ARM.attributes
                0x00000104       0x2e CMakeFiles/ai_demo.elf.dir/Core/Src/dts.c.obj
 .ARM.attributes
                0x00000132       0x2e CMakeFiles/ai_demo.elf.dir/Core/Src/gpio.c.obj
 .ARM.attributes
                0x00000160       0x2e CMakeFiles/ai_demo.elf.dir/Core/Src/main.c.obj
 .ARM.attributes
                0x0000018e       0x2e CMakeFiles/ai_demo.elf.dir/Core/Src/stm32h7xx_hal_msp.c.obj
 .ARM.attributes
                0x000001bc       0x2e CMakeFiles/ai_demo.elf.dir/Core/Src/stm32h7xx_it.c.obj
 .ARM.attributes
                0x000001ea       0x2e CMakeFiles/ai_demo.elf.dir/Core/Src/system_stm32h7xx.c.obj
 .ARM.attributes
                0x00000218       0x2e CMakeFiles/ai_demo.elf.dir/Core/Src/tim.c.obj
 .ARM.attributes
                0x00000246       0x2e CMakeFiles/ai_demo.elf.dir/Core/Src/usart.c.obj
 .ARM.attributes
                0x00000274       0x21 CMakeFiles/ai_demo.elf.dir/Core/Startup/startup_stm32h723zgtx.s.obj
 .ARM.attributes
                0x00000295       0x2e CMakeFiles/ai_demo.elf.dir/Drivers/STM32H7xx_HAL_Driver/Src/stm32h7xx_hal.c.obj
 .ARM.attributes
                0x000002c3       0x2e CMakeFiles/ai_demo.elf.dir/Drivers/STM32H7xx_HAL_Driver/Src/stm32h7xx_hal_cortex.c.obj
 .ARM.attributes
                0x000002f1       0x2e CMakeFiles/ai_demo.elf.dir/Drivers/STM32H7xx_HAL_Driver/Src/stm32h7xx_hal_crc.c.obj
 .ARM.attributes
                0x0000031f       0x2e CMakeFiles/ai_demo.elf.dir/Drivers/STM32H7xx_HAL_Driver/Src/stm32h7xx_hal_crc_ex.c.obj
 .ARM.attributes
                0x0000034d       0x2e CMakeFiles/ai_demo.elf.dir/Drivers/STM32H7xx_HAL_Driver/Src/stm32h7xx_hal_dma.c.obj
 .ARM.attributes
                0x0000037b       0x2e CMakeFiles/ai_demo.elf.dir/Drivers/STM32H7xx_HAL_Driver/Src/stm32h7xx_hal_dts.c.obj
 .ARM.attributes
                0x000003a9       0x2e CMakeFiles/ai_demo.elf.dir/Drivers/STM32H7xx_HAL_Driver/Src/stm32h7xx_hal_gpio.c.obj
 .ARM.attributes
                0x000003d7       0x2e CMakeFiles/ai_demo.elf.dir/Drivers/STM32H7xx_HAL_Driver/Src/stm32h7xx_hal_pwr_ex.c.obj
 .ARM.attributes
                0x00000405       0x2e CMakeFiles/ai_demo.elf.dir/Drivers/STM32H7xx_HAL_Driver/Src/stm32h7xx_hal_rcc.c.obj
 .ARM.attributes
                0x00000433       0x2e CMakeFiles/ai_demo.elf.dir/Drivers/STM32H7xx_HAL_Driver/Src/stm32h7xx_hal_rcc_ex.c.obj
 .ARM.attributes
                0x00000461       0x2e CMakeFiles/ai_demo.elf.dir/Drivers/STM32H7xx_HAL_Driver/Src/stm32h7xx_hal_tim.c.obj
 .ARM.attributes
                0x0000048f       0x2e CMakeFiles/ai_demo.elf.dir/Drivers/STM32H7xx_HAL_Driver/Src/stm32h7xx_hal_tim_ex.c.obj
 .ARM.attributes
                0x000004bd       0x2e CMakeFiles/ai_demo.elf.dir/Drivers/STM32H7xx_HAL_Driver/Src/stm32h7xx_hal_uart.c.obj
 .ARM.attributes
                0x000004eb       0x2e CMakeFiles/ai_demo.elf.dir/Drivers/STM32H7xx_HAL_Driver/Src/stm32h7xx_hal_uart_ex.c.obj
 .ARM.attributes
                0x00000519       0x1e c:/cube_clion/gcc-arm-none-eabi-10.3-2021.10/bin/../lib/gcc/arm-none-eabi/10.3.1/thumb/v7e-m/nofp\libgcc.a(_arm_addsubsf3.o)
 .ARM.attributes
                0x00000537       0x1e c:/cube_clion/gcc-arm-none-eabi-10.3-2021.10/bin/../lib/gcc/arm-none-eabi/10.3.1/thumb/v7e-m/nofp\libgcc.a(_arm_muldivsf3.o)
 .ARM.attributes
                0x00000555       0x1e c:/cube_clion/gcc-arm-none-eabi-10.3-2021.10/bin/../lib/gcc/arm-none-eabi/10.3.1/thumb/v7e-m/nofp\libgcc.a(_arm_fixunssfsi.o)
 .ARM.attributes
                0x00000573       0x1e c:/cube_clion/gcc-arm-none-eabi-10.3-2021.10/bin/../lib/gcc/arm-none-eabi/10.3.1/thumb/v7e-m/nofp\libgcc.a(_aeabi_uldivmod.o)
 .ARM.attributes
                0x00000591       0x2e c:/cube_clion/gcc-arm-none-eabi-10.3-2021.10/bin/../lib/gcc/arm-none-eabi/10.3.1/thumb/v7e-m/nofp\libgcc.a(_udivmoddi4.o)
 .ARM.attributes
                0x000005bf       0x1e c:/cube_clion/gcc-arm-none-eabi-10.3-2021.10/bin/../lib/gcc/arm-none-eabi/10.3.1/thumb/v7e-m/nofp\libgcc.a(_dvmd_tls.o)
 .ARM.attributes
                0x000005dd       0x2e c:/cube_clion/gcc-arm-none-eabi-10.3-2021.10/bin/../lib/gcc/arm-none-eabi/10.3.1/../../../../arm-none-eabi/lib/thumb/v7e-m/nofp\libg.a(lib_a-impure.o)
 .ARM.attributes
                0x0000060b       0x2e c:/cube_clion/gcc-arm-none-eabi-10.3-2021.10/bin/../lib/gcc/arm-none-eabi/10.3.1/../../../../arm-none-eabi/lib/thumb/v7e-m/nofp\libg.a(lib_a-init.o)
 .ARM.attributes
                0x00000639       0x2e c:/cube_clion/gcc-arm-none-eabi-10.3-2021.10/bin/../lib/gcc/arm-none-eabi/10.3.1/../../../../arm-none-eabi/lib/thumb/v7e-m/nofp\libg.a(lib_a-memset.o)
 .ARM.attributes
                0x00000667       0x2e c:/cube_clion/gcc-arm-none-eabi-10.3-2021.10/bin/../lib/gcc/arm-none-eabi/10.3.1/../../../../arm-none-eabi/lib/thumb/v7e-m/nofp\libg.a(lib_a-__call_atexit.o)
 .ARM.attributes
                0x00000695       0x2e c:/cube_clion/gcc-arm-none-eabi-10.3-2021.10/bin/../lib/gcc/arm-none-eabi/10.3.1/../../../../arm-none-eabi/lib/thumb/v7e-m/nofp\libg.a(lib_a-atexit.o)
 .ARM.attributes
                0x000006c3       0x2e c:/cube_clion/gcc-arm-none-eabi-10.3-2021.10/bin/../lib/gcc/arm-none-eabi/10.3.1/../../../../arm-none-eabi/lib/thumb/v7e-m/nofp\libg.a(lib_a-fini.o)
 .ARM.attributes
                0x000006f1       0x2e c:/cube_clion/gcc-arm-none-eabi-10.3-2021.10/bin/../lib/gcc/arm-none-eabi/10.3.1/../../../../arm-none-eabi/lib/thumb/v7e-m/nofp\libg.a(lib_a-lock.o)
 .ARM.attributes
                0x0000071f       0x2e c:/cube_clion/gcc-arm-none-eabi-10.3-2021.10/bin/../lib/gcc/arm-none-eabi/10.3.1/../../../../arm-none-eabi/lib/thumb/v7e-m/nofp\libg.a(lib_a-__atexit.o)
 .ARM.attributes
                0x0000074d       0x1e c:/cube_clion/gcc-arm-none-eabi-10.3-2021.10/bin/../lib/gcc/arm-none-eabi/10.3.1/thumb/v7e-m/nofp/crtn.o
OUTPUT(ai_demo.elf elf32-littlearm)
LOAD linker stubs
LOAD c:/cube_clion/gcc-arm-none-eabi-10.3-2021.10/bin/../lib/gcc/arm-none-eabi/10.3.1/../../../../arm-none-eabi/lib/thumb/v7e-m/nofp\libc.a
LOAD c:/cube_clion/gcc-arm-none-eabi-10.3-2021.10/bin/../lib/gcc/arm-none-eabi/10.3.1/../../../../arm-none-eabi/lib/thumb/v7e-m/nofp\libm.a
LOAD c:/cube_clion/gcc-arm-none-eabi-10.3-2021.10/bin/../lib/gcc/arm-none-eabi/10.3.1/thumb/v7e-m/nofp\libgcc.a

.debug_info     0x00000000    0x1ee24
 .debug_info    0x00000000      0xda0 CMakeFiles/ai_demo.elf.dir/Code/all_init.c.obj
 .debug_info    0x00000da0      0x7bc CMakeFiles/ai_demo.elf.dir/Code/tim_callback.c.obj
 .debug_info    0x0000155c      0x8b8 CMakeFiles/ai_demo.elf.dir/Code/uart_callback.c.obj
 .debug_info    0x00001e14      0x723 CMakeFiles/ai_demo.elf.dir/Core/Src/crc.c.obj
 .debug_info    0x00002537      0x751 CMakeFiles/ai_demo.elf.dir/Core/Src/dts.c.obj
 .debug_info    0x00002c88      0x676 CMakeFiles/ai_demo.elf.dir/Core/Src/gpio.c.obj
 .debug_info    0x000032fe      0x534 CMakeFiles/ai_demo.elf.dir/Core/Src/main.c.obj
 .debug_info    0x00003832      0x4a0 CMakeFiles/ai_demo.elf.dir/Core/Src/stm32h7xx_hal_msp.c.obj
 .debug_info    0x00003cd2      0xcbd CMakeFiles/ai_demo.elf.dir/Core/Src/stm32h7xx_it.c.obj
 .debug_info    0x0000498f      0x933 CMakeFiles/ai_demo.elf.dir/Core/Src/system_stm32h7xx.c.obj
 .debug_info    0x000052c2     0x10b7 CMakeFiles/ai_demo.elf.dir/Core/Src/tim.c.obj
 .debug_info    0x00006379     0x1586 CMakeFiles/ai_demo.elf.dir/Core/Src/usart.c.obj
 .debug_info    0x000078ff       0x22 CMakeFiles/ai_demo.elf.dir/Core/Startup/startup_stm32h723zgtx.s.obj
 .debug_info    0x00007921     0x180d CMakeFiles/ai_demo.elf.dir/Drivers/STM32H7xx_HAL_Driver/Src/stm32h7xx_hal.c.obj
 .debug_info    0x0000912e     0x13de CMakeFiles/ai_demo.elf.dir/Drivers/STM32H7xx_HAL_Driver/Src/stm32h7xx_hal_cortex.c.obj
 .debug_info    0x0000a50c      0x636 CMakeFiles/ai_demo.elf.dir/Drivers/STM32H7xx_HAL_Driver/Src/stm32h7xx_hal_crc.c.obj
 .debug_info    0x0000ab42      0x388 CMakeFiles/ai_demo.elf.dir/Drivers/STM32H7xx_HAL_Driver/Src/stm32h7xx_hal_crc_ex.c.obj
 .debug_info    0x0000aeca      0xf1c CMakeFiles/ai_demo.elf.dir/Drivers/STM32H7xx_HAL_Driver/Src/stm32h7xx_hal_dma.c.obj
 .debug_info    0x0000bde6      0x77f CMakeFiles/ai_demo.elf.dir/Drivers/STM32H7xx_HAL_Driver/Src/stm32h7xx_hal_dts.c.obj
 .debug_info    0x0000c565      0xd75 CMakeFiles/ai_demo.elf.dir/Drivers/STM32H7xx_HAL_Driver/Src/stm32h7xx_hal_gpio.c.obj
 .debug_info    0x0000d2da      0xfcc CMakeFiles/ai_demo.elf.dir/Drivers/STM32H7xx_HAL_Driver/Src/stm32h7xx_hal_pwr_ex.c.obj
 .debug_info    0x0000e2a6     0x1289 CMakeFiles/ai_demo.elf.dir/Drivers/STM32H7xx_HAL_Driver/Src/stm32h7xx_hal_rcc.c.obj
 .debug_info    0x0000f52f     0x1fab CMakeFiles/ai_demo.elf.dir/Drivers/STM32H7xx_HAL_Driver/Src/stm32h7xx_hal_rcc_ex.c.obj
 .debug_info    0x000114da     0x4003 CMakeFiles/ai_demo.elf.dir/Drivers/STM32H7xx_HAL_Driver/Src/stm32h7xx_hal_tim.c.obj
 .debug_info    0x000154dd     0x1faa CMakeFiles/ai_demo.elf.dir/Drivers/STM32H7xx_HAL_Driver/Src/stm32h7xx_hal_tim_ex.c.obj
 .debug_info    0x00017487     0x674e CMakeFiles/ai_demo.elf.dir/Drivers/STM32H7xx_HAL_Driver/Src/stm32h7xx_hal_uart.c.obj
 .debug_info    0x0001dbd5     0x124f CMakeFiles/ai_demo.elf.dir/Drivers/STM32H7xx_HAL_Driver/Src/stm32h7xx_hal_uart_ex.c.obj

.debug_abbrev   0x00000000     0x3498
 .debug_abbrev  0x00000000      0x17d CMakeFiles/ai_demo.elf.dir/Code/all_init.c.obj
 .debug_abbrev  0x0000017d      0x150 CMakeFiles/ai_demo.elf.dir/Code/tim_callback.c.obj
 .debug_abbrev  0x000002cd      0x182 CMakeFiles/ai_demo.elf.dir/Code/uart_callback.c.obj
 .debug_abbrev  0x0000044f      0x1aa CMakeFiles/ai_demo.elf.dir/Core/Src/crc.c.obj
 .debug_abbrev  0x000005f9      0x1aa CMakeFiles/ai_demo.elf.dir/Core/Src/dts.c.obj
 .debug_abbrev  0x000007a3      0x181 CMakeFiles/ai_demo.elf.dir/Core/Src/gpio.c.obj
 .debug_abbrev  0x00000924      0x1a5 CMakeFiles/ai_demo.elf.dir/Core/Src/main.c.obj
 .debug_abbrev  0x00000ac9       0xd7 CMakeFiles/ai_demo.elf.dir/Core/Src/stm32h7xx_hal_msp.c.obj
 .debug_abbrev  0x00000ba0      0x1a4 CMakeFiles/ai_demo.elf.dir/Core/Src/stm32h7xx_it.c.obj
 .debug_abbrev  0x00000d44      0x151 CMakeFiles/ai_demo.elf.dir/Core/Src/system_stm32h7xx.c.obj
 .debug_abbrev  0x00000e95      0x1fe CMakeFiles/ai_demo.elf.dir/Core/Src/tim.c.obj
 .debug_abbrev  0x00001093      0x214 CMakeFiles/ai_demo.elf.dir/Core/Src/usart.c.obj
 .debug_abbrev  0x000012a7       0x12 CMakeFiles/ai_demo.elf.dir/Core/Startup/startup_stm32h723zgtx.s.obj
 .debug_abbrev  0x000012b9      0x26d CMakeFiles/ai_demo.elf.dir/Drivers/STM32H7xx_HAL_Driver/Src/stm32h7xx_hal.c.obj
 .debug_abbrev  0x00001526      0x37d CMakeFiles/ai_demo.elf.dir/Drivers/STM32H7xx_HAL_Driver/Src/stm32h7xx_hal_cortex.c.obj
 .debug_abbrev  0x000018a3      0x1ed CMakeFiles/ai_demo.elf.dir/Drivers/STM32H7xx_HAL_Driver/Src/stm32h7xx_hal_crc.c.obj
 .debug_abbrev  0x00001a90      0x160 CMakeFiles/ai_demo.elf.dir/Drivers/STM32H7xx_HAL_Driver/Src/stm32h7xx_hal_crc_ex.c.obj
 .debug_abbrev  0x00001bf0      0x298 CMakeFiles/ai_demo.elf.dir/Drivers/STM32H7xx_HAL_Driver/Src/stm32h7xx_hal_dma.c.obj
 .debug_abbrev  0x00001e88      0x1b5 CMakeFiles/ai_demo.elf.dir/Drivers/STM32H7xx_HAL_Driver/Src/stm32h7xx_hal_dts.c.obj
 .debug_abbrev  0x0000203d      0x239 CMakeFiles/ai_demo.elf.dir/Drivers/STM32H7xx_HAL_Driver/Src/stm32h7xx_hal_gpio.c.obj
 .debug_abbrev  0x00002276      0x28a CMakeFiles/ai_demo.elf.dir/Drivers/STM32H7xx_HAL_Driver/Src/stm32h7xx_hal_pwr_ex.c.obj
 .debug_abbrev  0x00002500      0x27b CMakeFiles/ai_demo.elf.dir/Drivers/STM32H7xx_HAL_Driver/Src/stm32h7xx_hal_rcc.c.obj
 .debug_abbrev  0x0000277b      0x285 CMakeFiles/ai_demo.elf.dir/Drivers/STM32H7xx_HAL_Driver/Src/stm32h7xx_hal_rcc_ex.c.obj
 .debug_abbrev  0x00002a00      0x232 CMakeFiles/ai_demo.elf.dir/Drivers/STM32H7xx_HAL_Driver/Src/stm32h7xx_hal_tim.c.obj
 .debug_abbrev  0x00002c32      0x248 CMakeFiles/ai_demo.elf.dir/Drivers/STM32H7xx_HAL_Driver/Src/stm32h7xx_hal_tim_ex.c.obj
 .debug_abbrev  0x00002e7a      0x337 CMakeFiles/ai_demo.elf.dir/Drivers/STM32H7xx_HAL_Driver/Src/stm32h7xx_hal_uart.c.obj
 .debug_abbrev  0x000031b1      0x2e7 CMakeFiles/ai_demo.elf.dir/Drivers/STM32H7xx_HAL_Driver/Src/stm32h7xx_hal_uart_ex.c.obj

.debug_aranges  0x00000000     0x1220
 .debug_aranges
                0x00000000       0x20 CMakeFiles/ai_demo.elf.dir/Code/all_init.c.obj
 .debug_aranges
                0x00000020       0x20 CMakeFiles/ai_demo.elf.dir/Code/tim_callback.c.obj
 .debug_aranges
                0x00000040       0x20 CMakeFiles/ai_demo.elf.dir/Code/uart_callback.c.obj
 .debug_aranges
                0x00000060       0x30 CMakeFiles/ai_demo.elf.dir/Core/Src/crc.c.obj
 .debug_aranges
                0x00000090       0x30 CMakeFiles/ai_demo.elf.dir/Core/Src/dts.c.obj
 .debug_aranges
                0x000000c0       0x20 CMakeFiles/ai_demo.elf.dir/Core/Src/gpio.c.obj
 .debug_aranges
                0x000000e0       0x30 CMakeFiles/ai_demo.elf.dir/Core/Src/main.c.obj
 .debug_aranges
                0x00000110       0x20 CMakeFiles/ai_demo.elf.dir/Core/Src/stm32h7xx_hal_msp.c.obj
 .debug_aranges
                0x00000130       0x70 CMakeFiles/ai_demo.elf.dir/Core/Src/stm32h7xx_it.c.obj
 .debug_aranges
                0x000001a0       0x28 CMakeFiles/ai_demo.elf.dir/Core/Src/system_stm32h7xx.c.obj
 .debug_aranges
                0x000001c8       0x30 CMakeFiles/ai_demo.elf.dir/Core/Src/tim.c.obj
 .debug_aranges
                0x000001f8       0x30 CMakeFiles/ai_demo.elf.dir/Core/Src/usart.c.obj
 .debug_aranges
                0x00000228       0x28 CMakeFiles/ai_demo.elf.dir/Core/Startup/startup_stm32h723zgtx.s.obj
 .debug_aranges
                0x00000250      0x1c8 CMakeFiles/ai_demo.elf.dir/Drivers/STM32H7xx_HAL_Driver/Src/stm32h7xx_hal.c.obj
 .debug_aranges
                0x00000418       0xb0 CMakeFiles/ai_demo.elf.dir/Drivers/STM32H7xx_HAL_Driver/Src/stm32h7xx_hal_cortex.c.obj
 .debug_aranges
                0x000004c8       0x60 CMakeFiles/ai_demo.elf.dir/Drivers/STM32H7xx_HAL_Driver/Src/stm32h7xx_hal_crc.c.obj
 .debug_aranges
                0x00000528       0x30 CMakeFiles/ai_demo.elf.dir/Drivers/STM32H7xx_HAL_Driver/Src/stm32h7xx_hal_crc_ex.c.obj
 .debug_aranges
                0x00000558       0xa0 CMakeFiles/ai_demo.elf.dir/Drivers/STM32H7xx_HAL_Driver/Src/stm32h7xx_hal_dma.c.obj
 .debug_aranges
                0x000005f8       0xa0 CMakeFiles/ai_demo.elf.dir/Drivers/STM32H7xx_HAL_Driver/Src/stm32h7xx_hal_dts.c.obj
 .debug_aranges
                0x00000698       0x58 CMakeFiles/ai_demo.elf.dir/Drivers/STM32H7xx_HAL_Driver/Src/stm32h7xx_hal_gpio.c.obj
 .debug_aranges
                0x000006f0      0x148 CMakeFiles/ai_demo.elf.dir/Drivers/STM32H7xx_HAL_Driver/Src/stm32h7xx_hal_pwr_ex.c.obj
 .debug_aranges
                0x00000838       0x88 CMakeFiles/ai_demo.elf.dir/Drivers/STM32H7xx_HAL_Driver/Src/stm32h7xx_hal_rcc.c.obj
 .debug_aranges
                0x000008c0       0xf8 CMakeFiles/ai_demo.elf.dir/Drivers/STM32H7xx_HAL_Driver/Src/stm32h7xx_hal_rcc_ex.c.obj
 .debug_aranges
                0x000009b8      0x3e0 CMakeFiles/ai_demo.elf.dir/Drivers/STM32H7xx_HAL_Driver/Src/stm32h7xx_hal_tim.c.obj
 .debug_aranges
                0x00000d98      0x198 CMakeFiles/ai_demo.elf.dir/Drivers/STM32H7xx_HAL_Driver/Src/stm32h7xx_hal_tim_ex.c.obj
 .debug_aranges
                0x00000f30      0x248 CMakeFiles/ai_demo.elf.dir/Drivers/STM32H7xx_HAL_Driver/Src/stm32h7xx_hal_uart.c.obj
 .debug_aranges
                0x00001178       0xa8 CMakeFiles/ai_demo.elf.dir/Drivers/STM32H7xx_HAL_Driver/Src/stm32h7xx_hal_uart_ex.c.obj

.debug_ranges   0x00000000     0x11c0
 .debug_ranges  0x00000000       0x10 CMakeFiles/ai_demo.elf.dir/Code/all_init.c.obj
 .debug_ranges  0x00000010       0x10 CMakeFiles/ai_demo.elf.dir/Code/tim_callback.c.obj
 .debug_ranges  0x00000020       0x10 CMakeFiles/ai_demo.elf.dir/Code/uart_callback.c.obj
 .debug_ranges  0x00000030       0x20 CMakeFiles/ai_demo.elf.dir/Core/Src/crc.c.obj
 .debug_ranges  0x00000050       0x20 CMakeFiles/ai_demo.elf.dir/Core/Src/dts.c.obj
 .debug_ranges  0x00000070       0x10 CMakeFiles/ai_demo.elf.dir/Core/Src/gpio.c.obj
 .debug_ranges  0x00000080       0x20 CMakeFiles/ai_demo.elf.dir/Core/Src/main.c.obj
 .debug_ranges  0x000000a0       0x10 CMakeFiles/ai_demo.elf.dir/Core/Src/stm32h7xx_hal_msp.c.obj
 .debug_ranges  0x000000b0       0x60 CMakeFiles/ai_demo.elf.dir/Core/Src/stm32h7xx_it.c.obj
 .debug_ranges  0x00000110       0x18 CMakeFiles/ai_demo.elf.dir/Core/Src/system_stm32h7xx.c.obj
 .debug_ranges  0x00000128       0x20 CMakeFiles/ai_demo.elf.dir/Core/Src/tim.c.obj
 .debug_ranges  0x00000148       0x20 CMakeFiles/ai_demo.elf.dir/Core/Src/usart.c.obj
 .debug_ranges  0x00000168       0x20 CMakeFiles/ai_demo.elf.dir/Core/Startup/startup_stm32h723zgtx.s.obj
 .debug_ranges  0x00000188      0x1b8 CMakeFiles/ai_demo.elf.dir/Drivers/STM32H7xx_HAL_Driver/Src/stm32h7xx_hal.c.obj
 .debug_ranges  0x00000340      0x100 CMakeFiles/ai_demo.elf.dir/Drivers/STM32H7xx_HAL_Driver/Src/stm32h7xx_hal_cortex.c.obj
 .debug_ranges  0x00000440       0x50 CMakeFiles/ai_demo.elf.dir/Drivers/STM32H7xx_HAL_Driver/Src/stm32h7xx_hal_crc.c.obj
 .debug_ranges  0x00000490       0x20 CMakeFiles/ai_demo.elf.dir/Drivers/STM32H7xx_HAL_Driver/Src/stm32h7xx_hal_crc_ex.c.obj
 .debug_ranges  0x000004b0       0xa8 CMakeFiles/ai_demo.elf.dir/Drivers/STM32H7xx_HAL_Driver/Src/stm32h7xx_hal_dma.c.obj
 .debug_ranges  0x00000558       0x90 CMakeFiles/ai_demo.elf.dir/Drivers/STM32H7xx_HAL_Driver/Src/stm32h7xx_hal_dts.c.obj
 .debug_ranges  0x000005e8       0x48 CMakeFiles/ai_demo.elf.dir/Drivers/STM32H7xx_HAL_Driver/Src/stm32h7xx_hal_gpio.c.obj
 .debug_ranges  0x00000630      0x198 CMakeFiles/ai_demo.elf.dir/Drivers/STM32H7xx_HAL_Driver/Src/stm32h7xx_hal_pwr_ex.c.obj
 .debug_ranges  0x000007c8       0xe8 CMakeFiles/ai_demo.elf.dir/Drivers/STM32H7xx_HAL_Driver/Src/stm32h7xx_hal_rcc.c.obj
 .debug_ranges  0x000008b0       0xe8 CMakeFiles/ai_demo.elf.dir/Drivers/STM32H7xx_HAL_Driver/Src/stm32h7xx_hal_rcc_ex.c.obj
 .debug_ranges  0x00000998      0x3d0 CMakeFiles/ai_demo.elf.dir/Drivers/STM32H7xx_HAL_Driver/Src/stm32h7xx_hal_tim.c.obj
 .debug_ranges  0x00000d68      0x188 CMakeFiles/ai_demo.elf.dir/Drivers/STM32H7xx_HAL_Driver/Src/stm32h7xx_hal_tim_ex.c.obj
 .debug_ranges  0x00000ef0      0x238 CMakeFiles/ai_demo.elf.dir/Drivers/STM32H7xx_HAL_Driver/Src/stm32h7xx_hal_uart.c.obj
 .debug_ranges  0x00001128       0x98 CMakeFiles/ai_demo.elf.dir/Drivers/STM32H7xx_HAL_Driver/Src/stm32h7xx_hal_uart_ex.c.obj

.debug_line     0x00000000    0x19212
 .debug_line    0x00000000      0x272 CMakeFiles/ai_demo.elf.dir/Code/all_init.c.obj
 .debug_line    0x00000272      0x203 CMakeFiles/ai_demo.elf.dir/Code/tim_callback.c.obj
 .debug_line    0x00000475      0x230 CMakeFiles/ai_demo.elf.dir/Code/uart_callback.c.obj
 .debug_line    0x000006a5      0x2a2 CMakeFiles/ai_demo.elf.dir/Core/Src/crc.c.obj
 .debug_line    0x00000947      0x2b2 CMakeFiles/ai_demo.elf.dir/Core/Src/dts.c.obj
 .debug_line    0x00000bf9      0x1fb CMakeFiles/ai_demo.elf.dir/Core/Src/gpio.c.obj
 .debug_line    0x00000df4      0x431 CMakeFiles/ai_demo.elf.dir/Core/Src/main.c.obj
 .debug_line    0x00001225      0x17e CMakeFiles/ai_demo.elf.dir/Core/Src/stm32h7xx_hal_msp.c.obj
 .debug_line    0x000013a3      0x37f CMakeFiles/ai_demo.elf.dir/Core/Src/stm32h7xx_it.c.obj
 .debug_line    0x00001722      0x410 CMakeFiles/ai_demo.elf.dir/Core/Src/system_stm32h7xx.c.obj
 .debug_line    0x00001b32      0x313 CMakeFiles/ai_demo.elf.dir/Core/Src/tim.c.obj
 .debug_line    0x00001e45      0x3ee CMakeFiles/ai_demo.elf.dir/Core/Src/usart.c.obj
 .debug_line    0x00002233       0xa0 CMakeFiles/ai_demo.elf.dir/Core/Startup/startup_stm32h723zgtx.s.obj
 .debug_line    0x000022d3      0x9b4 CMakeFiles/ai_demo.elf.dir/Drivers/STM32H7xx_HAL_Driver/Src/stm32h7xx_hal.c.obj
 .debug_line    0x00002c87      0x7e7 CMakeFiles/ai_demo.elf.dir/Drivers/STM32H7xx_HAL_Driver/Src/stm32h7xx_hal_cortex.c.obj
 .debug_line    0x0000346e      0x64a CMakeFiles/ai_demo.elf.dir/Drivers/STM32H7xx_HAL_Driver/Src/stm32h7xx_hal_crc.c.obj
 .debug_line    0x00003ab8      0x2f0 CMakeFiles/ai_demo.elf.dir/Drivers/STM32H7xx_HAL_Driver/Src/stm32h7xx_hal_crc_ex.c.obj
 .debug_line    0x00003da8     0x2473 CMakeFiles/ai_demo.elf.dir/Drivers/STM32H7xx_HAL_Driver/Src/stm32h7xx_hal_dma.c.obj
 .debug_line    0x0000621b      0x7aa CMakeFiles/ai_demo.elf.dir/Drivers/STM32H7xx_HAL_Driver/Src/stm32h7xx_hal_dts.c.obj
 .debug_line    0x000069c5      0x6ec CMakeFiles/ai_demo.elf.dir/Drivers/STM32H7xx_HAL_Driver/Src/stm32h7xx_hal_gpio.c.obj
 .debug_line    0x000070b1      0xa0b CMakeFiles/ai_demo.elf.dir/Drivers/STM32H7xx_HAL_Driver/Src/stm32h7xx_hal_pwr_ex.c.obj
 .debug_line    0x00007abc     0x1257 CMakeFiles/ai_demo.elf.dir/Drivers/STM32H7xx_HAL_Driver/Src/stm32h7xx_hal_rcc.c.obj
 .debug_line    0x00008d13     0x1e34 CMakeFiles/ai_demo.elf.dir/Drivers/STM32H7xx_HAL_Driver/Src/stm32h7xx_hal_rcc_ex.c.obj
 .debug_line    0x0000ab47     0x512c CMakeFiles/ai_demo.elf.dir/Drivers/STM32H7xx_HAL_Driver/Src/stm32h7xx_hal_tim.c.obj
 .debug_line    0x0000fc73     0x2128 CMakeFiles/ai_demo.elf.dir/Drivers/STM32H7xx_HAL_Driver/Src/stm32h7xx_hal_tim_ex.c.obj
 .debug_line    0x00011d9b     0x67ab CMakeFiles/ai_demo.elf.dir/Drivers/STM32H7xx_HAL_Driver/Src/stm32h7xx_hal_uart.c.obj
 .debug_line    0x00018546      0xccc CMakeFiles/ai_demo.elf.dir/Drivers/STM32H7xx_HAL_Driver/Src/stm32h7xx_hal_uart_ex.c.obj

.debug_str      0x00000000     0x67b9
 .debug_str     0x00000000      0xb28 CMakeFiles/ai_demo.elf.dir/Code/all_init.c.obj
                                0xc34 (size before relaxing)
 .debug_str     0x00000b28       0x5a CMakeFiles/ai_demo.elf.dir/Code/tim_callback.c.obj
                                0x840 (size before relaxing)
 .debug_str     0x00000b82       0x93 CMakeFiles/ai_demo.elf.dir/Code/uart_callback.c.obj
                                0x7e3 (size before relaxing)
 .debug_str     0x00000c15      0x3f2 CMakeFiles/ai_demo.elf.dir/Core/Src/crc.c.obj
                                0x60b (size before relaxing)
 .debug_str     0x00001007       0x6f CMakeFiles/ai_demo.elf.dir/Core/Src/dts.c.obj
                                0x5e8 (size before relaxing)
 .debug_str     0x00001076       0xa5 CMakeFiles/ai_demo.elf.dir/Core/Src/gpio.c.obj
                                0x4c7 (size before relaxing)
 .debug_str     0x0000111b      0x277 CMakeFiles/ai_demo.elf.dir/Core/Src/main.c.obj
                                0x4a8 (size before relaxing)
 .debug_str     0x00001392       0x44 CMakeFiles/ai_demo.elf.dir/Core/Src/stm32h7xx_hal_msp.c.obj
                                0x416 (size before relaxing)
 .debug_str     0x000013d6      0x11c CMakeFiles/ai_demo.elf.dir/Core/Src/stm32h7xx_it.c.obj
                                0xbbc (size before relaxing)
 .debug_str     0x000014f2      0x204 CMakeFiles/ai_demo.elf.dir/Core/Src/system_stm32h7xx.c.obj
                                0x5f0 (size before relaxing)
 .debug_str     0x000016f6      0x8da CMakeFiles/ai_demo.elf.dir/Core/Src/tim.c.obj
                               0x1363 (size before relaxing)
 .debug_str     0x00001fd0      0x408 CMakeFiles/ai_demo.elf.dir/Core/Src/usart.c.obj
                               0x1684 (size before relaxing)
 .debug_str     0x000023d8       0x4e CMakeFiles/ai_demo.elf.dir/Core/Startup/startup_stm32h723zgtx.s.obj
                                 0x7b (size before relaxing)
 .debug_str     0x00002426      0x91f CMakeFiles/ai_demo.elf.dir/Drivers/STM32H7xx_HAL_Driver/Src/stm32h7xx_hal.c.obj
                               0x15b6 (size before relaxing)
 .debug_str     0x00002d45      0x558 CMakeFiles/ai_demo.elf.dir/Drivers/STM32H7xx_HAL_Driver/Src/stm32h7xx_hal_cortex.c.obj
                               0x102d (size before relaxing)
 .debug_str     0x0000329d       0xe4 CMakeFiles/ai_demo.elf.dir/Drivers/STM32H7xx_HAL_Driver/Src/stm32h7xx_hal_crc.c.obj
                                0x4b6 (size before relaxing)
 .debug_str     0x00003381       0xbc CMakeFiles/ai_demo.elf.dir/Drivers/STM32H7xx_HAL_Driver/Src/stm32h7xx_hal_crc_ex.c.obj
                                0x45c (size before relaxing)
 .debug_str     0x0000343d      0x410 CMakeFiles/ai_demo.elf.dir/Drivers/STM32H7xx_HAL_Driver/Src/stm32h7xx_hal_dma.c.obj
                                0x97d (size before relaxing)
 .debug_str     0x0000384d      0x1a0 CMakeFiles/ai_demo.elf.dir/Drivers/STM32H7xx_HAL_Driver/Src/stm32h7xx_hal_dts.c.obj
                                0x57e (size before relaxing)
 .debug_str     0x000039ed       0xed CMakeFiles/ai_demo.elf.dir/Drivers/STM32H7xx_HAL_Driver/Src/stm32h7xx_hal_gpio.c.obj
                                0x6fa (size before relaxing)
 .debug_str     0x00003ada      0x53a CMakeFiles/ai_demo.elf.dir/Drivers/STM32H7xx_HAL_Driver/Src/stm32h7xx_hal_pwr_ex.c.obj
                                0x9d8 (size before relaxing)
 .debug_str     0x00004014      0x1aa CMakeFiles/ai_demo.elf.dir/Drivers/STM32H7xx_HAL_Driver/Src/stm32h7xx_hal_rcc.c.obj
                                0xa21 (size before relaxing)
 .debug_str     0x000041be      0x5c4 CMakeFiles/ai_demo.elf.dir/Drivers/STM32H7xx_HAL_Driver/Src/stm32h7xx_hal_rcc_ex.c.obj
                                0xf63 (size before relaxing)
 .debug_str     0x00004782      0xec8 CMakeFiles/ai_demo.elf.dir/Drivers/STM32H7xx_HAL_Driver/Src/stm32h7xx_hal_tim.c.obj
                               0x1847 (size before relaxing)
 .debug_str     0x0000564a      0x687 CMakeFiles/ai_demo.elf.dir/Drivers/STM32H7xx_HAL_Driver/Src/stm32h7xx_hal_tim_ex.c.obj
                               0x11c8 (size before relaxing)
 .debug_str     0x00005cd1      0x88e CMakeFiles/ai_demo.elf.dir/Drivers/STM32H7xx_HAL_Driver/Src/stm32h7xx_hal_uart.c.obj
                               0x14d7 (size before relaxing)
 .debug_str     0x0000655f      0x25a CMakeFiles/ai_demo.elf.dir/Drivers/STM32H7xx_HAL_Driver/Src/stm32h7xx_hal_uart_ex.c.obj
                                0xbc0 (size before relaxing)

.comment        0x00000000       0x49
 .comment       0x00000000       0x49 CMakeFiles/ai_demo.elf.dir/Code/all_init.c.obj
                                 0x4a (size before relaxing)
 .comment       0x00000049       0x4a CMakeFiles/ai_demo.elf.dir/Code/tim_callback.c.obj
 .comment       0x00000049       0x4a CMakeFiles/ai_demo.elf.dir/Code/uart_callback.c.obj
 .comment       0x00000049       0x4a CMakeFiles/ai_demo.elf.dir/Core/Src/crc.c.obj
 .comment       0x00000049       0x4a CMakeFiles/ai_demo.elf.dir/Core/Src/dts.c.obj
 .comment       0x00000049       0x4a CMakeFiles/ai_demo.elf.dir/Core/Src/gpio.c.obj
 .comment       0x00000049       0x4a CMakeFiles/ai_demo.elf.dir/Core/Src/main.c.obj
 .comment       0x00000049       0x4a CMakeFiles/ai_demo.elf.dir/Core/Src/stm32h7xx_hal_msp.c.obj
 .comment       0x00000049       0x4a CMakeFiles/ai_demo.elf.dir/Core/Src/stm32h7xx_it.c.obj
 .comment       0x00000049       0x4a CMakeFiles/ai_demo.elf.dir/Core/Src/system_stm32h7xx.c.obj
 .comment       0x00000049       0x4a CMakeFiles/ai_demo.elf.dir/Core/Src/tim.c.obj
 .comment       0x00000049       0x4a CMakeFiles/ai_demo.elf.dir/Core/Src/usart.c.obj
 .comment       0x00000049       0x4a CMakeFiles/ai_demo.elf.dir/Drivers/STM32H7xx_HAL_Driver/Src/stm32h7xx_hal.c.obj
 .comment       0x00000049       0x4a CMakeFiles/ai_demo.elf.dir/Drivers/STM32H7xx_HAL_Driver/Src/stm32h7xx_hal_cortex.c.obj
 .comment       0x00000049       0x4a CMakeFiles/ai_demo.elf.dir/Drivers/STM32H7xx_HAL_Driver/Src/stm32h7xx_hal_crc.c.obj
 .comment       0x00000049       0x4a CMakeFiles/ai_demo.elf.dir/Drivers/STM32H7xx_HAL_Driver/Src/stm32h7xx_hal_crc_ex.c.obj
 .comment       0x00000049       0x4a CMakeFiles/ai_demo.elf.dir/Drivers/STM32H7xx_HAL_Driver/Src/stm32h7xx_hal_dma.c.obj
 .comment       0x00000049       0x4a CMakeFiles/ai_demo.elf.dir/Drivers/STM32H7xx_HAL_Driver/Src/stm32h7xx_hal_dts.c.obj
 .comment       0x00000049       0x4a CMakeFiles/ai_demo.elf.dir/Drivers/STM32H7xx_HAL_Driver/Src/stm32h7xx_hal_gpio.c.obj
 .comment       0x00000049       0x4a CMakeFiles/ai_demo.elf.dir/Drivers/STM32H7xx_HAL_Driver/Src/stm32h7xx_hal_pwr_ex.c.obj
 .comment       0x00000049       0x4a CMakeFiles/ai_demo.elf.dir/Drivers/STM32H7xx_HAL_Driver/Src/stm32h7xx_hal_rcc.c.obj
 .comment       0x00000049       0x4a CMakeFiles/ai_demo.elf.dir/Drivers/STM32H7xx_HAL_Driver/Src/stm32h7xx_hal_rcc_ex.c.obj
 .comment       0x00000049       0x4a CMakeFiles/ai_demo.elf.dir/Drivers/STM32H7xx_HAL_Driver/Src/stm32h7xx_hal_tim.c.obj
 .comment       0x00000049       0x4a CMakeFiles/ai_demo.elf.dir/Drivers/STM32H7xx_HAL_Driver/Src/stm32h7xx_hal_tim_ex.c.obj
 .comment       0x00000049       0x4a CMakeFiles/ai_demo.elf.dir/Drivers/STM32H7xx_HAL_Driver/Src/stm32h7xx_hal_uart.c.obj
 .comment       0x00000049       0x4a CMakeFiles/ai_demo.elf.dir/Drivers/STM32H7xx_HAL_Driver/Src/stm32h7xx_hal_uart_ex.c.obj

.debug_frame    0x00000000     0x307c
 .debug_frame   0x00000000       0x28 CMakeFiles/ai_demo.elf.dir/Code/all_init.c.obj
 .debug_frame   0x00000028       0x20 CMakeFiles/ai_demo.elf.dir/Code/tim_callback.c.obj
 .debug_frame   0x00000048       0x28 CMakeFiles/ai_demo.elf.dir/Code/uart_callback.c.obj
 .debug_frame   0x00000070       0x50 CMakeFiles/ai_demo.elf.dir/Core/Src/crc.c.obj
 .debug_frame   0x000000c0       0x50 CMakeFiles/ai_demo.elf.dir/Core/Src/dts.c.obj
 .debug_frame   0x00000110       0x30 CMakeFiles/ai_demo.elf.dir/Core/Src/gpio.c.obj
 .debug_frame   0x00000140       0x58 CMakeFiles/ai_demo.elf.dir/Core/Src/main.c.obj
 .debug_frame   0x00000198       0x28 CMakeFiles/ai_demo.elf.dir/Core/Src/stm32h7xx_hal_msp.c.obj
 .debug_frame   0x000001c0       0xd8 CMakeFiles/ai_demo.elf.dir/Core/Src/stm32h7xx_it.c.obj
 .debug_frame   0x00000298       0x40 CMakeFiles/ai_demo.elf.dir/Core/Src/system_stm32h7xx.c.obj
 .debug_frame   0x000002d8       0x64 CMakeFiles/ai_demo.elf.dir/Core/Src/tim.c.obj
 .debug_frame   0x0000033c       0x64 CMakeFiles/ai_demo.elf.dir/Core/Src/usart.c.obj
 .debug_frame   0x000003a0      0x3c0 CMakeFiles/ai_demo.elf.dir/Drivers/STM32H7xx_HAL_Driver/Src/stm32h7xx_hal.c.obj
 .debug_frame   0x00000760      0x158 CMakeFiles/ai_demo.elf.dir/Drivers/STM32H7xx_HAL_Driver/Src/stm32h7xx_hal_cortex.c.obj
 .debug_frame   0x000008b8       0xe4 CMakeFiles/ai_demo.elf.dir/Drivers/STM32H7xx_HAL_Driver/Src/stm32h7xx_hal_crc.c.obj
 .debug_frame   0x0000099c       0x58 CMakeFiles/ai_demo.elf.dir/Drivers/STM32H7xx_HAL_Driver/Src/stm32h7xx_hal_crc_ex.c.obj
 .debug_frame   0x000009f4      0x1fc CMakeFiles/ai_demo.elf.dir/Drivers/STM32H7xx_HAL_Driver/Src/stm32h7xx_hal_dma.c.obj
 .debug_frame   0x00000bf0      0x194 CMakeFiles/ai_demo.elf.dir/Drivers/STM32H7xx_HAL_Driver/Src/stm32h7xx_hal_dts.c.obj
 .debug_frame   0x00000d84       0xd0 CMakeFiles/ai_demo.elf.dir/Drivers/STM32H7xx_HAL_Driver/Src/stm32h7xx_hal_gpio.c.obj
 .debug_frame   0x00000e54      0x2d4 CMakeFiles/ai_demo.elf.dir/Drivers/STM32H7xx_HAL_Driver/Src/stm32h7xx_hal_pwr_ex.c.obj
 .debug_frame   0x00001128      0x180 CMakeFiles/ai_demo.elf.dir/Drivers/STM32H7xx_HAL_Driver/Src/stm32h7xx_hal_rcc.c.obj
 .debug_frame   0x000012a8      0x284 CMakeFiles/ai_demo.elf.dir/Drivers/STM32H7xx_HAL_Driver/Src/stm32h7xx_hal_rcc_ex.c.obj
 .debug_frame   0x0000152c      0xb64 CMakeFiles/ai_demo.elf.dir/Drivers/STM32H7xx_HAL_Driver/Src/stm32h7xx_hal_tim.c.obj
 .debug_frame   0x00002090      0x4b0 CMakeFiles/ai_demo.elf.dir/Drivers/STM32H7xx_HAL_Driver/Src/stm32h7xx_hal_tim_ex.c.obj
 .debug_frame   0x00002540      0x680 CMakeFiles/ai_demo.elf.dir/Drivers/STM32H7xx_HAL_Driver/Src/stm32h7xx_hal_uart.c.obj
 .debug_frame   0x00002bc0      0x1c8 CMakeFiles/ai_demo.elf.dir/Drivers/STM32H7xx_HAL_Driver/Src/stm32h7xx_hal_uart_ex.c.obj
 .debug_frame   0x00002d88       0x4c c:/cube_clion/gcc-arm-none-eabi-10.3-2021.10/bin/../lib/gcc/arm-none-eabi/10.3.1/thumb/v7e-m/nofp\libgcc.a(_arm_addsubsf3.o)
 .debug_frame   0x00002dd4       0x38 c:/cube_clion/gcc-arm-none-eabi-10.3-2021.10/bin/../lib/gcc/arm-none-eabi/10.3.1/thumb/v7e-m/nofp\libgcc.a(_arm_muldivsf3.o)
 .debug_frame   0x00002e0c       0x24 c:/cube_clion/gcc-arm-none-eabi-10.3-2021.10/bin/../lib/gcc/arm-none-eabi/10.3.1/thumb/v7e-m/nofp\libgcc.a(_arm_fixunssfsi.o)
 .debug_frame   0x00002e30       0x2c c:/cube_clion/gcc-arm-none-eabi-10.3-2021.10/bin/../lib/gcc/arm-none-eabi/10.3.1/thumb/v7e-m/nofp\libgcc.a(_aeabi_uldivmod.o)
 .debug_frame   0x00002e5c       0x34 c:/cube_clion/gcc-arm-none-eabi-10.3-2021.10/bin/../lib/gcc/arm-none-eabi/10.3.1/thumb/v7e-m/nofp\libgcc.a(_udivmoddi4.o)
 .debug_frame   0x00002e90       0x2c c:/cube_clion/gcc-arm-none-eabi-10.3-2021.10/bin/../lib/gcc/arm-none-eabi/10.3.1/../../../../arm-none-eabi/lib/thumb/v7e-m/nofp\libg.a(lib_a-init.o)
 .debug_frame   0x00002ebc       0x2c c:/cube_clion/gcc-arm-none-eabi-10.3-2021.10/bin/../lib/gcc/arm-none-eabi/10.3.1/../../../../arm-none-eabi/lib/thumb/v7e-m/nofp\libg.a(lib_a-memset.o)
 .debug_frame   0x00002ee8       0x5c c:/cube_clion/gcc-arm-none-eabi-10.3-2021.10/bin/../lib/gcc/arm-none-eabi/10.3.1/../../../../arm-none-eabi/lib/thumb/v7e-m/nofp\libg.a(lib_a-__call_atexit.o)
 .debug_frame   0x00002f44       0x20 c:/cube_clion/gcc-arm-none-eabi-10.3-2021.10/bin/../lib/gcc/arm-none-eabi/10.3.1/../../../../arm-none-eabi/lib/thumb/v7e-m/nofp\libg.a(lib_a-atexit.o)
 .debug_frame   0x00002f64       0x34 c:/cube_clion/gcc-arm-none-eabi-10.3-2021.10/bin/../lib/gcc/arm-none-eabi/10.3.1/../../../../arm-none-eabi/lib/thumb/v7e-m/nofp\libg.a(lib_a-fini.o)
 .debug_frame   0x00002f98       0xb0 c:/cube_clion/gcc-arm-none-eabi-10.3-2021.10/bin/../lib/gcc/arm-none-eabi/10.3.1/../../../../arm-none-eabi/lib/thumb/v7e-m/nofp\libg.a(lib_a-lock.o)
 .debug_frame   0x00003048       0x34 c:/cube_clion/gcc-arm-none-eabi-10.3-2021.10/bin/../lib/gcc/arm-none-eabi/10.3.1/../../../../arm-none-eabi/lib/thumb/v7e-m/nofp\libg.a(lib_a-__atexit.o)

.debug_loc      0x00000000    0x13f2e
 .debug_loc     0x00000000       0x42 CMakeFiles/ai_demo.elf.dir/Code/uart_callback.c.obj
 .debug_loc     0x00000042      0x21e CMakeFiles/ai_demo.elf.dir/Core/Src/system_stm32h7xx.c.obj
 .debug_loc     0x00000260       0x67 CMakeFiles/ai_demo.elf.dir/Core/Src/tim.c.obj
 .debug_loc     0x000002c7       0x9e CMakeFiles/ai_demo.elf.dir/Core/Src/usart.c.obj
 .debug_loc     0x00000365      0x3fa CMakeFiles/ai_demo.elf.dir/Drivers/STM32H7xx_HAL_Driver/Src/stm32h7xx_hal.c.obj
 .debug_loc     0x0000075f      0x726 CMakeFiles/ai_demo.elf.dir/Drivers/STM32H7xx_HAL_Driver/Src/stm32h7xx_hal_cortex.c.obj
 .debug_loc     0x00000e85      0x5b5 CMakeFiles/ai_demo.elf.dir/Drivers/STM32H7xx_HAL_Driver/Src/stm32h7xx_hal_crc.c.obj
 .debug_loc     0x0000143a      0x244 CMakeFiles/ai_demo.elf.dir/Drivers/STM32H7xx_HAL_Driver/Src/stm32h7xx_hal_crc_ex.c.obj
 .debug_loc     0x0000167e      0xe96 CMakeFiles/ai_demo.elf.dir/Drivers/STM32H7xx_HAL_Driver/Src/stm32h7xx_hal_dma.c.obj
 .debug_loc     0x00002514      0x4b4 CMakeFiles/ai_demo.elf.dir/Drivers/STM32H7xx_HAL_Driver/Src/stm32h7xx_hal_dts.c.obj
 .debug_loc     0x000029c8      0x3c6 CMakeFiles/ai_demo.elf.dir/Drivers/STM32H7xx_HAL_Driver/Src/stm32h7xx_hal_gpio.c.obj
 .debug_loc     0x00002d8e      0x423 CMakeFiles/ai_demo.elf.dir/Drivers/STM32H7xx_HAL_Driver/Src/stm32h7xx_hal_pwr_ex.c.obj
 .debug_loc     0x000031b1      0x95a CMakeFiles/ai_demo.elf.dir/Drivers/STM32H7xx_HAL_Driver/Src/stm32h7xx_hal_rcc.c.obj
 .debug_loc     0x00003b0b     0x1d48 CMakeFiles/ai_demo.elf.dir/Drivers/STM32H7xx_HAL_Driver/Src/stm32h7xx_hal_rcc_ex.c.obj
 .debug_loc     0x00005853     0x56cc CMakeFiles/ai_demo.elf.dir/Drivers/STM32H7xx_HAL_Driver/Src/stm32h7xx_hal_tim.c.obj
 .debug_loc     0x0000af1f     0x268a CMakeFiles/ai_demo.elf.dir/Drivers/STM32H7xx_HAL_Driver/Src/stm32h7xx_hal_tim_ex.c.obj
 .debug_loc     0x0000d5a9     0x5de0 CMakeFiles/ai_demo.elf.dir/Drivers/STM32H7xx_HAL_Driver/Src/stm32h7xx_hal_uart.c.obj
 .debug_loc     0x00013389      0xba5 CMakeFiles/ai_demo.elf.dir/Drivers/STM32H7xx_HAL_Driver/Src/stm32h7xx_hal_uart_ex.c.obj
